OpenJDK 64-Bit Server VM (25.0-b70) for linux-amd64 JRE (1.8.0-internal-rbruno_2015_06_16_18_57-b00), built on Feb 13 2017 22:45:11 by "root" with gcc 4.6.4
Memory: 4k page, physical 35197500k(34060228k free), swap 0k(0k free)
CommandLine flags: -XX:ConcGCThreads=8 -XX:G1HeapWastePercent=25 -XX:G1RSetUpdatingPauseTimePercent=10 -XX:InitialHeapSize=4294967296 -XX:InitiatingHeapOccupancyPercent=50 -XX:MaxGCPauseMillis=100 -XX:MaxHeapSize=4294967296 -XX:ParallelGCThreads=8 -XX:+PrintGC -XX:+PrintGCDetails -XX:+PrintGCTimeStamps -XX:-TieredCompilation -XX:+UseCompressedClassPointers -XX:+UseCompressedOops -XX:+UseG1GC 
1.249: [GC pause (G1 Evacuation Pause) (young), 0.2511693 secs]
   [Parallel Time: 245.8 ms, GC Workers: 8]
      [GC Worker Start (ms): Min: 1248.8, Avg: 1254.5, Max: 1259.5, Diff: 10.7]
      [Ext Root Scanning (ms): Min: 0.0, Avg: 0.5, Max: 2.2, Diff: 2.2, Sum: 3.7]
      [Update RS (ms): Min: 43.7, Avg: 59.0, Max: 76.1, Diff: 32.4, Sum: 472.2]
         [Processed Buffers: Min: 2, Avg: 2.8, Max: 4, Diff: 2, Sum: 22]
      [Scan RS (ms): Min: 17.8, Avg: 36.8, Max: 52.7, Diff: 35.0, Sum: 294.6]
      [Code Root Scanning (ms): Min: 0.0, Avg: 0.0, Max: 0.1, Diff: 0.1, Sum: 0.2]
      [Object Copy (ms): Min: 130.9, Avg: 142.5, Max: 147.7, Diff: 16.8, Sum: 1140.1]
      [Termination (ms): Min: 0.0, Avg: 0.1, Max: 0.1, Diff: 0.1, Sum: 0.5]
      [GC Worker Other (ms): Min: 0.0, Avg: 0.1, Max: 0.4, Diff: 0.4, Sum: 0.9]
      [GC Worker Total (ms): Min: 233.9, Avg: 239.0, Max: 244.9, Diff: 11.0, Sum: 1912.2]
      [GC Worker End (ms): Min: 1493.4, Avg: 1493.5, Max: 1493.7, Diff: 0.3]
   [Code Root Fixup: 0.1 ms]
   [Code Root Migration: 0.1 ms]
   [Clear CT: 1.8 ms]
   [Other: 3.3 ms]
      [Choose CSet: 0.0 ms]
      [Ref Proc: 2.3 ms]
      [Ref Enq: 0.0 ms]
      [Free CSet: 0.3 ms]
   [Eden: 204.0M(204.0M)->0.0B(178.0M) Survivors: 0.0B->26.0M Heap: 222.1M(4096.0M)->119.1M(4096.0M)]
 [Times: user=0.79 sys=0.47, real=0.26 secs] 
2.213: [GC pause (G1 Evacuation Pause) (young), 0.1563492 secs]
   [Parallel Time: 150.2 ms, GC Workers: 8]
      [GC Worker Start (ms): Min: 2212.9, Avg: 2213.4, Max: 2213.8, Diff: 0.8]
      [Ext Root Scanning (ms): Min: 0.0, Avg: 0.2, Max: 1.1, Diff: 1.1, Sum: 1.8]
      [Update RS (ms): Min: 0.3, Avg: 0.6, Max: 1.0, Diff: 0.7, Sum: 4.7]
         [Processed Buffers: Min: 0, Avg: 1.1, Max: 2, Diff: 2, Sum: 9]
      [Scan RS (ms): Min: 28.4, Avg: 32.3, Max: 35.8, Diff: 7.4, Sum: 258.8]
      [Code Root Scanning (ms): Min: 0.0, Avg: 0.0, Max: 0.1, Diff: 0.1, Sum: 0.3]
      [Object Copy (ms): Min: 111.9, Avg: 115.6, Max: 119.9, Diff: 8.0, Sum: 925.0]
      [Termination (ms): Min: 0.0, Avg: 0.1, Max: 0.1, Diff: 0.1, Sum: 0.6]
      [GC Worker Other (ms): Min: 0.0, Avg: 0.1, Max: 0.2, Diff: 0.2, Sum: 0.6]
      [GC Worker Total (ms): Min: 148.6, Avg: 149.0, Max: 149.4, Diff: 0.8, Sum: 1191.8]
      [GC Worker End (ms): Min: 2362.3, Avg: 2362.3, Max: 2362.4, Diff: 0.1]
   [Code Root Fixup: 0.1 ms]
   [Code Root Migration: 0.1 ms]
   [Clear CT: 2.9 ms]
   [Other: 3.0 ms]
      [Choose CSet: 0.0 ms]
      [Ref Proc: 1.1 ms]
      [Ref Enq: 0.0 ms]
      [Free CSet: 0.7 ms]
   [Eden: 178.0M(178.0M)->0.0B(178.0M) Survivors: 26.0M->26.0M Heap: 323.1M(4096.0M)->230.0M(4096.0M)]
 [Times: user=1.00 sys=0.15, real=0.15 secs] 
3.072: [GC pause (G1 Evacuation Pause) (young), 0.1139794 secs]
   [Parallel Time: 107.6 ms, GC Workers: 8]
      [GC Worker Start (ms): Min: 3072.6, Avg: 3073.2, Max: 3074.8, Diff: 2.3]
      [Ext Root Scanning (ms): Min: 0.0, Avg: 0.3, Max: 0.7, Diff: 0.7, Sum: 2.5]
      [Update RS (ms): Min: 0.0, Avg: 2.0, Max: 6.6, Diff: 6.6, Sum: 15.7]
         [Processed Buffers: Min: 0, Avg: 1.2, Max: 2, Diff: 2, Sum: 10]
      [Scan RS (ms): Min: 27.6, Avg: 32.4, Max: 33.6, Diff: 6.0, Sum: 259.2]
      [Code Root Scanning (ms): Min: 0.0, Avg: 0.0, Max: 0.0, Diff: 0.0, Sum: 0.2]
      [Object Copy (ms): Min: 69.7, Avg: 70.2, Max: 72.0, Diff: 2.3, Sum: 561.3]
      [Termination (ms): Min: 0.0, Avg: 0.1, Max: 0.1, Diff: 0.1, Sum: 0.6]
      [GC Worker Other (ms): Min: 0.0, Avg: 0.0, Max: 0.1, Diff: 0.1, Sum: 0.3]
      [GC Worker Total (ms): Min: 103.3, Avg: 105.0, Max: 105.7, Diff: 2.3, Sum: 839.8]
      [GC Worker End (ms): Min: 3178.2, Avg: 3178.2, Max: 3178.2, Diff: 0.1]
   [Code Root Fixup: 0.0 ms]
   [Code Root Migration: 0.0 ms]
   [Clear CT: 2.0 ms]
   [Other: 4.4 ms]
      [Choose CSet: 0.0 ms]
      [Ref Proc: 2.2 ms]
      [Ref Enq: 0.0 ms]
      [Free CSet: 0.8 ms]
   [Eden: 178.0M(178.0M)->0.0B(178.0M) Survivors: 26.0M->26.0M Heap: 408.0M(4096.0M)->288.0M(4096.0M)]
 [Times: user=0.82 sys=0.03, real=0.11 secs] 
3.738: [GC pause (G1 Evacuation Pause) (young), 0.1074545 secs]
   [Parallel Time: 101.2 ms, GC Workers: 8]
      [GC Worker Start (ms): Min: 3737.9, Avg: 3743.1, Max: 3750.8, Diff: 12.9]
      [Ext Root Scanning (ms): Min: 0.0, Avg: 0.1, Max: 0.5, Diff: 0.5, Sum: 0.9]
      [Update RS (ms): Min: 0.0, Avg: 4.3, Max: 20.6, Diff: 20.6, Sum: 34.3]
         [Processed Buffers: Min: 0, Avg: 2.0, Max: 5, Diff: 5, Sum: 16]
      [Scan RS (ms): Min: 15.6, Avg: 27.1, Max: 31.0, Diff: 15.4, Sum: 217.0]
      [Code Root Scanning (ms): Min: 0.0, Avg: 0.0, Max: 0.0, Diff: 0.0, Sum: 0.2]
      [Object Copy (ms): Min: 63.0, Avg: 63.2, Max: 63.3, Diff: 0.3, Sum: 505.7]
      [Termination (ms): Min: 0.0, Avg: 0.1, Max: 0.2, Diff: 0.2, Sum: 0.9]
      [GC Worker Other (ms): Min: 0.0, Avg: 0.0, Max: 0.1, Diff: 0.1, Sum: 0.4]
      [GC Worker Total (ms): Min: 87.3, Avg: 94.9, Max: 100.1, Diff: 12.8, Sum: 759.2]
      [GC Worker End (ms): Min: 3838.0, Avg: 3838.0, Max: 3838.1, Diff: 0.1]
   [Code Root Fixup: 0.0 ms]
   [Code Root Migration: 0.0 ms]
   [Clear CT: 2.3 ms]
   [Other: 3.9 ms]
      [Choose CSet: 0.0 ms]
      [Ref Proc: 1.2 ms]
      [Ref Enq: 0.0 ms]
      [Free CSet: 1.1 ms]
   [Eden: 178.0M(178.0M)->0.0B(178.0M) Survivors: 26.0M->26.0M Heap: 466.0M(4096.0M)->354.0M(4096.0M)]
 [Times: user=0.71 sys=0.03, real=0.11 secs] 
4.631: [GC pause (G1 Evacuation Pause) (young), 0.6500600 secs]
   [Parallel Time: 643.7 ms, GC Workers: 8]
      [GC Worker Start (ms): Min: 4631.1, Avg: 4631.5, Max: 4632.0, Diff: 0.9]
      [Ext Root Scanning (ms): Min: 0.0, Avg: 0.3, Max: 0.7, Diff: 0.7, Sum: 2.3]
      [Update RS (ms): Min: 2.0, Avg: 2.8, Max: 3.4, Diff: 1.5, Sum: 22.5]
         [Processed Buffers: Min: 1, Avg: 2.0, Max: 3, Diff: 2, Sum: 16]
      [Scan RS (ms): Min: 422.1, Avg: 429.6, Max: 435.9, Diff: 13.9, Sum: 3436.6]
      [Code Root Scanning (ms): Min: 0.0, Avg: 0.1, Max: 0.1, Diff: 0.1, Sum: 0.7]
      [Object Copy (ms): Min: 202.4, Avg: 208.3, Max: 215.8, Diff: 13.4, Sum: 1666.2]
      [Termination (ms): Min: 0.0, Avg: 0.7, Max: 1.1, Diff: 1.1, Sum: 5.6]
      [GC Worker Other (ms): Min: 0.0, Avg: 0.0, Max: 0.1, Diff: 0.1, Sum: 0.4]
      [GC Worker Total (ms): Min: 641.4, Avg: 641.8, Max: 642.3, Diff: 0.9, Sum: 5134.4]
      [GC Worker End (ms): Min: 5273.3, Avg: 5273.3, Max: 5273.4, Diff: 0.1]
   [Code Root Fixup: 0.0 ms]
   [Code Root Migration: 0.0 ms]
   [Clear CT: 2.2 ms]
   [Other: 4.1 ms]
      [Choose CSet: 0.0 ms]
      [Ref Proc: 0.9 ms]
      [Ref Enq: 0.0 ms]
      [Free CSet: 0.7 ms]
   [Eden: 178.0M(178.0M)->0.0B(178.0M) Survivors: 26.0M->26.0M Heap: 541.0M(4096.0M)->521.0M(4096.0M)]
 [Times: user=2.06 sys=0.53, real=0.65 secs] 
5.994: [GC pause (G1 Evacuation Pause) (young), 1.3254481 secs]
   [Parallel Time: 1317.1 ms, GC Workers: 8]
      [GC Worker Start (ms): Min: 5994.5, Avg: 6003.3, Max: 6010.9, Diff: 16.4]
      [Ext Root Scanning (ms): Min: 0.0, Avg: 0.1, Max: 0.8, Diff: 0.8, Sum: 0.8]
      [Update RS (ms): Min: 0.0, Avg: 2.4, Max: 8.3, Diff: 8.3, Sum: 19.3]
         [Processed Buffers: Min: 0, Avg: 1.8, Max: 5, Diff: 5, Sum: 14]
      [Scan RS (ms): Min: 1126.3, Avg: 1134.0, Max: 1138.0, Diff: 11.7, Sum: 9072.3]
      [Code Root Scanning (ms): Min: 0.0, Avg: 0.1, Max: 0.1, Diff: 0.1, Sum: 0.8]
      [Object Copy (ms): Min: 166.6, Avg: 168.8, Max: 172.5, Diff: 5.8, Sum: 1350.2]
      [Termination (ms): Min: 0.0, Avg: 2.2, Max: 2.7, Diff: 2.7, Sum: 17.5]
      [GC Worker Other (ms): Min: 0.0, Avg: 0.1, Max: 0.3, Diff: 0.2, Sum: 1.0]
      [GC Worker Total (ms): Min: 1300.1, Avg: 1307.7, Max: 1316.7, Diff: 16.6, Sum: 10462.0]
      [GC Worker End (ms): Min: 7311.0, Avg: 7311.1, Max: 7311.2, Diff: 0.3]
   [Code Root Fixup: 0.0 ms]
   [Code Root Migration: 0.0 ms]
   [Clear CT: 1.6 ms]
   [Other: 6.7 ms]
      [Choose CSet: 0.0 ms]
      [Ref Proc: 1.6 ms]
      [Ref Enq: 0.0 ms]
      [Free CSet: 0.9 ms]
   [Eden: 178.0M(178.0M)->0.0B(178.0M) Survivors: 26.0M->26.0M Heap: 711.0M(4096.0M)->626.0M(4096.0M)]
 [Times: user=2.74 sys=1.45, real=1.33 secs] 
7.591: [GC pause (G1 Evacuation Pause) (young), 0.0793891 secs]
   [Parallel Time: 73.5 ms, GC Workers: 8]
      [GC Worker Start (ms): Min: 7591.2, Avg: 7591.7, Max: 7592.1, Diff: 0.9]
      [Ext Root Scanning (ms): Min: 0.0, Avg: 0.2, Max: 0.6, Diff: 0.6, Sum: 1.4]
      [Update RS (ms): Min: 0.6, Avg: 0.8, Max: 0.9, Diff: 0.3, Sum: 6.6]
         [Processed Buffers: Min: 0, Avg: 1.8, Max: 4, Diff: 4, Sum: 14]
      [Scan RS (ms): Min: 22.0, Avg: 22.1, Max: 22.2, Diff: 0.1, Sum: 176.9]
      [Code Root Scanning (ms): Min: 0.0, Avg: 0.0, Max: 0.1, Diff: 0.1, Sum: 0.3]
      [Object Copy (ms): Min: 48.8, Avg: 48.9, Max: 49.0, Diff: 0.2, Sum: 391.4]
      [Termination (ms): Min: 0.0, Avg: 0.0, Max: 0.0, Diff: 0.0, Sum: 0.1]
      [GC Worker Other (ms): Min: 0.0, Avg: 0.1, Max: 0.3, Diff: 0.3, Sum: 1.0]
      [GC Worker Total (ms): Min: 71.7, Avg: 72.2, Max: 72.6, Diff: 0.9, Sum: 577.6]
      [GC Worker End (ms): Min: 7663.8, Avg: 7663.9, Max: 7664.1, Diff: 0.3]
   [Code Root Fixup: 0.0 ms]
   [Code Root Migration: 0.0 ms]
   [Clear CT: 1.7 ms]
   [Other: 4.1 ms]
      [Choose CSet: 0.0 ms]
      [Ref Proc: 1.9 ms]
      [Ref Enq: 0.0 ms]
      [Free CSet: 0.6 ms]
   [Eden: 178.0M(178.0M)->0.0B(178.0M) Survivors: 26.0M->26.0M Heap: 807.0M(4096.0M)->665.0M(4096.0M)]
 [Times: user=0.57 sys=0.02, real=0.07 secs] 
8.970: [GC pause (G1 Evacuation Pause) (young), 0.0326218 secs]
   [Parallel Time: 27.4 ms, GC Workers: 8]
      [GC Worker Start (ms): Min: 8970.1, Avg: 8973.4, Max: 8975.3, Diff: 5.2]
      [Ext Root Scanning (ms): Min: 0.0, Avg: 0.8, Max: 4.9, Diff: 4.9, Sum: 6.1]
      [Update RS (ms): Min: 0.6, Avg: 2.8, Max: 12.0, Diff: 11.4, Sum: 22.7]
         [Processed Buffers: Min: 2, Avg: 2.5, Max: 4, Diff: 2, Sum: 20]
      [Scan RS (ms): Min: 0.0, Avg: 1.5, Max: 2.0, Diff: 2.0, Sum: 12.2]
      [Code Root Scanning (ms): Min: 0.0, Avg: 0.0, Max: 0.0, Diff: 0.0, Sum: 0.1]
      [Object Copy (ms): Min: 13.3, Avg: 18.2, Max: 19.3, Diff: 6.0, Sum: 145.5]
      [Termination (ms): Min: 0.0, Avg: 0.0, Max: 0.1, Diff: 0.1, Sum: 0.3]
      [GC Worker Other (ms): Min: 0.0, Avg: 0.1, Max: 0.2, Diff: 0.1, Sum: 0.7]
      [GC Worker Total (ms): Min: 21.5, Avg: 23.4, Max: 26.8, Diff: 5.4, Sum: 187.6]
      [GC Worker End (ms): Min: 8996.8, Avg: 8996.8, Max: 8996.9, Diff: 0.1]
   [Code Root Fixup: 0.1 ms]
   [Code Root Migration: 0.0 ms]
   [Clear CT: 2.0 ms]
   [Other: 3.1 ms]
      [Choose CSet: 0.0 ms]
      [Ref Proc: 2.5 ms]
      [Ref Enq: 0.0 ms]
      [Free CSet: 0.3 ms]
   [Eden: 178.0M(178.0M)->0.0B(200.0M) Survivors: 26.0M->4096.0K Heap: 905.4M(4096.0M)->734.4M(4096.0M)]
 [Times: user=0.18 sys=0.00, real=0.04 secs] 
12.065: [GC pause (G1 Evacuation Pause) (young), 0.0174966 secs]
   [Parallel Time: 6.5 ms, GC Workers: 8]
      [GC Worker Start (ms): Min: 12065.3, Avg: 12067.9, Max: 12071.3, Diff: 6.0]
      [Ext Root Scanning (ms): Min: 0.0, Avg: 0.2, Max: 0.6, Diff: 0.6, Sum: 1.4]
      [Update RS (ms): Min: 0.0, Avg: 1.7, Max: 3.3, Diff: 3.3, Sum: 13.6]
         [Processed Buffers: Min: 0, Avg: 2.6, Max: 5, Diff: 5, Sum: 21]
      [Scan RS (ms): Min: 0.0, Avg: 0.3, Max: 0.8, Diff: 0.8, Sum: 2.6]
      [Code Root Scanning (ms): Min: 0.0, Avg: 0.0, Max: 0.0, Diff: 0.0, Sum: 0.0]
      [Object Copy (ms): Min: 0.0, Avg: 0.4, Max: 0.7, Diff: 0.7, Sum: 2.8]
      [Termination (ms): Min: 0.0, Avg: 0.9, Max: 1.3, Diff: 1.3, Sum: 6.8]
      [GC Worker Other (ms): Min: 0.0, Avg: 0.0, Max: 0.1, Diff: 0.1, Sum: 0.3]
      [GC Worker Total (ms): Min: 0.0, Avg: 3.5, Max: 6.1, Diff: 6.1, Sum: 27.7]
      [GC Worker End (ms): Min: 12071.3, Avg: 12071.4, Max: 12071.4, Diff: 0.1]
   [Code Root Fixup: 0.0 ms]
   [Code Root Migration: 0.0 ms]
   [Clear CT: 1.8 ms]
   [Other: 9.3 ms]
      [Choose CSet: 0.0 ms]
      [Ref Proc: 8.3 ms]
      [Ref Enq: 0.0 ms]
      [Free CSet: 0.7 ms]
   [Eden: 200.0M(200.0M)->0.0B(198.0M) Survivors: 4096.0K->6144.0K Heap: 934.4M(4096.0M)->735.4M(4096.0M)]
 [Times: user=0.05 sys=0.00, real=0.02 secs] 
14.908: [GC pause (G1 Evacuation Pause) (young), 0.0246541 secs]
   [Parallel Time: 13.6 ms, GC Workers: 8]
      [GC Worker Start (ms): Min: 14907.8, Avg: 14916.1, Max: 14921.2, Diff: 13.4]
      [Ext Root Scanning (ms): Min: 0.0, Avg: 0.1, Max: 0.5, Diff: 0.5, Sum: 0.5]
      [Update RS (ms): Min: 0.0, Avg: 2.3, Max: 7.4, Diff: 7.4, Sum: 18.4]
         [Processed Buffers: Min: 0, Avg: 2.2, Max: 8, Diff: 8, Sum: 18]
      [Scan RS (ms): Min: 0.0, Avg: 0.3, Max: 0.9, Diff: 0.9, Sum: 2.6]
      [Code Root Scanning (ms): Min: 0.0, Avg: 0.0, Max: 0.0, Diff: 0.0, Sum: 0.0]
      [Object Copy (ms): Min: 0.0, Avg: 0.4, Max: 0.7, Diff: 0.7, Sum: 2.8]
      [Termination (ms): Min: 0.0, Avg: 2.1, Max: 4.0, Diff: 4.0, Sum: 16.6]
      [GC Worker Other (ms): Min: 0.0, Avg: 0.0, Max: 0.1, Diff: 0.1, Sum: 0.4]
      [GC Worker Total (ms): Min: 0.1, Avg: 5.2, Max: 13.5, Diff: 13.4, Sum: 41.5]
      [GC Worker End (ms): Min: 14921.2, Avg: 14921.3, Max: 14921.3, Diff: 0.0]
   [Code Root Fixup: 0.0 ms]
   [Code Root Migration: 0.0 ms]
   [Clear CT: 0.7 ms]
   [Other: 10.4 ms]
      [Choose CSet: 0.0 ms]
      [Ref Proc: 10.0 ms]
      [Ref Enq: 0.0 ms]
      [Free CSet: 0.2 ms]
   [Eden: 198.0M(198.0M)->0.0B(200.0M) Survivors: 6144.0K->4096.0K Heap: 933.4M(4096.0M)->733.3M(4096.0M)]
 [Times: user=0.07 sys=0.00, real=0.03 secs] 
18.053: [GC pause (G1 Evacuation Pause) (young), 0.0197898 secs]
   [Parallel Time: 8.2 ms, GC Workers: 8]
      [GC Worker Start (ms): Min: 18053.4, Avg: 18057.5, Max: 18061.4, Diff: 8.0]
      [Ext Root Scanning (ms): Min: 0.0, Avg: 0.1, Max: 0.7, Diff: 0.7, Sum: 1.1]
      [Update RS (ms): Min: 0.0, Avg: 2.7, Max: 5.7, Diff: 5.7, Sum: 21.7]
         [Processed Buffers: Min: 0, Avg: 3.1, Max: 8, Diff: 8, Sum: 25]
      [Scan RS (ms): Min: 0.0, Avg: 0.3, Max: 0.7, Diff: 0.7, Sum: 2.0]
      [Code Root Scanning (ms): Min: 0.0, Avg: 0.0, Max: 0.2, Diff: 0.2, Sum: 0.2]
      [Object Copy (ms): Min: 0.0, Avg: 0.5, Max: 0.9, Diff: 0.9, Sum: 4.2]
      [Termination (ms): Min: 0.0, Avg: 0.3, Max: 0.4, Diff: 0.4, Sum: 2.3]
      [GC Worker Other (ms): Min: 0.0, Avg: 0.1, Max: 0.2, Diff: 0.2, Sum: 0.5]
      [GC Worker Total (ms): Min: 0.0, Avg: 4.0, Max: 8.2, Diff: 8.2, Sum: 32.2]
      [GC Worker End (ms): Min: 18061.4, Avg: 18061.5, Max: 18061.6, Diff: 0.1]
   [Code Root Fixup: 0.0 ms]
   [Code Root Migration: 0.0 ms]
   [Clear CT: 2.5 ms]
   [Other: 9.1 ms]
      [Choose CSet: 0.0 ms]
      [Ref Proc: 8.6 ms]
      [Ref Enq: 0.0 ms]
      [Free CSet: 0.3 ms]
   [Eden: 200.0M(200.0M)->0.0B(200.0M) Survivors: 4096.0K->4096.0K Heap: 933.3M(4096.0M)->734.3M(4096.0M)]
 [Times: user=0.07 sys=0.00, real=0.02 secs] 
21.498: [GC pause (G1 Evacuation Pause) (young), 0.0222336 secs]
   [Parallel Time: 17.9 ms, GC Workers: 8]
      [GC Worker Start (ms): Min: 21498.2, Avg: 21508.7, Max: 21512.0, Diff: 13.8]
      [Ext Root Scanning (ms): Min: 0.0, Avg: 0.1, Max: 0.5, Diff: 0.5, Sum: 0.6]
      [Update RS (ms): Min: 0.0, Avg: 1.7, Max: 8.8, Diff: 8.8, Sum: 13.9]
         [Processed Buffers: Min: 0, Avg: 2.6, Max: 12, Diff: 12, Sum: 21]
      [Scan RS (ms): Min: 0.0, Avg: 0.4, Max: 1.9, Diff: 1.9, Sum: 3.6]
      [Code Root Scanning (ms): Min: 0.0, Avg: 0.0, Max: 0.0, Diff: 0.0, Sum: 0.0]
      [Object Copy (ms): Min: 0.0, Avg: 1.6, Max: 5.6, Diff: 5.6, Sum: 13.1]
      [Termination (ms): Min: 0.0, Avg: 2.6, Max: 3.5, Diff: 3.5, Sum: 20.8]
      [GC Worker Other (ms): Min: 0.0, Avg: 0.0, Max: 0.1, Diff: 0.1, Sum: 0.2]
      [GC Worker Total (ms): Min: 3.3, Avg: 6.5, Max: 17.1, Diff: 13.8, Sum: 52.1]
      [GC Worker End (ms): Min: 21515.2, Avg: 21515.2, Max: 21515.3, Diff: 0.0]
   [Code Root Fixup: 0.0 ms]
   [Code Root Migration: 0.0 ms]
   [Clear CT: 1.6 ms]
   [Other: 2.6 ms]
      [Choose CSet: 0.0 ms]
      [Ref Proc: 1.7 ms]
      [Ref Enq: 0.0 ms]
      [Free CSet: 0.7 ms]
   [Eden: 200.0M(200.0M)->0.0B(200.0M) Survivors: 4096.0K->4096.0K Heap: 934.3M(4096.0M)->733.7M(4096.0M)]
 [Times: user=0.04 sys=0.00, real=0.03 secs] 
24.076: [Full GC (System.gc())  893M->587M(4096M), 2.7168410 secs]
   [Eden: 160.0M(200.0M)->0.0B(204.0M) Survivors: 4096.0K->0.0B Heap: 893.5M(4096.0M)->587.2M(4096.0M)], [Metaspace: 4629K->4629K(1056768K)]
 [Times: user=3.62 sys=0.13, real=2.72 secs] 
30.016: [GC pause (G1 Evacuation Pause) (young), 0.0156239 secs]
   [Parallel Time: 6.4 ms, GC Workers: 8]
      [GC Worker Start (ms): Min: 30016.4, Avg: 30017.6, Max: 30019.1, Diff: 2.7]
      [Ext Root Scanning (ms): Min: 0.0, Avg: 0.2, Max: 0.7, Diff: 0.7, Sum: 1.6]
      [Update RS (ms): Min: 0.7, Avg: 2.3, Max: 4.4, Diff: 3.7, Sum: 18.6]
         [Processed Buffers: Min: 2, Avg: 2.9, Max: 4, Diff: 2, Sum: 23]
      [Scan RS (ms): Min: 0.0, Avg: 0.4, Max: 0.6, Diff: 0.6, Sum: 3.0]
      [Code Root Scanning (ms): Min: 0.0, Avg: 0.0, Max: 0.0, Diff: 0.0, Sum: 0.0]
      [Object Copy (ms): Min: 0.0, Avg: 0.5, Max: 0.7, Diff: 0.7, Sum: 3.8]
      [Termination (ms): Min: 0.0, Avg: 0.6, Max: 0.9, Diff: 0.9, Sum: 5.1]
      [GC Worker Other (ms): Min: -0.0, Avg: 0.0, Max: 0.1, Diff: 0.1, Sum: 0.3]
      [GC Worker Total (ms): Min: 2.6, Avg: 4.1, Max: 5.3, Diff: 2.7, Sum: 32.5]
      [GC Worker End (ms): Min: 30021.6, Avg: 30021.7, Max: 30021.7, Diff: 0.1]
   [Code Root Fixup: 0.0 ms]
   [Code Root Migration: 0.0 ms]
   [Clear CT: 2.0 ms]
   [Other: 7.1 ms]
      [Choose CSet: 0.0 ms]
      [Ref Proc: 5.9 ms]
      [Ref Enq: 0.0 ms]
      [Free CSet: 1.1 ms]
   [Eden: 204.0M(204.0M)->0.0B(234.0M) Survivors: 0.0B->2048.0K Heap: 791.2M(4096.0M)->588.8M(4096.0M)]
 [Times: user=0.05 sys=0.00, real=0.02 secs] 
33.587: [GC pause (G1 Evacuation Pause) (young), 0.0321699 secs]
   [Parallel Time: 21.1 ms, GC Workers: 8]
      [GC Worker Start (ms): Min: 33587.2, Avg: 33598.1, Max: 33607.3, Diff: 20.2]
      [Ext Root Scanning (ms): Min: 0.0, Avg: 0.1, Max: 0.5, Diff: 0.5, Sum: 0.5]
      [Update RS (ms): Min: 0.0, Avg: 1.9, Max: 9.2, Diff: 9.2, Sum: 14.8]
         [Processed Buffers: Min: 0, Avg: 3.4, Max: 16, Diff: 16, Sum: 27]
      [Scan RS (ms): Min: 0.0, Avg: 0.4, Max: 1.7, Diff: 1.7, Sum: 3.2]
      [Code Root Scanning (ms): Min: 0.0, Avg: 0.0, Max: 0.0, Diff: 0.0, Sum: 0.0]
      [Object Copy (ms): Min: 0.0, Avg: 0.7, Max: 2.0, Diff: 2.0, Sum: 5.5]
      [Termination (ms): Min: 0.0, Avg: 6.3, Max: 7.7, Diff: 7.7, Sum: 50.2]
      [GC Worker Other (ms): Min: 0.0, Avg: 0.0, Max: 0.0, Diff: 0.0, Sum: 0.2]
      [GC Worker Total (ms): Min: 0.0, Avg: 9.3, Max: 20.2, Diff: 20.2, Sum: 74.4]
      [GC Worker End (ms): Min: 33607.4, Avg: 33607.4, Max: 33607.4, Diff: 0.0]
   [Code Root Fixup: 0.0 ms]
   [Code Root Migration: 0.0 ms]
   [Clear CT: 2.1 ms]
   [Other: 9.0 ms]
      [Choose CSet: 0.0 ms]
      [Ref Proc: 7.7 ms]
      [Ref Enq: 0.0 ms]
      [Free CSet: 1.1 ms]
   [Eden: 234.0M(234.0M)->0.0B(2454.0M) Survivors: 2048.0K->2048.0K Heap: 822.8M(4096.0M)->588.1M(4096.0M)]
 [Times: user=0.07 sys=0.01, real=0.04 secs] 
46.586: [Full GC (System.gc())  1408M->587M(4096M), 2.7270181 secs]
   [Eden: 820.0M(2454.0M)->0.0B(2456.0M) Survivors: 2048.0K->0.0B Heap: 1408.0M(4096.0M)->587.9M(4096.0M)], [Metaspace: 4632K->4632K(1056768K)]
 [Times: user=3.62 sys=0.00, real=2.73 secs] 
74.591: [Full GC (System.gc())  2176M->588M(4096M), 2.7375834 secs]
   [Eden: 1590.0M(2456.0M)->0.0B(2456.0M) Survivors: 0.0B->0.0B Heap: 2176.1M(4096.0M)->588.5M(4096.0M)], [Metaspace: 4632K->4632K(1056768K)]
 [Times: user=3.69 sys=0.02, real=2.73 secs] 
106.039: [Full GC (System.gc())  2401M->589M(4096M), 2.9888900 secs]
   [Eden: 1814.0M(2456.0M)->0.0B(2456.0M) Survivors: 0.0B->0.0B Heap: 2401.1M(4096.0M)->589.0M(4096.0M)], [Metaspace: 4632K->4632K(1056768K)]
 [Times: user=3.88 sys=0.01, real=2.98 secs] 
140.050: [Full GC (System.gc())  2476M->589M(4096M), 2.8005459 secs]
   [Eden: 1888.0M(2456.0M)->0.0B(2456.0M) Survivors: 0.0B->0.0B Heap: 2476.4M(4096.0M)->589.6M(4096.0M)], [Metaspace: 4632K->4632K(1056768K)]
 [Times: user=3.70 sys=0.00, real=2.80 secs] 
175.538: [Full GC (System.gc())  2553M->590M(4096M), 2.9560020 secs]
   [Eden: 1964.0M(2456.0M)->0.0B(2456.0M) Survivors: 0.0B->0.0B Heap: 2553.0M(4096.0M)->590.1M(4096.0M)], [Metaspace: 4632K->4632K(1056768K)]
 [Times: user=3.85 sys=0.02, real=2.96 secs] 
209.479: [GC pause (G1 Evacuation Pause) (young), 0.0253774 secs]
   [Parallel Time: 14.1 ms, GC Workers: 8]
      [GC Worker Start (ms): Min: 209479.8, Avg: 209483.9, Max: 209492.6, Diff: 12.9]
      [Ext Root Scanning (ms): Min: 0.0, Avg: 0.0, Max: 0.2, Diff: 0.2, Sum: 0.3]
      [Update RS (ms): Min: 0.0, Avg: 3.3, Max: 11.2, Diff: 11.2, Sum: 26.1]
         [Processed Buffers: Min: 0, Avg: 3.1, Max: 5, Diff: 5, Sum: 25]
      [Scan RS (ms): Min: 0.1, Avg: 3.0, Max: 4.1, Diff: 4.0, Sum: 24.0]
      [Code Root Scanning (ms): Min: 0.0, Avg: 0.1, Max: 0.1, Diff: 0.1, Sum: 0.5]
      [Object Copy (ms): Min: 0.0, Avg: 2.3, Max: 3.0, Diff: 3.0, Sum: 18.5]
      [Termination (ms): Min: 0.0, Avg: 0.3, Max: 0.8, Diff: 0.8, Sum: 2.7]
      [GC Worker Other (ms): Min: 0.0, Avg: 0.3, Max: 0.6, Diff: 0.6, Sum: 2.1]
      [GC Worker Total (ms): Min: 0.3, Avg: 9.3, Max: 13.3, Diff: 12.9, Sum: 74.0]
      [GC Worker End (ms): Min: 209492.9, Avg: 209493.2, Max: 209493.6, Diff: 0.6]
   [Code Root Fixup: 0.0 ms]
   [Code Root Migration: 0.0 ms]
   [Clear CT: 2.1 ms]
   [Other: 9.2 ms]
      [Choose CSet: 0.0 ms]
      [Ref Proc: 1.4 ms]
      [Ref Enq: 0.0 ms]
      [Free CSet: 6.9 ms]
   [Eden: 1850.0M(1722.0M)->0.0B(1320.0M) Survivors: 0.0B->6144.0K Heap: 2440.1M(4096.0M)->594.2M(4096.0M)]
 [Times: user=0.08 sys=0.00, real=0.02 secs] 
213.871: [Full GC (System.gc())  855M->590M(4096M), 2.5096884 secs]
   [Eden: 262.0M(1320.0M)->0.0B(1644.0M) Survivors: 6144.0K->0.0B Heap: 855.9M(4096.0M)->590.5M(4096.0M)], [Metaspace: 4632K->4632K(1056768K)]
 [Times: user=3.39 sys=0.00, real=2.51 secs] 
243.241: [GC pause (G1 Evacuation Pause) (young), 0.0276232 secs]
   [Parallel Time: 17.9 ms, GC Workers: 8]
      [GC Worker Start (ms): Min: 243241.3, Avg: 243247.6, Max: 243258.7, Diff: 17.5]
      [Ext Root Scanning (ms): Min: 0.0, Avg: 0.1, Max: 0.4, Diff: 0.4, Sum: 0.5]
      [Update RS (ms): Min: 0.0, Avg: 3.4, Max: 9.4, Diff: 9.4, Sum: 27.4]
         [Processed Buffers: Min: 0, Avg: 3.4, Max: 10, Diff: 10, Sum: 27]
      [Scan RS (ms): Min: 0.1, Avg: 3.6, Max: 8.3, Diff: 8.2, Sum: 28.8]
      [Code Root Scanning (ms): Min: 0.0, Avg: 0.0, Max: 0.1, Diff: 0.1, Sum: 0.4]
      [Object Copy (ms): Min: 0.0, Avg: 2.8, Max: 3.8, Diff: 3.8, Sum: 22.8]
      [Termination (ms): Min: 0.0, Avg: 1.4, Max: 1.7, Diff: 1.7, Sum: 11.0]
      [GC Worker Other (ms): Min: 0.0, Avg: 0.1, Max: 0.2, Diff: 0.2, Sum: 0.6]
      [GC Worker Total (ms): Min: 0.2, Avg: 11.4, Max: 17.7, Diff: 17.6, Sum: 91.4]
      [GC Worker End (ms): Min: 243258.9, Avg: 243259.0, Max: 243259.1, Diff: 0.2]
   [Code Root Fixup: 0.0 ms]
   [Code Root Migration: 0.0 ms]
   [Clear CT: 1.8 ms]
   [Other: 7.9 ms]
      [Choose CSet: 0.0 ms]
      [Ref Proc: 2.3 ms]
      [Ref Enq: 0.0 ms]
      [Free CSet: 4.9 ms]
   [Eden: 1644.0M(1644.0M)->0.0B(1076.0M) Survivors: 0.0B->6144.0K Heap: 2234.5M(4096.0M)->595.6M(4096.0M)]
 [Times: user=0.09 sys=0.00, real=0.02 secs] 
253.532: [Full GC (System.gc())  1220M->590M(4096M), 2.6809255 secs]
   [Eden: 626.0M(1076.0M)->0.0B(1522.0M) Survivors: 6144.0K->0.0B Heap: 1220.1M(4096.0M)->591.0M(4096.0M)], [Metaspace: 4632K->4632K(1056768K)]
 [Times: user=3.57 sys=0.00, real=2.68 secs] 
280.603: [GC pause (G1 Evacuation Pause) (young), 0.0313036 secs]
   [Parallel Time: 22.2 ms, GC Workers: 8]
      [GC Worker Start (ms): Min: 280603.5, Avg: 280613.2, Max: 280622.8, Diff: 19.3]
      [Ext Root Scanning (ms): Min: 0.0, Avg: 0.0, Max: 0.0, Diff: 0.0, Sum: 0.0]
      [Update RS (ms): Min: 0.0, Avg: 5.4, Max: 14.2, Diff: 14.2, Sum: 43.3]
         [Processed Buffers: Min: 0, Avg: 4.4, Max: 10, Diff: 10, Sum: 35]
      [Scan RS (ms): Min: 0.0, Avg: 2.1, Max: 4.2, Diff: 4.2, Sum: 16.5]
      [Code Root Scanning (ms): Min: 0.0, Avg: 0.0, Max: 0.1, Diff: 0.1, Sum: 0.3]
      [Object Copy (ms): Min: 0.0, Avg: 3.0, Max: 4.2, Diff: 4.2, Sum: 24.1]
      [Termination (ms): Min: 0.0, Avg: 0.6, Max: 0.9, Diff: 0.9, Sum: 4.6]
      [GC Worker Other (ms): Min: 0.0, Avg: 0.1, Max: 0.3, Diff: 0.3, Sum: 0.7]
      [GC Worker Total (ms): Min: 1.6, Avg: 11.2, Max: 21.0, Diff: 19.4, Sum: 89.6]
      [GC Worker End (ms): Min: 280624.3, Avg: 280624.4, Max: 280624.6, Diff: 0.3]
   [Code Root Fixup: 0.0 ms]
   [Code Root Migration: 0.2 ms]
   [Clear CT: 2.9 ms]
   [Other: 6.0 ms]
      [Choose CSet: 0.0 ms]
      [Ref Proc: 1.8 ms]
      [Ref Enq: 0.0 ms]
      [Free CSet: 3.7 ms]
   [Eden: 1522.0M(1522.0M)->0.0B(2450.0M) Survivors: 0.0B->6144.0K Heap: 2113.0M(4096.0M)->596.2M(4096.0M)]
 [Times: user=0.08 sys=0.00, real=0.03 secs] 
300.077: [Full GC (System.gc())  1773M->591M(4096M), 2.6753000 secs]
   [Eden: 1178.0M(2450.0M)->0.0B(2456.0M) Survivors: 6144.0K->0.0B Heap: 1773.8M(4096.0M)->591.5M(4096.0M)], [Metaspace: 4632K->4632K(1056768K)]
 [Times: user=3.58 sys=0.01, real=2.68 secs] 
342.295: [GC pause (G1 Evacuation Pause) (young), 0.0618914 secs]
   [Parallel Time: 44.4 ms, GC Workers: 8]
      [GC Worker Start (ms): Min: 342295.8, Avg: 342310.1, Max: 342326.8, Diff: 31.0]
      [Ext Root Scanning (ms): Min: 0.0, Avg: 0.1, Max: 0.5, Diff: 0.5, Sum: 0.5]
      [Update RS (ms): Min: 0.0, Avg: 2.7, Max: 8.8, Diff: 8.8, Sum: 21.9]
         [Processed Buffers: Min: 0, Avg: 3.4, Max: 11, Diff: 11, Sum: 27]
      [Scan RS (ms): Min: 0.2, Avg: 3.2, Max: 6.8, Diff: 6.6, Sum: 25.3]
      [Code Root Scanning (ms): Min: 0.0, Avg: 0.1, Max: 0.2, Diff: 0.2, Sum: 0.6]
      [Object Copy (ms): Min: 0.0, Avg: 6.8, Max: 26.4, Diff: 26.4, Sum: 54.6]
      [Termination (ms): Min: 0.0, Avg: 15.6, Max: 19.8, Diff: 19.8, Sum: 124.8]
      [GC Worker Other (ms): Min: 0.0, Avg: 0.0, Max: 0.1, Diff: 0.1, Sum: 0.3]
      [GC Worker Total (ms): Min: 11.8, Avg: 28.5, Max: 42.8, Diff: 31.0, Sum: 228.0]
      [GC Worker End (ms): Min: 342338.5, Avg: 342338.6, Max: 342338.7, Diff: 0.2]
   [Code Root Fixup: 0.0 ms]
   [Code Root Migration: 0.1 ms]
   [Clear CT: 2.3 ms]
   [Other: 15.1 ms]
      [Choose CSet: 0.0 ms]
      [Ref Proc: 8.1 ms]
      [Ref Enq: 0.0 ms]
      [Free CSet: 6.9 ms]
   [Eden: 2456.0M(2456.0M)->0.0B(2448.0M) Survivors: 0.0B->8192.0K Heap: 3047.5M(4096.0M)->598.6M(4096.0M)]
 [Times: user=0.28 sys=0.01, real=0.06 secs] 
343.832: [Full GC (System.gc())  686M->592M(4096M), 2.2297181 secs]
   [Eden: 88.0M(2448.0M)->0.0B(2456.0M) Survivors: 8192.0K->0.0B Heap: 686.1M(4096.0M)->592.0M(4096.0M)], [Metaspace: 4632K->4632K(1056768K)]
 [Times: user=3.12 sys=0.00, real=2.23 secs] 
384.420: [GC pause (G1 Evacuation Pause) (young), 0.0287241 secs]
   [Parallel Time: 18.7 ms, GC Workers: 8]
      [GC Worker Start (ms): Min: 384419.6, Avg: 384427.5, Max: 384437.9, Diff: 18.2]
      [Ext Root Scanning (ms): Min: 0.0, Avg: 0.1, Max: 0.5, Diff: 0.5, Sum: 0.5]
      [Update RS (ms): Min: 0.0, Avg: 3.5, Max: 8.7, Diff: 8.7, Sum: 27.7]
         [Processed Buffers: Min: 0, Avg: 4.9, Max: 9, Diff: 9, Sum: 39]
      [Scan RS (ms): Min: 0.1, Avg: 2.9, Max: 4.4, Diff: 4.3, Sum: 23.6]
      [Code Root Scanning (ms): Min: 0.0, Avg: 0.1, Max: 0.1, Diff: 0.1, Sum: 0.5]
      [Object Copy (ms): Min: 0.0, Avg: 3.7, Max: 4.7, Diff: 4.7, Sum: 29.4]
      [Termination (ms): Min: 0.0, Avg: 0.3, Max: 0.3, Diff: 0.3, Sum: 2.2]
      [GC Worker Other (ms): Min: 0.0, Avg: 0.1, Max: 0.3, Diff: 0.3, Sum: 0.7]
      [GC Worker Total (ms): Min: 0.1, Avg: 10.6, Max: 18.4, Diff: 18.2, Sum: 84.5]
      [GC Worker End (ms): Min: 384438.0, Avg: 384438.1, Max: 384438.3, Diff: 0.3]
   [Code Root Fixup: 0.0 ms]
   [Code Root Migration: 0.0 ms]
   [Clear CT: 2.5 ms]
   [Other: 7.6 ms]
      [Choose CSet: 0.0 ms]
      [Ref Proc: 2.3 ms]
      [Ref Enq: 0.0 ms]
      [Free CSet: 5.2 ms]
   [Eden: 2456.0M(2456.0M)->0.0B(2448.0M) Survivors: 0.0B->8192.0K Heap: 3048.0M(4096.0M)->599.9M(4096.0M)]
 [Times: user=0.10 sys=0.00, real=0.02 secs] 
399.399: [Full GC (System.gc())  1554M->592M(4096M), 2.5890436 secs]
   [Eden: 956.0M(2448.0M)->0.0B(2456.0M) Survivors: 8192.0K->0.0B Heap: 1554.2M(4096.0M)->592.5M(4096.0M)], [Metaspace: 4632K->4632K(1056768K)]
 [Times: user=3.46 sys=0.01, real=2.58 secs] 
440.787: [GC pause (G1 Evacuation Pause) (young), 0.0334745 secs]
   [Parallel Time: 20.7 ms, GC Workers: 8]
      [GC Worker Start (ms): Min: 440787.3, Avg: 440794.5, Max: 440806.2, Diff: 18.9]
      [Ext Root Scanning (ms): Min: 0.0, Avg: 0.1, Max: 0.4, Diff: 0.4, Sum: 0.9]
      [Update RS (ms): Min: 0.0, Avg: 5.8, Max: 15.0, Diff: 15.0, Sum: 46.2]
         [Processed Buffers: Min: 0, Avg: 5.6, Max: 13, Diff: 13, Sum: 45]
      [Scan RS (ms): Min: 0.1, Avg: 2.4, Max: 4.0, Diff: 3.9, Sum: 19.2]
      [Code Root Scanning (ms): Min: 0.0, Avg: 0.0, Max: 0.1, Diff: 0.1, Sum: 0.3]
      [Object Copy (ms): Min: 0.0, Avg: 3.0, Max: 4.2, Diff: 4.2, Sum: 23.8]
      [Termination (ms): Min: 0.0, Avg: 0.9, Max: 1.2, Diff: 1.2, Sum: 6.9]
      [GC Worker Other (ms): Min: -0.0, Avg: 0.0, Max: 0.0, Diff: 0.0, Sum: 0.1]
      [GC Worker Total (ms): Min: 0.5, Avg: 12.2, Max: 19.4, Diff: 18.9, Sum: 97.3]
      [GC Worker End (ms): Min: 440806.7, Avg: 440806.7, Max: 440807.1, Diff: 0.4]
   [Code Root Fixup: 0.0 ms]
   [Code Root Migration: 0.5 ms]
   [Clear CT: 2.3 ms]
   [Other: 10.1 ms]
      [Choose CSet: 0.0 ms]
      [Ref Proc: 8.0 ms]
      [Ref Enq: 0.0 ms]
      [Free CSet: 2.0 ms]
   [Eden: 2456.0M(2456.0M)->0.0B(2448.0M) Survivors: 0.0B->8192.0K Heap: 3048.5M(4096.0M)->599.2M(4096.0M)]
 [Times: user=0.12 sys=0.00, real=0.04 secs] 
454.842: [Full GC (System.gc())  1478M->593M(4096M), 2.6352936 secs]
   [Eden: 880.0M(2448.0M)->0.0B(2456.0M) Survivors: 8192.0K->0.0B Heap: 1478.4M(4096.0M)->593.1M(4096.0M)], [Metaspace: 4632K->4632K(1056768K)]
 [Times: user=3.54 sys=0.01, real=2.63 secs] 
496.840: [GC pause (G1 Evacuation Pause) (young), 0.0337188 secs]
   [Parallel Time: 24.6 ms, GC Workers: 8]
      [GC Worker Start (ms): Min: 496840.4, Avg: 496850.3, Max: 496862.4, Diff: 22.1]
      [Ext Root Scanning (ms): Min: 0.0, Avg: 0.0, Max: 0.4, Diff: 0.4, Sum: 0.4]
      [Update RS (ms): Min: 0.0, Avg: 6.0, Max: 19.9, Diff: 19.9, Sum: 48.2]
         [Processed Buffers: Min: 0, Avg: 5.4, Max: 16, Diff: 16, Sum: 43]
      [Scan RS (ms): Min: 0.1, Avg: 2.8, Max: 4.9, Diff: 4.8, Sum: 22.1]
      [Code Root Scanning (ms): Min: 0.0, Avg: 0.0, Max: 0.1, Diff: 0.1, Sum: 0.3]
      [Object Copy (ms): Min: 0.0, Avg: 3.4, Max: 4.8, Diff: 4.8, Sum: 27.1]
      [Termination (ms): Min: 0.0, Avg: 1.1, Max: 1.3, Diff: 1.3, Sum: 8.7]
      [GC Worker Other (ms): Min: 0.0, Avg: 0.1, Max: 0.2, Diff: 0.2, Sum: 0.7]
      [GC Worker Total (ms): Min: 1.4, Avg: 13.4, Max: 23.3, Diff: 21.9, Sum: 107.6]
      [GC Worker End (ms): Min: 496863.6, Avg: 496863.7, Max: 496863.8, Diff: 0.2]
   [Code Root Fixup: 0.0 ms]
   [Code Root Migration: 0.6 ms]
   [Clear CT: 2.0 ms]
   [Other: 6.6 ms]
      [Choose CSet: 0.0 ms]
      [Ref Proc: 1.5 ms]
      [Ref Enq: 0.0 ms]
      [Free CSet: 5.1 ms]
   [Eden: 2456.0M(2456.0M)->0.0B(2446.0M) Survivors: 0.0B->10.0M Heap: 3049.1M(4096.0M)->601.7M(4096.0M)]
 [Times: user=0.09 sys=0.00, real=0.03 secs] 
519.917: [Full GC (System.gc())  2060M->593M(4096M), 2.7243833 secs]
   [Eden: 1460.0M(2446.0M)->0.0B(2456.0M) Survivors: 10.0M->0.0B Heap: 2060.0M(4096.0M)->593.8M(4096.0M)], [Metaspace: 4632K->4632K(1056768K)]
 [Times: user=3.61 sys=0.01, real=2.73 secs] 
560.988: [GC pause (G1 Evacuation Pause) (young), 0.0281182 secs]
   [Parallel Time: 24.6 ms, GC Workers: 8]
      [GC Worker Start (ms): Min: 560988.3, Avg: 560998.2, Max: 561010.8, Diff: 22.5]
      [Ext Root Scanning (ms): Min: 0.0, Avg: 0.1, Max: 0.5, Diff: 0.5, Sum: 0.5]
      [Update RS (ms): Min: 0.0, Avg: 6.3, Max: 14.6, Diff: 14.6, Sum: 50.4]
         [Processed Buffers: Min: 0, Avg: 6.4, Max: 19, Diff: 19, Sum: 51]
      [Scan RS (ms): Min: 0.0, Avg: 0.6, Max: 1.4, Diff: 1.4, Sum: 4.6]
      [Code Root Scanning (ms): Min: 0.0, Avg: 0.1, Max: 0.1, Diff: 0.1, Sum: 0.4]
      [Object Copy (ms): Min: 0.5, Avg: 6.2, Max: 7.2, Diff: 6.7, Sum: 49.6]
      [Termination (ms): Min: 0.0, Avg: 0.1, Max: 0.2, Diff: 0.2, Sum: 1.0]
      [GC Worker Other (ms): Min: 0.1, Avg: 0.4, Max: 0.9, Diff: 0.9, Sum: 3.5]
      [GC Worker Total (ms): Min: 1.6, Avg: 13.8, Max: 23.7, Diff: 22.1, Sum: 110.0]
      [GC Worker End (ms): Min: 561011.6, Avg: 561012.0, Max: 561012.4, Diff: 0.9]
   [Code Root Fixup: 0.0 ms]
   [Code Root Migration: 0.0 ms]
   [Clear CT: 2.1 ms]
   [Other: 1.5 ms]
      [Choose CSet: 0.0 ms]
      [Ref Proc: 1.3 ms]
      [Ref Enq: 0.0 ms]
      [Free CSet: 0.0 ms]
   [Eden: 2456.0M(2456.0M)->0.0B(2450.0M) Survivors: 0.0B->6144.0K Heap: 3049.8M(4096.0M)->599.8M(4096.0M)]
 [Times: user=0.11 sys=0.00, real=0.03 secs] 
599.066: [GC pause (G1 Evacuation Pause) (young), 0.0474055 secs]
   [Parallel Time: 42.6 ms, GC Workers: 8]
      [GC Worker Start (ms): Min: 599065.8, Avg: 599080.0, Max: 599091.8, Diff: 26.0]
      [Ext Root Scanning (ms): Min: 0.0, Avg: 0.0, Max: 0.0, Diff: 0.0, Sum: 0.0]
      [Update RS (ms): Min: 0.0, Avg: 8.9, Max: 21.0, Diff: 21.0, Sum: 71.0]
         [Processed Buffers: Min: 0, Avg: 7.1, Max: 27, Diff: 27, Sum: 57]
      [Scan RS (ms): Min: 0.0, Avg: 0.6, Max: 1.8, Diff: 1.8, Sum: 4.9]
      [Code Root Scanning (ms): Min: 0.0, Avg: 0.1, Max: 0.2, Diff: 0.2, Sum: 0.4]
      [Object Copy (ms): Min: 8.0, Avg: 17.5, Max: 20.6, Diff: 12.5, Sum: 140.4]
      [Termination (ms): Min: 0.1, Avg: 0.5, Max: 0.7, Diff: 0.6, Sum: 3.9]
      [GC Worker Other (ms): Min: 0.0, Avg: 0.3, Max: 0.7, Diff: 0.6, Sum: 2.2]
      [GC Worker Total (ms): Min: 15.9, Avg: 27.9, Max: 41.8, Diff: 25.9, Sum: 222.8]
      [GC Worker End (ms): Min: 599107.6, Avg: 599107.8, Max: 599108.2, Diff: 0.6]
   [Code Root Fixup: 0.0 ms]
   [Code Root Migration: 0.0 ms]
   [Clear CT: 3.6 ms]
   [Other: 1.2 ms]
      [Choose CSet: 0.0 ms]
      [Ref Proc: 1.2 ms]
      [Ref Enq: 0.0 ms]
      [Free CSet: 0.0 ms]
   [Eden: 2450.0M(2450.0M)->0.0B(190.0M) Survivors: 6144.0K->14.0M Heap: 3049.8M(4096.0M)->606.4M(4096.0M)]
 [Times: user=0.20 sys=0.00, real=0.05 secs] 
599.997: [Full GC (System.gc())  656M->595M(4096M), 2.5520774 secs]
   [Eden: 52.0M(190.0M)->0.0B(204.0M) Survivors: 14.0M->0.0B Heap: 657.0M(4096.0M)->595.2M(4096.0M)], [Metaspace: 4632K->4632K(1056768K)]
 [Times: user=3.43 sys=0.02, real=2.55 secs] 
605.569: [GC pause (G1 Evacuation Pause) (young), 0.0175334 secs]
   [Parallel Time: 13.2 ms, GC Workers: 8]
      [GC Worker Start (ms): Min: 605569.0, Avg: 605576.2, Max: 605581.3, Diff: 12.2]
      [Ext Root Scanning (ms): Min: 0.0, Avg: 0.1, Max: 0.5, Diff: 0.5, Sum: 0.6]
      [Update RS (ms): Min: 0.0, Avg: 4.3, Max: 11.0, Diff: 11.0, Sum: 34.2]
         [Processed Buffers: Min: 0, Avg: 5.5, Max: 18, Diff: 18, Sum: 44]
      [Scan RS (ms): Min: 0.0, Avg: 0.1, Max: 0.2, Diff: 0.2, Sum: 0.4]
      [Code Root Scanning (ms): Min: 0.0, Avg: 0.0, Max: 0.0, Diff: 0.0, Sum: 0.0]
      [Object Copy (ms): Min: 0.0, Avg: 0.3, Max: 0.8, Diff: 0.8, Sum: 2.7]
      [Termination (ms): Min: 0.0, Avg: 0.4, Max: 0.6, Diff: 0.6, Sum: 3.4]
      [GC Worker Other (ms): Min: 0.0, Avg: 0.0, Max: 0.0, Diff: 0.0, Sum: 0.1]
      [GC Worker Total (ms): Min: 0.1, Avg: 5.2, Max: 12.4, Diff: 12.3, Sum: 41.5]
      [GC Worker End (ms): Min: 605581.3, Avg: 605581.3, Max: 605581.4, Diff: 0.1]
   [Code Root Fixup: 0.1 ms]
   [Code Root Migration: 0.0 ms]
   [Clear CT: 1.9 ms]
   [Other: 2.4 ms]
      [Choose CSet: 0.0 ms]
      [Ref Proc: 1.7 ms]
      [Ref Enq: 0.0 ms]
      [Free CSet: 0.4 ms]
   [Eden: 204.0M(204.0M)->0.0B(198.0M) Survivors: 0.0B->6144.0K Heap: 799.2M(4096.0M)->600.1M(4096.0M)]
 [Times: user=0.04 sys=0.00, real=0.02 secs] 
608.498: [GC pause (G1 Evacuation Pause) (young), 0.0240038 secs]
   [Parallel Time: 17.0 ms, GC Workers: 8]
      [GC Worker Start (ms): Min: 608498.1, Avg: 608508.4, Max: 608513.7, Diff: 15.6]
      [Ext Root Scanning (ms): Min: 0.0, Avg: 0.1, Max: 0.6, Diff: 0.6, Sum: 0.7]
      [Update RS (ms): Min: 0.0, Avg: 4.2, Max: 16.2, Diff: 16.2, Sum: 33.2]
         [Processed Buffers: Min: 0, Avg: 6.0, Max: 23, Diff: 23, Sum: 48]
      [Scan RS (ms): Min: 0.0, Avg: 0.0, Max: 0.0, Diff: 0.0, Sum: 0.1]
      [Code Root Scanning (ms): Min: 0.0, Avg: 0.0, Max: 0.3, Diff: 0.3, Sum: 0.4]
      [Object Copy (ms): Min: 0.0, Avg: 1.1, Max: 2.4, Diff: 2.4, Sum: 8.6]
      [Termination (ms): Min: 0.0, Avg: 1.2, Max: 1.6, Diff: 1.6, Sum: 9.8]
      [GC Worker Other (ms): Min: 0.0, Avg: 0.0, Max: 0.1, Diff: 0.1, Sum: 0.2]
      [GC Worker Total (ms): Min: 1.3, Avg: 6.6, Max: 16.8, Diff: 15.5, Sum: 52.9]
      [GC Worker End (ms): Min: 608514.9, Avg: 608515.0, Max: 608515.1, Diff: 0.1]
   [Code Root Fixup: 0.0 ms]
   [Code Root Migration: 0.0 ms]
   [Clear CT: 1.7 ms]
   [Other: 5.3 ms]
      [Choose CSet: 0.0 ms]
      [Ref Proc: 5.1 ms]
      [Ref Enq: 0.0 ms]
      [Free CSet: 0.1 ms]
   [Eden: 198.0M(198.0M)->0.0B(202.0M) Survivors: 6144.0K->2048.0K Heap: 798.1M(4096.0M)->596.3M(4096.0M)]
 [Times: user=0.05 sys=0.00, real=0.03 secs] 
611.593: [GC pause (G1 Evacuation Pause) (young), 0.0232158 secs]
   [Parallel Time: 18.1 ms, GC Workers: 8]
      [GC Worker Start (ms): Min: 611593.2, Avg: 611601.8, Max: 611609.7, Diff: 16.5]
      [Ext Root Scanning (ms): Min: 0.0, Avg: 0.1, Max: 0.4, Diff: 0.4, Sum: 0.4]
      [Update RS (ms): Min: 0.0, Avg: 4.2, Max: 11.7, Diff: 11.7, Sum: 33.9]
         [Processed Buffers: Min: 0, Avg: 6.1, Max: 19, Diff: 19, Sum: 49]
      [Scan RS (ms): Min: 0.0, Avg: 0.0, Max: 0.2, Diff: 0.2, Sum: 0.4]
      [Code Root Scanning (ms): Min: 0.0, Avg: 0.0, Max: 0.0, Diff: 0.0, Sum: 0.0]
      [Object Copy (ms): Min: 0.0, Avg: 1.3, Max: 6.2, Diff: 6.2, Sum: 10.5]
      [Termination (ms): Min: 0.0, Avg: 3.7, Max: 5.0, Diff: 5.0, Sum: 29.5]
      [GC Worker Other (ms): Min: -0.0, Avg: 0.0, Max: 0.0, Diff: 0.0, Sum: 0.1]
      [GC Worker Total (ms): Min: 1.5, Avg: 9.4, Max: 18.0, Diff: 16.5, Sum: 74.8]
      [GC Worker End (ms): Min: 611611.2, Avg: 611611.2, Max: 611611.2, Diff: 0.0]
   [Code Root Fixup: 0.0 ms]
   [Code Root Migration: 0.0 ms]
   [Clear CT: 1.4 ms]
   [Other: 3.6 ms]
      [Choose CSet: 0.0 ms]
      [Ref Proc: 3.2 ms]
      [Ref Enq: 0.0 ms]
      [Free CSet: 0.3 ms]
   [Eden: 202.0M(202.0M)->0.0B(202.0M) Survivors: 2048.0K->2048.0K Heap: 798.3M(4096.0M)->596.4M(4096.0M)]
 [Times: user=0.08 sys=0.00, real=0.02 secs] 
614.740: [GC pause (G1 Evacuation Pause) (young), 0.0280750 secs]
   [Parallel Time: 24.1 ms, GC Workers: 8]
      [GC Worker Start (ms): Min: 614739.7, Avg: 614750.3, Max: 614763.0, Diff: 23.3]
      [Ext Root Scanning (ms): Min: 0.0, Avg: 0.1, Max: 0.5, Diff: 0.5, Sum: 0.5]
      [Update RS (ms): Min: 0.0, Avg: 4.5, Max: 12.5, Diff: 12.5, Sum: 36.3]
         [Processed Buffers: Min: 0, Avg: 6.1, Max: 13, Diff: 13, Sum: 49]
      [Scan RS (ms): Min: 0.0, Avg: 0.0, Max: 0.0, Diff: 0.0, Sum: 0.1]
      [Code Root Scanning (ms): Min: 0.0, Avg: 0.0, Max: 0.0, Diff: 0.0, Sum: 0.0]
      [Object Copy (ms): Min: 0.0, Avg: 2.1, Max: 5.5, Diff: 5.5, Sum: 16.5]
      [Termination (ms): Min: 0.0, Avg: 6.1, Max: 7.5, Diff: 7.5, Sum: 49.0]
      [GC Worker Other (ms): Min: 0.0, Avg: 0.0, Max: 0.1, Diff: 0.1, Sum: 0.2]
      [GC Worker Total (ms): Min: 0.0, Avg: 12.8, Max: 23.4, Diff: 23.3, Sum: 102.5]
      [GC Worker End (ms): Min: 614763.0, Avg: 614763.1, Max: 614763.1, Diff: 0.1]
   [Code Root Fixup: 0.0 ms]
   [Code Root Migration: 0.0 ms]
   [Clear CT: 1.7 ms]
   [Other: 2.2 ms]
      [Choose CSet: 0.0 ms]
      [Ref Proc: 1.8 ms]
      [Ref Enq: 0.0 ms]
      [Free CSet: 0.3 ms]
   [Eden: 202.0M(202.0M)->0.0B(202.0M) Survivors: 2048.0K->2048.0K Heap: 798.4M(4096.0M)->596.9M(4096.0M)]
 [Times: user=0.09 sys=0.00, real=0.02 secs] 
617.777: [GC pause (G1 Evacuation Pause) (young), 0.0301734 secs]
   [Parallel Time: 21.5 ms, GC Workers: 8]
      [GC Worker Start (ms): Min: 617777.3, Avg: 617786.4, Max: 617793.4, Diff: 16.2]
      [Ext Root Scanning (ms): Min: 0.0, Avg: 0.0, Max: 0.0, Diff: 0.0, Sum: 0.0]
      [Update RS (ms): Min: 0.0, Avg: 3.8, Max: 10.7, Diff: 10.7, Sum: 30.1]
         [Processed Buffers: Min: 0, Avg: 6.4, Max: 15, Diff: 15, Sum: 51]
      [Scan RS (ms): Min: 0.0, Avg: 0.2, Max: 1.6, Diff: 1.6, Sum: 1.8]
      [Code Root Scanning (ms): Min: 0.0, Avg: 0.0, Max: 0.0, Diff: 0.0, Sum: 0.0]
      [Object Copy (ms): Min: 0.0, Avg: 3.5, Max: 8.8, Diff: 8.8, Sum: 28.3]
      [Termination (ms): Min: 0.0, Avg: 4.7, Max: 5.4, Diff: 5.4, Sum: 37.6]
      [GC Worker Other (ms): Min: 0.0, Avg: 0.0, Max: 0.0, Diff: 0.0, Sum: 0.1]
      [GC Worker Total (ms): Min: 5.2, Avg: 12.2, Max: 21.4, Diff: 16.1, Sum: 98.0]
      [GC Worker End (ms): Min: 617798.6, Avg: 617798.7, Max: 617798.7, Diff: 0.0]
   [Code Root Fixup: 0.0 ms]
   [Code Root Migration: 0.0 ms]
   [Clear CT: 2.1 ms]
   [Other: 6.6 ms]
      [Choose CSet: 0.0 ms]
      [Ref Proc: 6.1 ms]
      [Ref Enq: 0.0 ms]
      [Free CSet: 0.3 ms]
   [Eden: 202.0M(202.0M)->0.0B(200.0M) Survivors: 2048.0K->4096.0K Heap: 798.9M(4096.0M)->597.5M(4096.0M)]
 [Times: user=0.07 sys=0.01, real=0.03 secs] 
620.861: [GC pause (G1 Evacuation Pause) (young), 0.0219671 secs]
   [Parallel Time: 18.1 ms, GC Workers: 8]
      [GC Worker Start (ms): Min: 620860.9, Avg: 620867.1, Max: 620870.9, Diff: 10.0]
      [Ext Root Scanning (ms): Min: 0.0, Avg: 0.1, Max: 0.5, Diff: 0.5, Sum: 0.5]
      [Update RS (ms): Min: 1.2, Avg: 6.7, Max: 17.5, Diff: 16.3, Sum: 53.6]
         [Processed Buffers: Min: 2, Avg: 6.4, Max: 11, Diff: 9, Sum: 51]
      [Scan RS (ms): Min: 0.0, Avg: 0.0, Max: 0.2, Diff: 0.2, Sum: 0.3]
      [Code Root Scanning (ms): Min: 0.0, Avg: 0.0, Max: 0.0, Diff: 0.0, Sum: 0.0]
      [Object Copy (ms): Min: 0.0, Avg: 4.2, Max: 5.8, Diff: 5.8, Sum: 33.6]
      [Termination (ms): Min: 0.0, Avg: 0.7, Max: 0.9, Diff: 0.9, Sum: 5.9]
      [GC Worker Other (ms): Min: 0.0, Avg: 0.1, Max: 0.2, Diff: 0.2, Sum: 0.6]
      [GC Worker Total (ms): Min: 8.0, Avg: 11.8, Max: 18.0, Diff: 10.0, Sum: 94.6]
      [GC Worker End (ms): Min: 620878.9, Avg: 620878.9, Max: 620878.9, Diff: 0.0]
   [Code Root Fixup: 0.0 ms]
   [Code Root Migration: 0.0 ms]
   [Clear CT: 1.8 ms]
   [Other: 2.0 ms]
      [Choose CSet: 0.0 ms]
      [Ref Proc: 2.0 ms]
      [Ref Enq: 0.0 ms]
      [Free CSet: 0.0 ms]
   [Eden: 200.0M(200.0M)->0.0B(200.0M) Survivors: 4096.0K->4096.0K Heap: 797.5M(4096.0M)->597.9M(4096.0M)]
 [Times: user=0.07 sys=0.01, real=0.02 secs] 
624.049: [GC pause (G1 Evacuation Pause) (young), 0.0230785 secs]
   [Parallel Time: 19.9 ms, GC Workers: 8]
      [GC Worker Start (ms): Min: 624049.4, Avg: 624062.3, Max: 624068.2, Diff: 18.9]
      [Ext Root Scanning (ms): Min: 0.0, Avg: 0.0, Max: 0.0, Diff: 0.0, Sum: 0.0]
      [Update RS (ms): Min: 0.0, Avg: 4.1, Max: 14.4, Diff: 14.4, Sum: 33.2]
         [Processed Buffers: Min: 0, Avg: 7.2, Max: 27, Diff: 27, Sum: 58]
      [Scan RS (ms): Min: 0.0, Avg: 0.1, Max: 0.9, Diff: 0.9, Sum: 1.2]
      [Code Root Scanning (ms): Min: 0.0, Avg: 0.0, Max: 0.0, Diff: 0.0, Sum: 0.0]
      [Object Copy (ms): Min: 0.0, Avg: 1.5, Max: 3.3, Diff: 3.3, Sum: 11.8]
      [Termination (ms): Min: 0.0, Avg: 0.2, Max: 0.3, Diff: 0.3, Sum: 1.5]
      [GC Worker Other (ms): Min: -0.0, Avg: 0.0, Max: 0.2, Diff: 0.2, Sum: 0.3]
      [GC Worker Total (ms): Min: 0.0, Avg: 6.0, Max: 19.0, Diff: 19.0, Sum: 48.1]
      [GC Worker End (ms): Min: 624068.3, Avg: 624068.3, Max: 624068.5, Diff: 0.3]
   [Code Root Fixup: 0.0 ms]
   [Code Root Migration: 0.0 ms]
   [Clear CT: 1.7 ms]
   [Other: 1.4 ms]
      [Choose CSet: 0.0 ms]
      [Ref Proc: 1.2 ms]
      [Ref Enq: 0.0 ms]
      [Free CSet: 0.0 ms]
   [Eden: 200.0M(200.0M)->0.0B(200.0M) Survivors: 4096.0K->4096.0K Heap: 797.9M(4096.0M)->598.4M(4096.0M)]
 [Times: user=0.05 sys=0.00, real=0.03 secs] 
627.046: [GC pause (G1 Evacuation Pause) (young), 0.0437624 secs]
   [Parallel Time: 37.5 ms, GC Workers: 8]
      [GC Worker Start (ms): Min: 627046.1, Avg: 627059.3, Max: 627082.7, Diff: 36.6]
      [Ext Root Scanning (ms): Min: 0.0, Avg: 0.0, Max: 0.0, Diff: 0.0, Sum: 0.0]
      [Update RS (ms): Min: 0.0, Avg: 4.6, Max: 13.2, Diff: 13.2, Sum: 37.2]
         [Processed Buffers: Min: 0, Avg: 6.1, Max: 17, Diff: 17, Sum: 49]
      [Scan RS (ms): Min: 0.0, Avg: 0.0, Max: 0.3, Diff: 0.3, Sum: 0.3]
      [Code Root Scanning (ms): Min: 0.0, Avg: 0.0, Max: 0.0, Diff: 0.0, Sum: 0.0]
      [Object Copy (ms): Min: 0.0, Avg: 2.1, Max: 4.1, Diff: 4.1, Sum: 16.9]
      [Termination (ms): Min: 0.0, Avg: 16.6, Max: 19.4, Diff: 19.4, Sum: 132.6]
      [GC Worker Other (ms): Min: 0.0, Avg: 0.0, Max: 0.1, Diff: 0.1, Sum: 0.2]
      [GC Worker Total (ms): Min: 0.0, Avg: 23.4, Max: 36.6, Diff: 36.6, Sum: 187.3]
      [GC Worker End (ms): Min: 627082.7, Avg: 627082.7, Max: 627082.7, Diff: 0.1]
   [Code Root Fixup: 0.0 ms]
   [Code Root Migration: 0.0 ms]
   [Clear CT: 2.4 ms]
   [Other: 3.8 ms]
      [Choose CSet: 0.0 ms]
      [Ref Proc: 3.4 ms]
      [Ref Enq: 0.0 ms]
      [Free CSet: 0.3 ms]
   [Eden: 200.0M(200.0M)->0.0B(200.0M) Survivors: 4096.0K->4096.0K Heap: 798.4M(4096.0M)->598.4M(4096.0M)]
 [Times: user=0.18 sys=0.00, real=0.04 secs] 
630.016: [GC pause (G1 Evacuation Pause) (young), 0.0215761 secs]
   [Parallel Time: 18.1 ms, GC Workers: 8]
      [GC Worker Start (ms): Min: 630015.5, Avg: 630025.2, Max: 630033.0, Diff: 17.5]
      [Ext Root Scanning (ms): Min: 0.0, Avg: 0.0, Max: 0.4, Diff: 0.4, Sum: 0.4]
      [Update RS (ms): Min: 0.0, Avg: 4.9, Max: 12.8, Diff: 12.8, Sum: 39.1]
         [Processed Buffers: Min: 0, Avg: 6.0, Max: 17, Diff: 17, Sum: 48]
      [Scan RS (ms): Min: 0.0, Avg: 0.0, Max: 0.2, Diff: 0.2, Sum: 0.3]
      [Code Root Scanning (ms): Min: 0.0, Avg: 0.0, Max: 0.0, Diff: 0.0, Sum: 0.0]
      [Object Copy (ms): Min: 0.0, Avg: 2.1, Max: 3.6, Diff: 3.6, Sum: 16.5]
      [Termination (ms): Min: 0.0, Avg: 0.3, Max: 0.5, Diff: 0.5, Sum: 2.3]
      [GC Worker Other (ms): Min: 0.0, Avg: 0.5, Max: 3.5, Diff: 3.5, Sum: 3.6]
      [GC Worker Total (ms): Min: 0.0, Avg: 7.8, Max: 17.6, Diff: 17.5, Sum: 62.3]
      [GC Worker End (ms): Min: 630033.0, Avg: 630033.0, Max: 630033.1, Diff: 0.1]
   [Code Root Fixup: 0.0 ms]
   [Code Root Migration: 0.0 ms]
   [Clear CT: 1.7 ms]
   [Other: 1.7 ms]
      [Choose CSet: 0.0 ms]
      [Ref Proc: 1.4 ms]
      [Ref Enq: 0.0 ms]
      [Free CSet: 0.3 ms]
   [Eden: 200.0M(200.0M)->0.0B(198.0M) Survivors: 4096.0K->6144.0K Heap: 798.4M(4096.0M)->599.5M(4096.0M)]
 [Times: user=0.06 sys=0.00, real=0.02 secs] 
633.062: [GC pause (G1 Evacuation Pause) (young), 0.0187476 secs]
   [Parallel Time: 15.1 ms, GC Workers: 8]
      [GC Worker Start (ms): Min: 633061.6, Avg: 633065.9, Max: 633071.1, Diff: 9.6]
      [Ext Root Scanning (ms): Min: 0.0, Avg: 0.0, Max: 0.3, Diff: 0.3, Sum: 0.4]
      [Update RS (ms): Min: 0.0, Avg: 5.6, Max: 11.6, Diff: 11.6, Sum: 45.1]
         [Processed Buffers: Min: 0, Avg: 6.0, Max: 11, Diff: 11, Sum: 48]
      [Scan RS (ms): Min: 0.0, Avg: 0.1, Max: 0.3, Diff: 0.3, Sum: 0.6]
      [Code Root Scanning (ms): Min: 0.0, Avg: 0.0, Max: 0.0, Diff: 0.0, Sum: 0.0]
      [Object Copy (ms): Min: 0.8, Avg: 4.1, Max: 4.8, Diff: 4.0, Sum: 33.1]
      [Termination (ms): Min: 0.0, Avg: 0.1, Max: 0.2, Diff: 0.2, Sum: 1.1]
      [GC Worker Other (ms): Min: 0.0, Avg: 0.0, Max: 0.1, Diff: 0.1, Sum: 0.3]
      [GC Worker Total (ms): Min: 4.8, Avg: 10.1, Max: 14.4, Diff: 9.6, Sum: 80.6]
      [GC Worker End (ms): Min: 633075.9, Avg: 633075.9, Max: 633076.0, Diff: 0.0]
   [Code Root Fixup: 0.0 ms]
   [Code Root Migration: 0.0 ms]
   [Clear CT: 2.4 ms]
   [Other: 1.3 ms]
      [Choose CSet: 0.0 ms]
      [Ref Proc: 1.3 ms]
      [Ref Enq: 0.0 ms]
      [Free CSet: 0.0 ms]
   [Eden: 198.0M(198.0M)->0.0B(198.0M) Survivors: 6144.0K->6144.0K Heap: 797.5M(4096.0M)->599.6M(4096.0M)]
 [Times: user=0.08 sys=0.00, real=0.02 secs] 
636.312: [GC pause (G1 Evacuation Pause) (young), 0.0267404 secs]
   [Parallel Time: 22.5 ms, GC Workers: 8]
      [GC Worker Start (ms): Min: 636311.8, Avg: 636322.0, Max: 636333.9, Diff: 22.1]
      [Ext Root Scanning (ms): Min: 0.0, Avg: 0.0, Max: 0.0, Diff: 0.0, Sum: 0.0]
      [Update RS (ms): Min: 0.0, Avg: 4.8, Max: 13.8, Diff: 13.8, Sum: 38.7]
         [Processed Buffers: Min: 0, Avg: 6.5, Max: 18, Diff: 18, Sum: 52]
      [Scan RS (ms): Min: 0.0, Avg: 0.0, Max: 0.3, Diff: 0.3, Sum: 0.4]
      [Code Root Scanning (ms): Min: 0.0, Avg: 0.0, Max: 0.1, Diff: 0.1, Sum: 0.1]
      [Object Copy (ms): Min: 0.0, Avg: 6.7, Max: 8.2, Diff: 8.2, Sum: 53.8]
      [Termination (ms): Min: 0.0, Avg: 0.3, Max: 0.5, Diff: 0.5, Sum: 2.4]
      [GC Worker Other (ms): Min: 0.0, Avg: 0.0, Max: 0.1, Diff: 0.1, Sum: 0.2]
      [GC Worker Total (ms): Min: 0.0, Avg: 12.0, Max: 22.1, Diff: 22.1, Sum: 95.7]
      [GC Worker End (ms): Min: 636333.9, Avg: 636334.0, Max: 636334.0, Diff: 0.1]
   [Code Root Fixup: 0.0 ms]
   [Code Root Migration: 0.0 ms]
   [Clear CT: 2.4 ms]
   [Other: 1.8 ms]
      [Choose CSet: 0.0 ms]
      [Ref Proc: 1.2 ms]
      [Ref Enq: 0.0 ms]
      [Free CSet: 0.4 ms]
   [Eden: 198.0M(198.0M)->0.0B(198.0M) Survivors: 6144.0K->6144.0K Heap: 797.6M(4096.0M)->600.7M(4096.0M)]
 [Times: user=0.09 sys=0.00, real=0.03 secs] 
639.751: [GC pause (G1 Evacuation Pause) (young), 0.0306835 secs]
   [Parallel Time: 26.2 ms, GC Workers: 8]
      [GC Worker Start (ms): Min: 639751.2, Avg: 639759.9, Max: 639766.9, Diff: 15.7]
      [Ext Root Scanning (ms): Min: 0.0, Avg: 0.1, Max: 0.5, Diff: 0.5, Sum: 0.5]
      [Update RS (ms): Min: 0.0, Avg: 7.3, Max: 24.6, Diff: 24.6, Sum: 58.5]
         [Processed Buffers: Min: 0, Avg: 6.5, Max: 18, Diff: 18, Sum: 52]
      [Scan RS (ms): Min: 0.0, Avg: 0.1, Max: 0.3, Diff: 0.3, Sum: 0.5]
      [Code Root Scanning (ms): Min: 0.0, Avg: 0.0, Max: 0.0, Diff: 0.0, Sum: 0.0]
      [Object Copy (ms): Min: 0.0, Avg: 8.0, Max: 11.1, Diff: 11.0, Sum: 64.3]
      [Termination (ms): Min: 0.0, Avg: 0.9, Max: 1.5, Diff: 1.5, Sum: 7.6]
      [GC Worker Other (ms): Min: 0.0, Avg: 0.0, Max: 0.1, Diff: 0.1, Sum: 0.3]
      [GC Worker Total (ms): Min: 9.4, Avg: 16.4, Max: 25.1, Diff: 15.7, Sum: 131.6]
      [GC Worker End (ms): Min: 639776.3, Avg: 639776.3, Max: 639776.4, Diff: 0.1]
   [Code Root Fixup: 0.0 ms]
   [Code Root Migration: 0.0 ms]
   [Clear CT: 2.7 ms]
   [Other: 1.8 ms]
      [Choose CSet: 0.0 ms]
      [Ref Proc: 1.4 ms]
      [Ref Enq: 0.0 ms]
      [Free CSet: 0.3 ms]
   [Eden: 198.0M(198.0M)->0.0B(196.0M) Survivors: 6144.0K->8192.0K Heap: 798.7M(4096.0M)->602.4M(4096.0M)]
 [Times: user=0.11 sys=0.00, real=0.03 secs] 
642.790: [GC pause (G1 Evacuation Pause) (young), 0.0302500 secs]
   [Parallel Time: 25.6 ms, GC Workers: 8]
      [GC Worker Start (ms): Min: 642790.0, Avg: 642793.3, Max: 642799.0, Diff: 9.0]
      [Ext Root Scanning (ms): Min: 0.0, Avg: 0.1, Max: 0.5, Diff: 0.5, Sum: 0.5]
      [Update RS (ms): Min: 0.0, Avg: 6.9, Max: 15.9, Diff: 15.9, Sum: 55.5]
         [Processed Buffers: Min: 0, Avg: 6.4, Max: 10, Diff: 10, Sum: 51]
      [Scan RS (ms): Min: 0.0, Avg: 0.0, Max: 0.1, Diff: 0.1, Sum: 0.4]
      [Code Root Scanning (ms): Min: 0.0, Avg: 0.0, Max: 0.0, Diff: 0.0, Sum: 0.0]
      [Object Copy (ms): Min: 0.1, Avg: 7.6, Max: 14.9, Diff: 14.8, Sum: 60.7]
      [Termination (ms): Min: 0.1, Avg: 6.6, Max: 7.7, Diff: 7.6, Sum: 53.2]
      [GC Worker Other (ms): Min: 0.0, Avg: 0.0, Max: 0.1, Diff: 0.1, Sum: 0.3]
      [GC Worker Total (ms): Min: 15.6, Avg: 21.3, Max: 24.6, Diff: 9.0, Sum: 170.6]
      [GC Worker End (ms): Min: 642814.6, Avg: 642814.6, Max: 642814.6, Diff: 0.0]
   [Code Root Fixup: 0.0 ms]
   [Code Root Migration: 0.0 ms]
   [Clear CT: 2.0 ms]
   [Other: 2.6 ms]
      [Choose CSet: 0.0 ms]
      [Ref Proc: 2.2 ms]
      [Ref Enq: 0.0 ms]
      [Free CSet: 0.3 ms]
   [Eden: 196.0M(196.0M)->0.0B(196.0M) Survivors: 8192.0K->8192.0K Heap: 798.4M(4096.0M)->602.2M(4096.0M)]
 [Times: user=0.14 sys=0.00, real=0.04 secs] 
646.070: [GC pause (G1 Evacuation Pause) (young), 0.0269741 secs]
   [Parallel Time: 22.9 ms, GC Workers: 8]
      [GC Worker Start (ms): Min: 646069.6, Avg: 646077.2, Max: 646082.8, Diff: 13.3]
      [Ext Root Scanning (ms): Min: 0.0, Avg: 0.1, Max: 0.4, Diff: 0.4, Sum: 0.4]
      [Update RS (ms): Min: 0.0, Avg: 7.7, Max: 16.4, Diff: 16.4, Sum: 61.5]
         [Processed Buffers: Min: 0, Avg: 6.4, Max: 17, Diff: 17, Sum: 51]
      [Scan RS (ms): Min: 0.0, Avg: 0.1, Max: 0.8, Diff: 0.8, Sum: 0.9]
      [Code Root Scanning (ms): Min: 0.0, Avg: 0.0, Max: 0.0, Diff: 0.0, Sum: 0.0]
      [Object Copy (ms): Min: 0.0, Avg: 6.6, Max: 8.9, Diff: 8.9, Sum: 52.5]
      [Termination (ms): Min: 0.0, Avg: 0.3, Max: 0.4, Diff: 0.4, Sum: 2.0]
      [GC Worker Other (ms): Min: -0.0, Avg: 0.0, Max: 0.0, Diff: 0.0, Sum: 0.1]
      [GC Worker Total (ms): Min: 9.1, Avg: 14.7, Max: 22.3, Diff: 13.2, Sum: 117.6]
      [GC Worker End (ms): Min: 646091.9, Avg: 646091.9, Max: 646091.9, Diff: 0.1]
   [Code Root Fixup: 0.0 ms]
   [Code Root Migration: 0.0 ms]
   [Clear CT: 2.7 ms]
   [Other: 1.4 ms]
      [Choose CSet: 0.0 ms]
      [Ref Proc: 1.4 ms]
      [Ref Enq: 0.0 ms]
      [Free CSet: 0.0 ms]
   [Eden: 196.0M(196.0M)->0.0B(2448.0M) Survivors: 8192.0K->8192.0K Heap: 798.2M(4096.0M)->602.3M(4096.0M)]
 [Times: user=0.09 sys=0.01, real=0.03 secs] 
674.557: [Full GC (System.gc())  2229M->596M(4096M), 2.9898928 secs]
   [Eden: 1628.0M(2448.0M)->0.0B(2456.0M) Survivors: 8192.0K->0.0B Heap: 2229.4M(4096.0M)->596.0M(4096.0M)], [Metaspace: 4632K->4632K(1056768K)]
 [Times: user=3.91 sys=0.01, real=2.99 secs] 
720.231: [GC pause (G1 Evacuation Pause) (young), 0.0319099 secs]
   [Parallel Time: 21.7 ms, GC Workers: 8]
      [GC Worker Start (ms): Min: 720230.6, Avg: 720237.1, Max: 720242.7, Diff: 12.1]
      [Ext Root Scanning (ms): Min: 0.0, Avg: 2.6, Max: 20.5, Diff: 20.5, Sum: 20.8]
      [Update RS (ms): Min: 0.0, Avg: 6.8, Max: 15.0, Diff: 15.0, Sum: 54.3]
         [Processed Buffers: Min: 0, Avg: 7.0, Max: 19, Diff: 19, Sum: 56]
      [Scan RS (ms): Min: 0.2, Avg: 0.7, Max: 1.4, Diff: 1.2, Sum: 5.4]
      [Code Root Scanning (ms): Min: 0.0, Avg: 0.0, Max: 0.1, Diff: 0.1, Sum: 0.4]
      [Object Copy (ms): Min: 0.1, Avg: 3.7, Max: 4.3, Diff: 4.2, Sum: 29.7]
      [Termination (ms): Min: 0.0, Avg: 0.4, Max: 0.6, Diff: 0.6, Sum: 3.6]
      [GC Worker Other (ms): Min: 0.0, Avg: 0.2, Max: 0.6, Diff: 0.6, Sum: 1.8]
      [GC Worker Total (ms): Min: 8.8, Avg: 14.5, Max: 20.9, Diff: 12.1, Sum: 116.0]
      [GC Worker End (ms): Min: 720251.4, Avg: 720251.6, Max: 720252.0, Diff: 0.6]
   [Code Root Fixup: 0.0 ms]
   [Code Root Migration: 0.2 ms]
   [Clear CT: 2.0 ms]
   [Other: 8.0 ms]
      [Choose CSet: 0.0 ms]
      [Ref Proc: 5.3 ms]
      [Ref Enq: 0.0 ms]
      [Free CSet: 2.5 ms]
   [Eden: 2456.0M(2456.0M)->0.0B(2446.0M) Survivors: 0.0B->10.0M Heap: 3052.0M(4096.0M)->605.3M(4096.0M)]
 [Times: user=0.12 sys=0.00, real=0.04 secs] 
751.024: [Full GC (System.gc())  2535M->596M(4096M), 2.9702508 secs]
   [Eden: 1930.0M(2446.0M)->0.0B(2456.0M) Survivors: 10.0M->0.0B Heap: 2535.1M(4096.0M)->596.6M(4096.0M)], [Metaspace: 4632K->4632K(1056768K)]
 [Times: user=3.84 sys=0.01, real=2.97 secs] 
791.743: [GC pause (G1 Evacuation Pause) (young), 0.0295991 secs]
   [Parallel Time: 20.2 ms, GC Workers: 8]
      [GC Worker Start (ms): Min: 791743.8, Avg: 791750.0, Max: 791762.8, Diff: 19.0]
      [Ext Root Scanning (ms): Min: 0.0, Avg: 0.1, Max: 0.4, Diff: 0.4, Sum: 0.7]
      [Update RS (ms): Min: 0.0, Avg: 6.9, Max: 11.8, Diff: 11.8, Sum: 55.0]
         [Processed Buffers: Min: 0, Avg: 6.5, Max: 17, Diff: 17, Sum: 52]
      [Scan RS (ms): Min: 0.2, Avg: 0.6, Max: 1.4, Diff: 1.2, Sum: 5.1]
      [Code Root Scanning (ms): Min: 0.0, Avg: 0.1, Max: 0.1, Diff: 0.1, Sum: 0.4]
      [Object Copy (ms): Min: 0.0, Avg: 3.7, Max: 5.0, Diff: 5.0, Sum: 29.5]
      [Termination (ms): Min: 0.0, Avg: 1.7, Max: 2.2, Diff: 2.2, Sum: 13.3]
      [GC Worker Other (ms): Min: -0.0, Avg: 0.1, Max: 0.2, Diff: 0.2, Sum: 0.5]
      [GC Worker Total (ms): Min: 0.3, Avg: 13.1, Max: 19.5, Diff: 19.2, Sum: 104.5]
      [GC Worker End (ms): Min: 791763.1, Avg: 791763.1, Max: 791763.3, Diff: 0.2]
   [Code Root Fixup: 0.0 ms]
   [Code Root Migration: 0.0 ms]
   [Clear CT: 2.4 ms]
   [Other: 7.0 ms]
      [Choose CSet: 0.0 ms]
      [Ref Proc: 4.8 ms]
      [Ref Enq: 0.0 ms]
      [Free CSet: 2.2 ms]
   [Eden: 2456.0M(2456.0M)->0.0B(2448.0M) Survivors: 0.0B->8192.0K Heap: 3052.6M(4096.0M)->603.2M(4096.0M)]
 [Times: user=0.10 sys=0.00, real=0.03 secs] 
829.466: [GC pause (G1 Evacuation Pause) (young), 0.0509343 secs]
   [Parallel Time: 43.3 ms, GC Workers: 8]
      [GC Worker Start (ms): Min: 829465.7, Avg: 829477.8, Max: 829486.9, Diff: 21.1]
      [Ext Root Scanning (ms): Min: 0.0, Avg: 0.0, Max: 0.0, Diff: 0.0, Sum: 0.1]
      [Update RS (ms): Min: 0.0, Avg: 7.1, Max: 18.0, Diff: 18.0, Sum: 57.1]
         [Processed Buffers: Min: 0, Avg: 7.4, Max: 21, Diff: 21, Sum: 59]
      [Scan RS (ms): Min: 0.0, Avg: 0.6, Max: 1.9, Diff: 1.9, Sum: 4.9]
      [Code Root Scanning (ms): Min: 0.0, Avg: 0.1, Max: 0.3, Diff: 0.3, Sum: 0.5]
      [Object Copy (ms): Min: 19.6, Avg: 21.2, Max: 22.8, Diff: 3.3, Sum: 169.3]
      [Termination (ms): Min: 0.0, Avg: 0.7, Max: 1.0, Diff: 1.0, Sum: 5.9]
      [GC Worker Other (ms): Min: 0.0, Avg: 0.5, Max: 1.1, Diff: 1.1, Sum: 3.8]
      [GC Worker Total (ms): Min: 20.7, Avg: 30.2, Max: 42.9, Diff: 22.2, Sum: 241.6]
      [GC Worker End (ms): Min: 829507.6, Avg: 829508.0, Max: 829508.6, Diff: 1.0]
   [Code Root Fixup: 0.0 ms]
   [Code Root Migration: 0.4 ms]
   [Clear CT: 2.2 ms]
   [Other: 5.1 ms]
      [Choose CSet: 0.0 ms]
      [Ref Proc: 2.2 ms]
      [Ref Enq: 0.0 ms]
      [Free CSet: 2.8 ms]
   [Eden: 2448.0M(2448.0M)->0.0B(2442.0M) Survivors: 8192.0K->14.0M Heap: 3051.2M(4096.0M)->609.7M(4096.0M)]
 [Times: user=0.24 sys=0.01, real=0.05 secs] 
838.554: [Full GC (System.gc())  1160M->597M(4096M), 2.6742172 secs]
   [Eden: 552.0M(2442.0M)->0.0B(2456.0M) Survivors: 14.0M->0.0B Heap: 1160.9M(4096.0M)->597.1M(4096.0M)], [Metaspace: 4632K->4632K(1056768K)]
 [Times: user=3.58 sys=0.00, real=2.67 secs] 
878.255: [GC pause (G1 Evacuation Pause) (young), 0.0309854 secs]
   [Parallel Time: 24.6 ms, GC Workers: 8]
      [GC Worker Start (ms): Min: 878255.5, Avg: 878266.4, Max: 878274.7, Diff: 19.2]
      [Ext Root Scanning (ms): Min: 0.0, Avg: 0.9, Max: 7.5, Diff: 7.5, Sum: 7.5]
      [Update RS (ms): Min: 0.0, Avg: 5.9, Max: 17.8, Diff: 17.8, Sum: 47.2]
         [Processed Buffers: Min: 0, Avg: 6.5, Max: 23, Diff: 23, Sum: 52]
      [Scan RS (ms): Min: 0.0, Avg: 0.5, Max: 1.4, Diff: 1.4, Sum: 3.9]
      [Code Root Scanning (ms): Min: 0.0, Avg: 0.1, Max: 0.2, Diff: 0.2, Sum: 0.4]
      [Object Copy (ms): Min: 3.6, Avg: 4.7, Max: 5.4, Diff: 1.7, Sum: 37.6]
      [Termination (ms): Min: 0.0, Avg: 0.2, Max: 0.4, Diff: 0.4, Sum: 1.5]
      [GC Worker Other (ms): Min: 0.0, Avg: 0.2, Max: 0.7, Diff: 0.7, Sum: 1.2]
      [GC Worker Total (ms): Min: 4.0, Avg: 12.4, Max: 23.2, Diff: 19.3, Sum: 99.4]
      [GC Worker End (ms): Min: 878278.7, Avg: 878278.8, Max: 878279.4, Diff: 0.7]
   [Code Root Fixup: 0.0 ms]
   [Code Root Migration: 1.1 ms]
   [Clear CT: 1.6 ms]
   [Other: 3.7 ms]
      [Choose CSet: 0.0 ms]
      [Ref Proc: 2.0 ms]
      [Ref Enq: 0.0 ms]
      [Free CSet: 1.7 ms]
   [Eden: 2456.0M(2456.0M)->0.0B(2446.0M) Survivors: 0.0B->10.0M Heap: 3053.1M(4096.0M)->606.0M(4096.0M)]
 [Times: user=0.10 sys=0.00, real=0.03 secs] 
914.728: [GC pause (G1 Evacuation Pause) (young), 0.0392689 secs]
   [Parallel Time: 34.2 ms, GC Workers: 8]
      [GC Worker Start (ms): Min: 914727.6, Avg: 914738.0, Max: 914746.7, Diff: 19.1]
      [Ext Root Scanning (ms): Min: 0.0, Avg: 0.0, Max: 0.0, Diff: 0.0, Sum: 0.0]
      [Update RS (ms): Min: 0.0, Avg: 8.5, Max: 16.6, Diff: 16.6, Sum: 68.2]
         [Processed Buffers: Min: 0, Avg: 7.6, Max: 23, Diff: 23, Sum: 61]
      [Scan RS (ms): Min: 0.0, Avg: 0.6, Max: 1.2, Diff: 1.2, Sum: 4.6]
      [Code Root Scanning (ms): Min: 0.0, Avg: 0.1, Max: 0.2, Diff: 0.2, Sum: 0.5]
      [Object Copy (ms): Min: 2.1, Avg: 10.6, Max: 15.5, Diff: 13.3, Sum: 84.5]
      [Termination (ms): Min: 0.1, Avg: 3.4, Max: 4.2, Diff: 4.0, Sum: 27.5]
      [GC Worker Other (ms): Min: 0.0, Avg: 0.1, Max: 0.3, Diff: 0.3, Sum: 0.9]
      [GC Worker Total (ms): Min: 14.5, Avg: 23.3, Max: 33.6, Diff: 19.1, Sum: 186.2]
      [GC Worker End (ms): Min: 914761.2, Avg: 914761.3, Max: 914761.5, Diff: 0.3]
   [Code Root Fixup: 0.0 ms]
   [Code Root Migration: 0.0 ms]
   [Clear CT: 2.2 ms]
   [Other: 2.8 ms]
      [Choose CSet: 0.0 ms]
      [Ref Proc: 2.2 ms]
      [Ref Enq: 0.0 ms]
      [Free CSet: 0.6 ms]
   [Eden: 2446.0M(2446.0M)->0.0B(2446.0M) Survivors: 10.0M->10.0M Heap: 3052.0M(4096.0M)->606.2M(4096.0M)]
 [Times: user=0.17 sys=0.01, real=0.04 secs] 
928.689: [Full GC (System.gc())  1512M->597M(4096M), 2.5267776 secs]
   [Eden: 908.0M(2446.0M)->0.0B(2456.0M) Survivors: 10.0M->0.0B Heap: 1512.9M(4096.0M)->597.6M(4096.0M)], [Metaspace: 4632K->4632K(1056768K)]
 [Times: user=3.42 sys=0.00, real=2.53 secs] 
967.451: [GC pause (G1 Evacuation Pause) (young), 0.0462503 secs]
   [Parallel Time: 26.8 ms, GC Workers: 8]
      [GC Worker Start (ms): Min: 967451.0, Avg: 967468.3, Max: 967476.7, Diff: 25.7]
      [Ext Root Scanning (ms): Min: 0.0, Avg: 0.0, Max: 0.3, Diff: 0.3, Sum: 0.4]
      [Update RS (ms): Min: 0.0, Avg: 5.0, Max: 17.5, Diff: 17.5, Sum: 39.6]
         [Processed Buffers: Min: 0, Avg: 6.4, Max: 25, Diff: 25, Sum: 51]
      [Scan RS (ms): Min: 0.1, Avg: 0.7, Max: 2.5, Diff: 2.4, Sum: 5.4]
      [Code Root Scanning (ms): Min: 0.0, Avg: 0.1, Max: 0.3, Diff: 0.3, Sum: 0.5]
      [Object Copy (ms): Min: 0.0, Avg: 2.3, Max: 4.7, Diff: 4.7, Sum: 18.6]
      [Termination (ms): Min: 0.0, Avg: 0.5, Max: 0.8, Diff: 0.8, Sum: 3.8]
      [GC Worker Other (ms): Min: 0.0, Avg: 0.1, Max: 0.4, Diff: 0.4, Sum: 1.1]
      [GC Worker Total (ms): Min: 0.1, Avg: 8.7, Max: 25.9, Diff: 25.7, Sum: 69.4]
      [GC Worker End (ms): Min: 967476.8, Avg: 967476.9, Max: 967477.2, Diff: 0.4]
   [Code Root Fixup: 0.0 ms]
   [Code Root Migration: 0.3 ms]
   [Clear CT: 2.1 ms]
   [Other: 17.0 ms]
      [Choose CSet: 0.0 ms]
      [Ref Proc: 14.4 ms]
      [Ref Enq: 0.0 ms]
      [Free CSet: 2.5 ms]
   [Eden: 2456.0M(2456.0M)->0.0B(2448.0M) Survivors: 0.0B->8192.0K Heap: 3053.6M(4096.0M)->604.4M(4096.0M)]
 [Times: user=0.14 sys=0.00, real=0.04 secs] 
1006.924: [GC pause (G1 Evacuation Pause) (young), 0.0469933 secs]
   [Parallel Time: 33.8 ms, GC Workers: 8]
      [GC Worker Start (ms): Min: 1006924.1, Avg: 1006933.7, Max: 1006942.8, Diff: 18.7]
      [Ext Root Scanning (ms): Min: 0.0, Avg: 0.0, Max: 0.0, Diff: 0.0, Sum: 0.1]
      [Update RS (ms): Min: 0.0, Avg: 5.9, Max: 16.5, Diff: 16.5, Sum: 47.5]
         [Processed Buffers: Min: 0, Avg: 7.4, Max: 19, Diff: 19, Sum: 59]
      [Scan RS (ms): Min: 0.1, Avg: 0.7, Max: 1.7, Diff: 1.6, Sum: 5.5]
      [Code Root Scanning (ms): Min: 0.0, Avg: 0.1, Max: 0.6, Diff: 0.6, Sum: 0.8]
      [Object Copy (ms): Min: 13.2, Avg: 15.9, Max: 16.9, Diff: 3.7, Sum: 127.1]
      [Termination (ms): Min: 0.0, Avg: 0.5, Max: 0.8, Diff: 0.8, Sum: 4.0]
      [GC Worker Other (ms): Min: 0.0, Avg: 0.3, Max: 0.6, Diff: 0.6, Sum: 2.3]
      [GC Worker Total (ms): Min: 14.1, Avg: 23.4, Max: 33.2, Diff: 19.1, Sum: 187.3]
      [GC Worker End (ms): Min: 1006956.9, Avg: 1006957.1, Max: 1006957.4, Diff: 0.5]
   [Code Root Fixup: 0.0 ms]
   [Code Root Migration: 0.3 ms]
   [Clear CT: 2.1 ms]
   [Other: 10.9 ms]
      [Choose CSet: 0.0 ms]
      [Ref Proc: 8.1 ms]
      [Ref Enq: 0.0 ms]
      [Free CSet: 2.7 ms]
   [Eden: 2448.0M(2448.0M)->0.0B(2442.0M) Survivors: 8192.0K->14.0M Heap: 3052.4M(4096.0M)->610.1M(4096.0M)]
 [Times: user=0.23 sys=0.00, real=0.05 secs] 
1013.753: [Full GC (System.gc())  967M->598M(4096M), 2.5419928 secs]
   [Eden: 358.0M(2442.0M)->0.0B(2456.0M) Survivors: 14.0M->0.0B Heap: 967.5M(4096.0M)->598.0M(4096.0M)], [Metaspace: 4632K->4632K(1056768K)]
 [Times: user=3.45 sys=0.01, real=2.54 secs] 
1059.266: [GC pause (G1 Evacuation Pause) (young), 0.0289604 secs]
   [Parallel Time: 22.7 ms, GC Workers: 8]
      [GC Worker Start (ms): Min: 1059266.1, Avg: 1059274.7, Max: 1059286.5, Diff: 20.4]
      [Ext Root Scanning (ms): Min: 0.0, Avg: 0.1, Max: 0.3, Diff: 0.3, Sum: 0.6]
      [Update RS (ms): Min: 0.0, Avg: 6.4, Max: 15.8, Diff: 15.8, Sum: 51.5]
         [Processed Buffers: Min: 0, Avg: 7.0, Max: 19, Diff: 19, Sum: 56]
      [Scan RS (ms): Min: 0.1, Avg: 0.6, Max: 1.3, Diff: 1.2, Sum: 4.9]
      [Code Root Scanning (ms): Min: 0.0, Avg: 0.0, Max: 0.2, Diff: 0.2, Sum: 0.4]
      [Object Copy (ms): Min: 1.1, Avg: 5.2, Max: 6.4, Diff: 5.3, Sum: 41.2]
      [Termination (ms): Min: 0.0, Avg: 0.2, Max: 0.3, Diff: 0.3, Sum: 1.2]
      [GC Worker Other (ms): Min: -0.0, Avg: 0.7, Max: 4.2, Diff: 4.2, Sum: 5.3]
      [GC Worker Total (ms): Min: 1.3, Avg: 13.1, Max: 21.8, Diff: 20.5, Sum: 105.2]
      [GC Worker End (ms): Min: 1059287.7, Avg: 1059287.8, Max: 1059288.1, Diff: 0.3]
   [Code Root Fixup: 0.0 ms]
   [Code Root Migration: 0.0 ms]
   [Clear CT: 2.5 ms]
   [Other: 3.8 ms]
      [Choose CSet: 0.0 ms]
      [Ref Proc: 1.8 ms]
      [Ref Enq: 0.0 ms]
      [Free CSet: 2.0 ms]
   [Eden: 2456.0M(2456.0M)->0.0B(2446.0M) Survivors: 0.0B->10.0M Heap: 3054.0M(4096.0M)->607.9M(4096.0M)]
 [Times: user=0.11 sys=0.00, real=0.03 secs] 
1099.050: [GC pause (G1 Evacuation Pause) (young), 0.0471106 secs]
   [Parallel Time: 39.8 ms, GC Workers: 8]
      [GC Worker Start (ms): Min: 1099049.6, Avg: 1099054.8, Max: 1099059.7, Diff: 10.1]
      [Ext Root Scanning (ms): Min: 0.0, Avg: 1.9, Max: 15.1, Diff: 15.1, Sum: 15.3]
      [Update RS (ms): Min: 0.0, Avg: 7.9, Max: 18.0, Diff: 18.0, Sum: 63.4]
         [Processed Buffers: Min: 0, Avg: 7.5, Max: 17, Diff: 17, Sum: 60]
      [Scan RS (ms): Min: 0.1, Avg: 2.4, Max: 15.1, Diff: 14.9, Sum: 19.4]
      [Code Root Scanning (ms): Min: 0.0, Avg: 0.1, Max: 0.1, Diff: 0.1, Sum: 0.4]
      [Object Copy (ms): Min: 8.6, Avg: 20.6, Max: 23.2, Diff: 14.6, Sum: 165.0]
      [Termination (ms): Min: 0.1, Avg: 0.5, Max: 0.8, Diff: 0.7, Sum: 4.1]
      [GC Worker Other (ms): Min: 0.1, Avg: 0.5, Max: 0.9, Diff: 0.8, Sum: 3.7]
      [GC Worker Total (ms): Min: 28.9, Avg: 33.9, Max: 38.7, Diff: 9.8, Sum: 271.4]
      [GC Worker End (ms): Min: 1099088.3, Avg: 1099088.7, Max: 1099089.2, Diff: 0.9]
   [Code Root Fixup: 0.1 ms]
   [Code Root Migration: 0.1 ms]
   [Clear CT: 2.2 ms]
   [Other: 4.9 ms]
      [Choose CSet: 0.0 ms]
      [Ref Proc: 2.0 ms]
      [Ref Enq: 0.0 ms]
      [Free CSet: 2.8 ms]
   [Eden: 2446.0M(2446.0M)->0.0B(2436.0M) Survivors: 10.0M->20.0M Heap: 3053.9M(4096.0M)->616.8M(4096.0M)]
 [Times: user=0.23 sys=0.01, real=0.05 secs] 
1100.700: [Full GC (System.gc())  698M->598M(4096M), 2.4177065 secs]
   [Eden: 82.0M(2436.0M)->0.0B(2456.0M) Survivors: 20.0M->0.0B Heap: 698.3M(4096.0M)->598.6M(4096.0M)], [Metaspace: 4632K->4632K(1056768K)]
 [Times: user=3.32 sys=0.00, real=2.41 secs] 
1142.274: [GC pause (G1 Evacuation Pause) (young), 0.0332193 secs]
   [Parallel Time: 25.9 ms, GC Workers: 8]
      [GC Worker Start (ms): Min: 1142273.8, Avg: 1142287.5, Max: 1142299.1, Diff: 25.3]
      [Ext Root Scanning (ms): Min: 0.0, Avg: 0.0, Max: 0.1, Diff: 0.1, Sum: 0.1]
      [Update RS (ms): Min: 0.0, Avg: 4.7, Max: 16.0, Diff: 16.0, Sum: 37.3]
         [Processed Buffers: Min: 0, Avg: 6.2, Max: 25, Diff: 25, Sum: 50]
      [Scan RS (ms): Min: 0.0, Avg: 1.3, Max: 6.7, Diff: 6.7, Sum: 10.8]
      [Code Root Scanning (ms): Min: 0.0, Avg: 0.0, Max: 0.1, Diff: 0.1, Sum: 0.3]
      [Object Copy (ms): Min: 0.0, Avg: 4.7, Max: 7.5, Diff: 7.5, Sum: 37.5]
      [Termination (ms): Min: 0.0, Avg: 0.8, Max: 1.1, Diff: 1.1, Sum: 6.8]
      [GC Worker Other (ms): Min: 0.0, Avg: 0.3, Max: 1.5, Diff: 1.5, Sum: 2.0]
      [GC Worker Total (ms): Min: 0.1, Avg: 11.9, Max: 25.5, Diff: 25.4, Sum: 94.8]
      [GC Worker End (ms): Min: 1142299.3, Avg: 1142299.4, Max: 1142299.7, Diff: 0.4]
   [Code Root Fixup: 0.0 ms]
   [Code Root Migration: 0.3 ms]
   [Clear CT: 2.0 ms]
   [Other: 4.9 ms]
      [Choose CSet: 0.0 ms]
      [Ref Proc: 2.0 ms]
      [Ref Enq: 0.0 ms]
      [Free CSet: 2.8 ms]
   [Eden: 2456.0M(2456.0M)->0.0B(2448.0M) Survivors: 0.0B->8192.0K Heap: 3054.6M(4096.0M)->606.6M(4096.0M)]
 [Times: user=0.10 sys=0.00, real=0.03 secs] 
1181.910: [GC pause (G1 Evacuation Pause) (young), 0.0309717 secs]
   [Parallel Time: 23.7 ms, GC Workers: 8]
      [GC Worker Start (ms): Min: 1181910.1, Avg: 1181914.6, Max: 1181922.8, Diff: 12.7]
      [Ext Root Scanning (ms): Min: 0.0, Avg: 0.1, Max: 0.4, Diff: 0.4, Sum: 0.5]
      [Update RS (ms): Min: 0.0, Avg: 9.1, Max: 13.4, Diff: 13.4, Sum: 73.1]
         [Processed Buffers: Min: 0, Avg: 8.0, Max: 15, Diff: 15, Sum: 64]
      [Scan RS (ms): Min: 0.0, Avg: 0.8, Max: 2.4, Diff: 2.4, Sum: 6.5]
      [Code Root Scanning (ms): Min: 0.0, Avg: 0.1, Max: 0.2, Diff: 0.2, Sum: 0.6]
      [Object Copy (ms): Min: 0.0, Avg: 7.6, Max: 9.9, Diff: 9.9, Sum: 61.1]
      [Termination (ms): Min: 0.0, Avg: 0.6, Max: 1.4, Diff: 1.4, Sum: 5.2]
      [GC Worker Other (ms): Min: 0.0, Avg: 0.2, Max: 0.4, Diff: 0.4, Sum: 1.7]
      [GC Worker Total (ms): Min: 10.6, Avg: 18.6, Max: 23.2, Diff: 12.6, Sum: 148.7]
      [GC Worker End (ms): Min: 1181933.0, Avg: 1181933.2, Max: 1181933.4, Diff: 0.4]
   [Code Root Fixup: 0.1 ms]
   [Code Root Migration: 0.3 ms]
   [Clear CT: 2.1 ms]
   [Other: 4.8 ms]
      [Choose CSet: 0.0 ms]
      [Ref Proc: 2.1 ms]
      [Ref Enq: 0.0 ms]
      [Free CSet: 2.5 ms]
   [Eden: 2448.0M(2448.0M)->0.0B(2444.0M) Survivors: 8192.0K->12.0M Heap: 3054.6M(4096.0M)->609.5M(4096.0M)]
 [Times: user=0.13 sys=0.01, real=0.04 secs] 
1207.023: [Full GC (System.gc())  2097M->599M(4096M), 2.6860364 secs]
   [Eden: 1488.0M(2444.0M)->0.0B(2456.0M) Survivors: 12.0M->0.0B Heap: 2097.5M(4096.0M)->599.1M(4096.0M)], [Metaspace: 4632K->4632K(1056768K)]
 [Times: user=3.57 sys=0.01, real=2.68 secs] 
1247.165: [GC pause (G1 Evacuation Pause) (young), 0.0297802 secs]
   [Parallel Time: 22.8 ms, GC Workers: 8]
      [GC Worker Start (ms): Min: 1247165.2, Avg: 1247172.5, Max: 1247186.8, Diff: 21.6]
      [Ext Root Scanning (ms): Min: 0.0, Avg: 0.2, Max: 0.9, Diff: 0.9, Sum: 1.2]
      [Update RS (ms): Min: 0.0, Avg: 5.7, Max: 12.8, Diff: 12.8, Sum: 46.0]
         [Processed Buffers: Min: 0, Avg: 6.5, Max: 15, Diff: 15, Sum: 52]
      [Scan RS (ms): Min: 0.0, Avg: 0.8, Max: 2.7, Diff: 2.7, Sum: 6.3]
      [Code Root Scanning (ms): Min: 0.0, Avg: 0.1, Max: 0.2, Diff: 0.2, Sum: 0.5]
      [Object Copy (ms): Min: 0.0, Avg: 5.8, Max: 6.9, Diff: 6.9, Sum: 46.4]
      [Termination (ms): Min: 0.0, Avg: 2.0, Max: 2.4, Diff: 2.4, Sum: 15.6]
      [GC Worker Other (ms): Min: 0.0, Avg: 0.0, Max: 0.1, Diff: 0.1, Sum: 0.4]
      [GC Worker Total (ms): Min: 0.2, Avg: 14.5, Max: 21.9, Diff: 21.7, Sum: 116.4]
      [GC Worker End (ms): Min: 1247187.0, Avg: 1247187.0, Max: 1247187.1, Diff: 0.1]
   [Code Root Fixup: 0.0 ms]
   [Code Root Migration: 0.2 ms]
   [Clear CT: 2.1 ms]
   [Other: 4.7 ms]
      [Choose CSet: 0.0 ms]
      [Ref Proc: 1.8 ms]
      [Ref Enq: 0.0 ms]
      [Free CSet: 2.6 ms]
   [Eden: 2456.0M(2456.0M)->0.0B(2446.0M) Survivors: 0.0B->10.0M Heap: 3055.1M(4096.0M)->607.9M(4096.0M)]
 [Times: user=0.12 sys=0.00, real=0.03 secs] 
1287.303: [GC pause (G1 Evacuation Pause) (young), 0.0411479 secs]
   [Parallel Time: 32.9 ms, GC Workers: 8]
      [GC Worker Start (ms): Min: 1287302.8, Avg: 1287314.9, Max: 1287326.9, Diff: 24.1]
      [Ext Root Scanning (ms): Min: 0.0, Avg: 0.1, Max: 0.5, Diff: 0.5, Sum: 0.5]
      [Update RS (ms): Min: 0.0, Avg: 5.3, Max: 15.3, Diff: 15.3, Sum: 42.7]
         [Processed Buffers: Min: 0, Avg: 7.5, Max: 20, Diff: 20, Sum: 60]
      [Scan RS (ms): Min: 0.0, Avg: 1.0, Max: 3.1, Diff: 3.1, Sum: 8.0]
      [Code Root Scanning (ms): Min: 0.0, Avg: 0.1, Max: 0.1, Diff: 0.1, Sum: 0.4]
      [Object Copy (ms): Min: 6.6, Avg: 12.3, Max: 14.1, Diff: 7.5, Sum: 98.1]
      [Termination (ms): Min: 0.0, Avg: 0.2, Max: 0.3, Diff: 0.3, Sum: 1.5]
      [GC Worker Other (ms): Min: 0.0, Avg: 0.3, Max: 0.8, Diff: 0.8, Sum: 2.6]
      [GC Worker Total (ms): Min: 6.9, Avg: 19.2, Max: 31.4, Diff: 24.5, Sum: 153.6]
      [GC Worker End (ms): Min: 1287333.8, Avg: 1287334.1, Max: 1287334.6, Diff: 0.8]
   [Code Root Fixup: 0.0 ms]
   [Code Root Migration: 0.3 ms]
   [Clear CT: 3.6 ms]
   [Other: 4.4 ms]
      [Choose CSet: 0.0 ms]
      [Ref Proc: 1.4 ms]
      [Ref Enq: 0.0 ms]
      [Free CSet: 2.8 ms]
   [Eden: 2446.0M(2446.0M)->0.0B(2446.0M) Survivors: 10.0M->10.0M Heap: 3053.9M(4096.0M)->609.0M(4096.0M)]
 [Times: user=0.15 sys=0.00, real=0.04 secs] 
1317.925: [Full GC (System.gc())  2481M->599M(4096M), 2.7152930 secs]
   [Eden: 1874.0M(2446.0M)->0.0B(2456.0M) Survivors: 10.0M->0.0B Heap: 2481.7M(4096.0M)->599.8M(4096.0M)], [Metaspace: 4632K->4632K(1056768K)]
 [Times: user=3.62 sys=0.00, real=2.72 secs] 
1359.952: [GC pause (G1 Evacuation Pause) (young), 0.0308742 secs]
   [Parallel Time: 23.5 ms, GC Workers: 8]
      [GC Worker Start (ms): Min: 1359952.2, Avg: 1359962.3, Max: 1359975.2, Diff: 23.0]
      [Ext Root Scanning (ms): Min: 0.0, Avg: 0.0, Max: 0.0, Diff: 0.0, Sum: 0.0]
      [Update RS (ms): Min: 0.0, Avg: 6.9, Max: 15.1, Diff: 15.1, Sum: 55.4]
         [Processed Buffers: Min: 0, Avg: 6.4, Max: 15, Diff: 15, Sum: 51]
      [Scan RS (ms): Min: 0.0, Avg: 0.6, Max: 1.8, Diff: 1.8, Sum: 4.8]
      [Code Root Scanning (ms): Min: 0.0, Avg: 0.1, Max: 0.4, Diff: 0.4, Sum: 0.6]
      [Object Copy (ms): Min: 0.0, Avg: 3.6, Max: 7.5, Diff: 7.5, Sum: 29.2]
      [Termination (ms): Min: 0.0, Avg: 1.8, Max: 2.8, Diff: 2.8, Sum: 14.5]
      [GC Worker Other (ms): Min: 0.0, Avg: 0.1, Max: 0.2, Diff: 0.2, Sum: 0.6]
      [GC Worker Total (ms): Min: 0.2, Avg: 13.1, Max: 23.2, Diff: 23.0, Sum: 105.0]
      [GC Worker End (ms): Min: 1359975.4, Avg: 1359975.4, Max: 1359975.6, Diff: 0.2]
   [Code Root Fixup: 0.0 ms]
   [Code Root Migration: 0.3 ms]
   [Clear CT: 2.0 ms]
   [Other: 5.1 ms]
      [Choose CSet: 0.0 ms]
      [Ref Proc: 2.0 ms]
      [Ref Enq: 0.0 ms]
      [Free CSet: 2.9 ms]
   [Eden: 2456.0M(2456.0M)->0.0B(2448.0M) Survivors: 0.0B->8192.0K Heap: 3055.8M(4096.0M)->607.5M(4096.0M)]
 [Times: user=0.09 sys=0.00, real=0.03 secs] 
1399.506: [GC pause (G1 Evacuation Pause) (young), 0.0373812 secs]
   [Parallel Time: 31.2 ms, GC Workers: 8]
      [GC Worker Start (ms): Min: 1399506.3, Avg: 1399518.7, Max: 1399527.5, Diff: 21.2]
      [Ext Root Scanning (ms): Min: 0.0, Avg: 0.1, Max: 0.8, Diff: 0.8, Sum: 0.8]
      [Update RS (ms): Min: 0.0, Avg: 6.3, Max: 15.8, Diff: 15.8, Sum: 50.6]
         [Processed Buffers: Min: 0, Avg: 7.4, Max: 22, Diff: 22, Sum: 59]
      [Scan RS (ms): Min: 0.0, Avg: 0.6, Max: 1.4, Diff: 1.4, Sum: 4.7]
      [Code Root Scanning (ms): Min: 0.0, Avg: 0.0, Max: 0.2, Diff: 0.2, Sum: 0.4]
      [Object Copy (ms): Min: 9.0, Avg: 11.0, Max: 12.5, Diff: 3.5, Sum: 88.2]
      [Termination (ms): Min: 0.0, Avg: 0.2, Max: 0.2, Diff: 0.2, Sum: 1.2]
      [GC Worker Other (ms): Min: 0.0, Avg: 0.3, Max: 0.6, Diff: 0.6, Sum: 2.0]
      [GC Worker Total (ms): Min: 9.5, Avg: 18.5, Max: 30.8, Diff: 21.3, Sum: 148.0]
      [GC Worker End (ms): Min: 1399536.9, Avg: 1399537.2, Max: 1399537.5, Diff: 0.6]
   [Code Root Fixup: 0.0 ms]
   [Code Root Migration: 0.4 ms]
   [Clear CT: 2.2 ms]
   [Other: 3.6 ms]
      [Choose CSet: 0.0 ms]
      [Ref Proc: 2.3 ms]
      [Ref Enq: 0.0 ms]
      [Free CSet: 1.2 ms]
   [Eden: 2448.0M(2448.0M)->0.0B(2444.0M) Survivors: 8192.0K->12.0M Heap: 3055.5M(4096.0M)->611.4M(4096.0M)]
 [Times: user=0.14 sys=0.00, real=0.04 secs] 
1432.186: [Full GC (System.gc())  2600M->600M(4096M), 2.7093261 secs]
   [Eden: 1990.0M(2444.0M)->0.0B(2456.0M) Survivors: 12.0M->0.0B Heap: 2600.1M(4096.0M)->600.2M(4096.0M)], [Metaspace: 4632K->4632K(1056768K)]
 [Times: user=3.62 sys=0.00, real=2.71 secs] 
1474.377: [GC pause (G1 Evacuation Pause) (young), 0.0344091 secs]
   [Parallel Time: 27.5 ms, GC Workers: 8]
      [GC Worker Start (ms): Min: 1474377.0, Avg: 1474390.7, Max: 1474402.9, Diff: 25.9]
      [Ext Root Scanning (ms): Min: 0.0, Avg: 0.0, Max: 0.0, Diff: 0.0, Sum: 0.1]
      [Update RS (ms): Min: 0.0, Avg: 5.6, Max: 16.5, Diff: 16.5, Sum: 45.2]
         [Processed Buffers: Min: 0, Avg: 6.6, Max: 18, Diff: 18, Sum: 53]
      [Scan RS (ms): Min: 0.1, Avg: 0.5, Max: 1.7, Diff: 1.6, Sum: 4.1]
      [Code Root Scanning (ms): Min: 0.0, Avg: 0.0, Max: 0.2, Diff: 0.2, Sum: 0.4]
      [Object Copy (ms): Min: 0.0, Avg: 4.3, Max: 6.8, Diff: 6.8, Sum: 34.5]
      [Termination (ms): Min: 0.0, Avg: 1.9, Max: 2.4, Diff: 2.4, Sum: 15.2]
      [GC Worker Other (ms): Min: 0.0, Avg: 0.1, Max: 0.4, Diff: 0.4, Sum: 1.1]
      [GC Worker Total (ms): Min: 0.2, Avg: 12.6, Max: 26.2, Diff: 25.9, Sum: 100.6]
      [GC Worker End (ms): Min: 1474403.1, Avg: 1474403.2, Max: 1474403.5, Diff: 0.4]
   [Code Root Fixup: 0.0 ms]
   [Code Root Migration: 0.3 ms]
   [Clear CT: 2.3 ms]
   [Other: 4.4 ms]
      [Choose CSet: 0.0 ms]
      [Ref Proc: 1.2 ms]
      [Ref Enq: 0.0 ms]
      [Free CSet: 3.1 ms]
   [Eden: 2456.0M(2456.0M)->0.0B(2448.0M) Survivors: 0.0B->8192.0K Heap: 3056.2M(4096.0M)->607.9M(4096.0M)]
 [Times: user=0.11 sys=0.00, real=0.04 secs] 
1517.274: [GC pause (G1 Evacuation Pause) (young), 0.0475329 secs]
   [Parallel Time: 41.1 ms, GC Workers: 8]
      [GC Worker Start (ms): Min: 1517274.3, Avg: 1517288.9, Max: 1517306.6, Diff: 32.2]
      [Ext Root Scanning (ms): Min: 0.0, Avg: 0.0, Max: 0.0, Diff: 0.0, Sum: 0.0]
      [Update RS (ms): Min: 0.0, Avg: 8.3, Max: 21.1, Diff: 21.1, Sum: 66.5]
         [Processed Buffers: Min: 0, Avg: 7.9, Max: 24, Diff: 24, Sum: 63]
      [Scan RS (ms): Min: 0.0, Avg: 0.8, Max: 3.1, Diff: 3.1, Sum: 6.2]
      [Code Root Scanning (ms): Min: 0.0, Avg: 0.0, Max: 0.3, Diff: 0.3, Sum: 0.3]
      [Object Copy (ms): Min: 6.5, Avg: 15.2, Max: 17.9, Diff: 11.4, Sum: 121.6]
      [Termination (ms): Min: 0.0, Avg: 0.4, Max: 0.7, Diff: 0.7, Sum: 3.5]
      [GC Worker Other (ms): Min: 0.0, Avg: 0.4, Max: 0.9, Diff: 0.9, Sum: 3.1]
      [GC Worker Total (ms): Min: 7.1, Avg: 25.1, Max: 39.8, Diff: 32.6, Sum: 201.2]
      [GC Worker End (ms): Min: 1517313.7, Avg: 1517314.1, Max: 1517314.6, Diff: 0.9]
   [Code Root Fixup: 0.1 ms]
   [Code Root Migration: 0.3 ms]
   [Clear CT: 2.1 ms]
   [Other: 4.0 ms]
      [Choose CSet: 0.0 ms]
      [Ref Proc: 1.1 ms]
      [Ref Enq: 0.0 ms]
      [Free CSet: 2.8 ms]
   [Eden: 2448.0M(2448.0M)->0.0B(2444.0M) Survivors: 8192.0K->12.0M Heap: 3055.9M(4096.0M)->610.6M(4096.0M)]
 [Times: user=0.18 sys=0.00, real=0.05 secs] 
1539.817: [Full GC (System.gc())  1848M->600M(4096M), 2.7849487 secs]
   [Eden: 1238.0M(2444.0M)->0.0B(2456.0M) Survivors: 12.0M->0.0B Heap: 1848.6M(4096.0M)->600.7M(4096.0M)], [Metaspace: 4632K->4632K(1056768K)]
 [Times: user=3.67 sys=0.00, real=2.79 secs] 
1579.117: [GC pause (G1 Evacuation Pause) (young), 0.0401118 secs]
   [Parallel Time: 24.4 ms, GC Workers: 8]
      [GC Worker Start (ms): Min: 1579116.9, Avg: 1579128.9, Max: 1579140.1, Diff: 23.2]
      [Ext Root Scanning (ms): Min: 0.0, Avg: 0.1, Max: 0.5, Diff: 0.5, Sum: 0.6]
      [Update RS (ms): Min: 0.0, Avg: 8.0, Max: 17.7, Diff: 17.7, Sum: 64.4]
         [Processed Buffers: Min: 0, Avg: 11.9, Max: 28, Diff: 28, Sum: 95]
      [Scan RS (ms): Min: 0.0, Avg: 1.1, Max: 2.3, Diff: 2.3, Sum: 8.6]
      [Code Root Scanning (ms): Min: 0.0, Avg: 0.0, Max: 0.1, Diff: 0.1, Sum: 0.4]
      [Object Copy (ms): Min: 0.0, Avg: 1.6, Max: 2.8, Diff: 2.8, Sum: 13.0]
      [Termination (ms): Min: 0.0, Avg: 0.7, Max: 1.0, Diff: 1.0, Sum: 5.5]
      [GC Worker Other (ms): Min: 0.0, Avg: 0.1, Max: 0.2, Diff: 0.2, Sum: 0.5]
      [GC Worker Total (ms): Min: 0.3, Avg: 11.6, Max: 23.8, Diff: 23.5, Sum: 92.9]
      [GC Worker End (ms): Min: 1579140.4, Avg: 1579140.5, Max: 1579140.6, Diff: 0.2]
   [Code Root Fixup: 0.0 ms]
   [Code Root Migration: 0.3 ms]
   [Clear CT: 2.5 ms]
   [Other: 13.0 ms]
      [Choose CSet: 0.0 ms]
      [Ref Proc: 9.7 ms]
      [Ref Enq: 0.0 ms]
      [Free CSet: 2.9 ms]
   [Eden: 2456.0M(2456.0M)->0.0B(2444.0M) Survivors: 0.0B->12.0M Heap: 3056.7M(4096.0M)->611.6M(4096.0M)]
 [Times: user=0.14 sys=0.00, real=0.04 secs] 
1613.726: [GC pause (G1 Evacuation Pause) (young), 0.0395657 secs]
   [Parallel Time: 31.7 ms, GC Workers: 8]
      [GC Worker Start (ms): Min: 1613725.7, Avg: 1613738.8, Max: 1613753.4, Diff: 27.7]
      [Ext Root Scanning (ms): Min: 0.0, Avg: 0.0, Max: 0.0, Diff: 0.0, Sum: 0.0]
      [Update RS (ms): Min: 0.0, Avg: 8.4, Max: 19.1, Diff: 19.1, Sum: 67.0]
         [Processed Buffers: Min: 0, Avg: 9.9, Max: 25, Diff: 25, Sum: 79]
      [Scan RS (ms): Min: 0.2, Avg: 0.2, Max: 0.3, Diff: 0.2, Sum: 1.7]
      [Code Root Scanning (ms): Min: 0.0, Avg: 0.0, Max: 0.0, Diff: 0.0, Sum: 0.0]
      [Object Copy (ms): Min: 0.0, Avg: 6.0, Max: 9.9, Diff: 9.9, Sum: 47.7]
      [Termination (ms): Min: 0.0, Avg: 2.9, Max: 3.8, Diff: 3.7, Sum: 23.0]
      [GC Worker Other (ms): Min: 0.0, Avg: 0.1, Max: 0.3, Diff: 0.3, Sum: 0.9]
      [GC Worker Total (ms): Min: 3.0, Avg: 17.5, Max: 30.6, Diff: 27.6, Sum: 140.4]
      [GC Worker End (ms): Min: 1613756.3, Avg: 1613756.4, Max: 1613756.6, Diff: 0.3]
   [Code Root Fixup: 0.0 ms]
   [Code Root Migration: 0.3 ms]
   [Clear CT: 3.3 ms]
   [Other: 4.2 ms]
      [Choose CSet: 0.0 ms]
      [Ref Proc: 1.5 ms]
      [Ref Enq: 0.0 ms]
      [Free CSet: 2.5 ms]
   [Eden: 2444.0M(2444.0M)->0.0B(2436.0M) Survivors: 12.0M->20.0M Heap: 3055.6M(4096.0M)->619.6M(4096.0M)]
 [Times: user=0.13 sys=0.00, real=0.04 secs] 
1649.014: [Full GC (System.gc())  2996M->602M(4096M), 2.9770800 secs]
   [Eden: 2378.0M(2436.0M)->0.0B(2456.0M) Survivors: 20.0M->0.0B Heap: 2996.5M(4096.0M)->602.1M(4096.0M)], [Metaspace: 4632K->4632K(1056768K)]
 [Times: user=3.89 sys=0.01, real=2.98 secs] 
1686.569: [GC pause (G1 Evacuation Pause) (young), 0.0378190 secs]
   [Parallel Time: 30.7 ms, GC Workers: 8]
      [GC Worker Start (ms): Min: 1686569.3, Avg: 1686581.6, Max: 1686598.8, Diff: 29.5]
      [Ext Root Scanning (ms): Min: 0.0, Avg: 0.1, Max: 0.5, Diff: 0.5, Sum: 0.5]
      [Update RS (ms): Min: 0.0, Avg: 6.8, Max: 15.9, Diff: 15.9, Sum: 54.6]
         [Processed Buffers: Min: 0, Avg: 9.5, Max: 24, Diff: 24, Sum: 76]
      [Scan RS (ms): Min: 0.1, Avg: 0.7, Max: 1.5, Diff: 1.4, Sum: 5.7]
      [Code Root Scanning (ms): Min: 0.0, Avg: 0.0, Max: 0.1, Diff: 0.1, Sum: 0.4]
      [Object Copy (ms): Min: 0.0, Avg: 3.4, Max: 9.0, Diff: 9.0, Sum: 27.0]
      [Termination (ms): Min: 0.0, Avg: 6.3, Max: 8.0, Diff: 8.0, Sum: 50.1]
      [GC Worker Other (ms): Min: 0.0, Avg: 0.1, Max: 0.2, Diff: 0.1, Sum: 0.5]
      [GC Worker Total (ms): Min: 0.1, Avg: 17.3, Max: 29.7, Diff: 29.5, Sum: 138.7]
      [GC Worker End (ms): Min: 1686598.9, Avg: 1686598.9, Max: 1686599.1, Diff: 0.2]
   [Code Root Fixup: 0.1 ms]
   [Code Root Migration: 0.3 ms]
   [Clear CT: 2.5 ms]
   [Other: 4.2 ms]
      [Choose CSet: 0.0 ms]
      [Ref Proc: 1.5 ms]
      [Ref Enq: 0.0 ms]
      [Free CSet: 2.4 ms]
   [Eden: 2456.0M(2456.0M)->0.0B(2446.0M) Survivors: 0.0B->10.0M Heap: 3058.1M(4096.0M)->611.1M(4096.0M)]
 [Times: user=0.14 sys=0.00, real=0.04 secs] 
1721.597: [GC pause (G1 Evacuation Pause) (young), 0.0404564 secs]
   [Parallel Time: 34.1 ms, GC Workers: 8]
      [GC Worker Start (ms): Min: 1721596.9, Avg: 1721610.4, Max: 1721629.9, Diff: 33.0]
      [Ext Root Scanning (ms): Min: 0.0, Avg: 0.1, Max: 0.5, Diff: 0.5, Sum: 0.6]
      [Update RS (ms): Min: 0.0, Avg: 8.0, Max: 17.0, Diff: 17.0, Sum: 63.6]
         [Processed Buffers: Min: 0, Avg: 10.1, Max: 24, Diff: 24, Sum: 81]
      [Scan RS (ms): Min: 0.0, Avg: 0.6, Max: 1.9, Diff: 1.9, Sum: 4.8]
      [Code Root Scanning (ms): Min: 0.0, Avg: 0.1, Max: 0.2, Diff: 0.2, Sum: 0.4]
      [Object Copy (ms): Min: 0.0, Avg: 10.5, Max: 13.9, Diff: 13.9, Sum: 84.1]
      [Termination (ms): Min: 0.0, Avg: 0.4, Max: 0.7, Diff: 0.7, Sum: 3.4]
      [GC Worker Other (ms): Min: -0.0, Avg: 0.1, Max: 0.6, Diff: 0.6, Sum: 1.2]
      [GC Worker Total (ms): Min: 0.1, Avg: 19.8, Max: 33.2, Diff: 33.1, Sum: 158.2]
      [GC Worker End (ms): Min: 1721630.0, Avg: 1721630.2, Max: 1721630.7, Diff: 0.6]
   [Code Root Fixup: 0.1 ms]
   [Code Root Migration: 0.3 ms]
   [Clear CT: 2.3 ms]
   [Other: 3.7 ms]
      [Choose CSet: 0.0 ms]
      [Ref Proc: 0.9 ms]
      [Ref Enq: 0.0 ms]
      [Free CSet: 2.5 ms]
   [Eden: 2446.0M(2446.0M)->0.0B(2438.0M) Survivors: 10.0M->18.0M Heap: 3057.1M(4096.0M)->619.1M(4096.0M)]
 [Times: user=0.16 sys=0.00, real=0.04 secs] 
1756.661: [GC pause (G1 Evacuation Pause) (young), 0.0511887 secs]
   [Parallel Time: 43.8 ms, GC Workers: 8]
      [GC Worker Start (ms): Min: 1756661.1, Avg: 1756668.6, Max: 1756675.0, Diff: 13.9]
      [Ext Root Scanning (ms): Min: 0.0, Avg: 0.1, Max: 0.5, Diff: 0.5, Sum: 0.5]
      [Update RS (ms): Min: 5.7, Avg: 14.2, Max: 20.7, Diff: 15.0, Sum: 113.3]
         [Processed Buffers: Min: 4, Avg: 11.0, Max: 22, Diff: 18, Sum: 88]
      [Scan RS (ms): Min: 0.2, Avg: 0.6, Max: 1.2, Diff: 1.0, Sum: 5.0]
      [Code Root Scanning (ms): Min: 0.0, Avg: 0.1, Max: 0.2, Diff: 0.2, Sum: 0.5]
      [Object Copy (ms): Min: 10.9, Avg: 19.2, Max: 21.0, Diff: 10.2, Sum: 154.0]
      [Termination (ms): Min: 0.0, Avg: 0.4, Max: 0.6, Diff: 0.6, Sum: 3.4]
      [GC Worker Other (ms): Min: 0.0, Avg: 0.4, Max: 0.9, Diff: 0.9, Sum: 3.4]
      [GC Worker Total (ms): Min: 29.1, Avg: 35.0, Max: 42.1, Diff: 13.1, Sum: 280.2]
      [GC Worker End (ms): Min: 1756703.2, Avg: 1756703.6, Max: 1756704.0, Diff: 0.8]
   [Code Root Fixup: 0.1 ms]
   [Code Root Migration: 0.3 ms]
   [Clear CT: 2.0 ms]
   [Other: 5.1 ms]
      [Choose CSet: 0.0 ms]
      [Ref Proc: 2.1 ms]
      [Ref Enq: 0.0 ms]
      [Free CSet: 2.8 ms]
   [Eden: 2438.0M(2438.0M)->0.0B(2432.0M) Survivors: 18.0M->24.0M Heap: 3057.1M(4096.0M)->625.1M(4096.0M)]
 [Times: user=0.25 sys=0.00, real=0.05 secs] 
1764.462: [Full GC (System.gc())  1168M->603M(4096M), 2.3655916 secs]
   [Eden: 544.0M(2432.0M)->0.0B(2456.0M) Survivors: 24.0M->0.0B Heap: 1168.5M(4096.0M)->603.3M(4096.0M)], [Metaspace: 4632K->4632K(1056768K)]
 [Times: user=3.27 sys=0.00, real=2.36 secs] 
1800.829: [GC pause (G1 Evacuation Pause) (young), 0.0418161 secs]
   [Parallel Time: 34.6 ms, GC Workers: 8]
      [GC Worker Start (ms): Min: 1800829.0, Avg: 1800842.1, Max: 1800857.4, Diff: 28.4]
      [Ext Root Scanning (ms): Min: 0.0, Avg: 0.0, Max: 0.1, Diff: 0.1, Sum: 0.3]
      [Update RS (ms): Min: 0.0, Avg: 7.1, Max: 16.3, Diff: 16.3, Sum: 57.0]
         [Processed Buffers: Min: 0, Avg: 9.6, Max: 24, Diff: 24, Sum: 77]
      [Scan RS (ms): Min: 0.1, Avg: 0.6, Max: 1.3, Diff: 1.2, Sum: 4.7]
      [Code Root Scanning (ms): Min: 0.0, Avg: 0.2, Max: 0.9, Diff: 0.9, Sum: 1.2]
      [Object Copy (ms): Min: 0.0, Avg: 7.8, Max: 14.8, Diff: 14.8, Sum: 62.4]
      [Termination (ms): Min: 0.2, Avg: 5.0, Max: 6.0, Diff: 5.7, Sum: 40.1]
      [GC Worker Other (ms): Min: 0.0, Avg: 0.1, Max: 0.3, Diff: 0.3, Sum: 0.6]
      [GC Worker Total (ms): Min: 5.5, Avg: 20.8, Max: 34.1, Diff: 28.5, Sum: 166.4]
      [GC Worker End (ms): Min: 1800862.9, Avg: 1800862.9, Max: 1800863.1, Diff: 0.2]
   [Code Root Fixup: 0.1 ms]
   [Code Root Migration: 0.3 ms]
   [Clear CT: 2.8 ms]
   [Other: 4.0 ms]
      [Choose CSet: 0.0 ms]
      [Ref Proc: 1.2 ms]
      [Ref Enq: 0.0 ms]
      [Free CSet: 2.7 ms]
   [Eden: 2456.0M(2456.0M)->0.0B(2444.0M) Survivors: 0.0B->12.0M Heap: 3059.3M(4096.0M)->614.3M(4096.0M)]
 [Times: user=0.17 sys=0.00, real=0.05 secs] 
Heap
 garbage-first heap   total 4194304K, used 643369K [0x00000006c0000000, 0x00000007c0000000, 0x00000007c0000000)
  region size 2048K, 14 young (28672K), 6 survivors (12288K)
 Metaspace       used 4639K, capacity 5612K, committed 5760K, reserved 1056768K
  class space    used 498K, capacity 552K, committed 640K, reserved 1048576K
