OpenJDK 64-Bit Server VM (25.0-b70) for linux-amd64 JRE (1.8.0-internal-rbruno_2015_06_16_18_57-b00), built on Feb 13 2017 22:45:11 by "root" with gcc 4.6.4
Memory: 4k page, physical 35197500k(34083656k free), swap 0k(0k free)
CommandLine flags: -XX:+CMSEdenChunksRecordAlways -XX:CMSInitiatingOccupancyFraction=75 -XX:+CMSParallelInitialMarkEnabled -XX:+CMSParallelRemarkEnabled -XX:CMSWaitDuration=10000 -XX:InitialHeapSize=4294967296 -XX:InitialTenuringThreshold=1 -XX:MaxHeapSize=4294967296 -XX:MaxNewSize=697933824 -XX:MaxTenuringThreshold=1 -XX:NewSize=697933824 -XX:OldPLABSize=16 -XX:OldSize=1395867648 -XX:+PerfDisableSharedMem -XX:+PrintGC -XX:+PrintGCDetails -XX:+PrintGCTimeStamps -XX:SurvivorRatio=8 -XX:-TieredCompilation -XX:+UseCMSInitiatingOccupancyOnly -XX:+UseCompressedClassPointers -XX:+UseCompressedOops -XX:+UseConcMarkSweepGC -XX:+UseCondCardMark -XX:+UseParNewGC 
2.517: [GC (Allocation Failure) 2.517: [ParNew: 545344K->68096K(613440K), 2.1367445 secs] 545344K->209862K(4126208K), 2.1369500 secs] [Times: user=4.11 sys=0.79, real=2.14 secs] 
6.236: [GC (Allocation Failure) 6.236: [ParNew: 613440K->68096K(613440K), 0.9510994 secs] 755206K->530823K(4126208K), 0.9512719 secs] [Times: user=4.30 sys=0.32, real=0.95 secs] 
8.828: [GC (Allocation Failure) 8.828: [ParNew: 613440K->68096K(613440K), 0.2778183 secs] 1076167K->659795K(4126208K), 0.2779610 secs] [Times: user=1.44 sys=0.05, real=0.27 secs] 
16.565: [GC (Allocation Failure) 16.565: [ParNew: 613440K->60635K(613440K), 0.1497402 secs] 1205139K->720408K(4126208K), 0.1498862 secs] [Times: user=0.64 sys=0.04, real=0.15 secs] 
25.603: [GC (Allocation Failure) 25.603: [ParNew: 605979K->15399K(613440K), 0.0308461 secs] 1265752K->676282K(4126208K), 0.0310115 secs] [Times: user=0.21 sys=0.00, real=0.03 secs] 
33.700: [GC (Allocation Failure) 33.700: [ParNew: 560743K->3913K(613440K), 0.0259244 secs] 1221626K->665089K(4126208K), 0.0260574 secs] [Times: user=0.08 sys=0.00, real=0.02 secs] 
42.011: [GC (Allocation Failure) 42.011: [ParNew: 549257K->2103K(613440K), 0.0300827 secs] 1210433K->664129K(4126208K), 0.0302168 secs] [Times: user=0.10 sys=0.00, real=0.03 secs] 
50.140: [GC (Allocation Failure) 50.140: [ParNew: 547447K->1315K(613440K), 0.0234891 secs] 1209473K->664245K(4126208K), 0.0236142 secs] [Times: user=0.09 sys=0.00, real=0.02 secs] 
58.126: [GC (Allocation Failure) 58.126: [ParNew: 546659K->1096K(613440K), 0.0200630 secs] 1209589K->664742K(4126208K), 0.0202026 secs] [Times: user=0.09 sys=0.00, real=0.02 secs] 
66.476: [GC (Allocation Failure) 66.476: [ParNew: 546440K->1310K(613440K), 0.0323819 secs] 1210086K->665764K(4126208K), 0.0324682 secs] [Times: user=0.11 sys=0.00, real=0.04 secs] 
74.299: [GC (Allocation Failure) 74.299: [ParNew: 546654K->1517K(613440K), 0.0333910 secs] 1211108K->666618K(4126208K), 0.0334657 secs] [Times: user=0.13 sys=0.00, real=0.04 secs] 
82.751: [GC (Allocation Failure) 82.751: [ParNew: 546861K->1172K(613440K), 0.0238106 secs] 1211962K->667056K(4126208K), 0.0238736 secs] [Times: user=0.09 sys=0.00, real=0.02 secs] 
91.578: [GC (Allocation Failure) 91.578: [ParNew: 546516K->1429K(613440K), 0.0297052 secs] 1212400K->668128K(4126208K), 0.0298115 secs] [Times: user=0.12 sys=0.00, real=0.03 secs] 
100.234: [GC (Allocation Failure) 100.234: [ParNew: 546773K->1501K(613440K), 0.0249889 secs] 1213472K->669160K(4126208K), 0.0250529 secs] [Times: user=0.08 sys=0.00, real=0.02 secs] 
108.855: [GC (Allocation Failure) 108.855: [ParNew: 546845K->1340K(613440K), 0.0322010 secs] 1214504K->669822K(4126208K), 0.0322010 secs] [Times: user=0.12 sys=0.00, real=0.03 secs] 
117.184: [GC (Allocation Failure) 117.184: [ParNew: 546684K->1781K(613440K), 0.0283215 secs] 1215166K->671269K(4126208K), 0.0283215 secs] [Times: user=0.08 sys=0.01, real=0.03 secs] 
125.774: [GC (Allocation Failure) 125.774: [ParNew: 547125K->1476K(613440K), 0.0192262 secs] 1216613K->671998K(4126208K), 0.0192920 secs] [Times: user=0.09 sys=0.01, real=0.02 secs] 
134.377: [GC (Allocation Failure) 134.377: [ParNew: 546820K->1739K(613440K), 0.0230118 secs] 1217342K->673228K(4126208K), 0.0231659 secs] [Times: user=0.09 sys=0.01, real=0.03 secs] 
142.994: [GC (Allocation Failure) 142.994: [ParNew: 547083K->1886K(613440K), 0.0242932 secs] 1218572K->674579K(4126208K), 0.0243707 secs] [Times: user=0.09 sys=0.00, real=0.02 secs] 
151.338: [GC (Allocation Failure) 151.338: [ParNew: 547230K->1738K(613440K), 0.0232987 secs] 1219923K->675551K(4126208K), 0.0234403 secs] [Times: user=0.09 sys=0.00, real=0.03 secs] 
160.016: [GC (Allocation Failure) 160.016: [ParNew: 547082K->1477K(613440K), 0.0282848 secs] 1220895K->676198K(4126208K), 0.0283549 secs] [Times: user=0.10 sys=0.00, real=0.03 secs] 
168.443: [GC (Allocation Failure) 168.443: [ParNew: 546821K->1497K(613440K), 0.0391158 secs] 1221542K->677295K(4126208K), 0.0391158 secs] [Times: user=0.13 sys=0.00, real=0.04 secs] 
176.979: [GC (Allocation Failure) 176.979: [ParNew: 546841K->1624K(613440K), 0.0497567 secs] 1222639K->678440K(4126208K), 0.0497567 secs] [Times: user=0.16 sys=0.00, real=0.06 secs] 
185.710: [GC (Allocation Failure) 185.710: [ParNew: 546968K->1672K(613440K), 0.0240806 secs] 1223784K->679504K(4126208K), 0.0241687 secs] [Times: user=0.08 sys=0.00, real=0.02 secs] 
194.221: [GC (Allocation Failure) 194.221: [ParNew: 547016K->1739K(613440K), 0.0297837 secs] 1224848K->680775K(4126208K), 0.0299501 secs] [Times: user=0.14 sys=0.00, real=0.03 secs] 
202.596: [GC (Allocation Failure) 202.596: [ParNew: 547083K->1445K(613440K), 0.0225782 secs] 1226119K->681320K(4126208K), 0.0225782 secs] [Times: user=0.07 sys=0.01, real=0.02 secs] 
211.057: [GC (Allocation Failure) 211.057: [ParNew: 546789K->1832K(613440K), 0.0251877 secs] 1226664K->682708K(4126208K), 0.0252748 secs] [Times: user=0.08 sys=0.00, real=0.03 secs] 
220.137: [GC (Allocation Failure) 220.137: [ParNew: 547176K->1911K(613440K), 0.0341329 secs] 1228052K->683910K(4126208K), 0.0342189 secs] [Times: user=0.12 sys=0.00, real=0.04 secs] 
229.133: [GC (Allocation Failure) 229.133: [ParNew: 547255K->2098K(613440K), 0.0311341 secs] 1229254K->685446K(4126208K), 0.0311341 secs] [Times: user=0.09 sys=0.00, real=0.03 secs] 
237.732: [GC (Allocation Failure) 237.732: [ParNew: 547442K->1440K(613440K), 0.0405394 secs] 1230790K->684972K(4126208K), 0.0406170 secs] [Times: user=0.15 sys=0.00, real=0.04 secs] 
246.509: [GC (Allocation Failure) 246.509: [ParNew: 546784K->1845K(613440K), 0.0246648 secs] 1230316K->686267K(4126208K), 0.0248322 secs] [Times: user=0.07 sys=0.00, real=0.02 secs] 
255.431: [GC (Allocation Failure) 255.431: [ParNew: 547189K->1908K(613440K), 0.0219380 secs] 1231611K->687577K(4126208K), 0.0220236 secs] [Times: user=0.09 sys=0.00, real=0.02 secs] 
264.001: [GC (Allocation Failure) 264.001: [ParNew: 547252K->1471K(613440K), 0.0327762 secs] 1232921K->688224K(4126208K), 0.0328394 secs] [Times: user=0.11 sys=0.01, real=0.03 secs] 
272.638: [GC (Allocation Failure) 272.638: [ParNew: 546815K->1584K(613440K), 0.0260313 secs] 1233568K->689315K(4126208K), 0.0261876 secs] [Times: user=0.08 sys=0.00, real=0.03 secs] 
281.207: [GC (Allocation Failure) 281.207: [ParNew: 546928K->1526K(613440K), 0.0207181 secs] 1234659K->690038K(4126208K), 0.0208116 secs] [Times: user=0.09 sys=0.00, real=0.02 secs] 
289.649: [GC (Allocation Failure) 289.649: [ParNew: 546870K->1811K(613440K), 0.0288207 secs] 1235382K->691374K(4126208K), 0.0288995 secs] [Times: user=0.09 sys=0.00, real=0.02 secs] 
298.432: [GC (Allocation Failure) 298.432: [ParNew: 547155K->1777K(613440K), 0.0387338 secs] 1236718K->692709K(4126208K), 0.0387977 secs] [Times: user=0.17 sys=0.00, real=0.04 secs] 
307.142: [GC (Allocation Failure) 307.142: [ParNew: 547121K->2025K(613440K), 0.0201194 secs] 1238053K->694174K(4126208K), 0.0202709 secs] [Times: user=0.10 sys=0.00, real=0.02 secs] 
315.838: [GC (Allocation Failure) 315.838: [ParNew: 547369K->1310K(613440K), 0.0235133 secs] 1239518K->694606K(4126208K), 0.0235837 secs] [Times: user=0.09 sys=0.00, real=0.03 secs] 
324.753: [GC (Allocation Failure) 324.753: [ParNew: 546654K->1407K(613440K), 0.0250327 secs] 1239950K->695698K(4126208K), 0.0251186 secs] [Times: user=0.08 sys=0.00, real=0.02 secs] 
333.605: [GC (Allocation Failure) 333.605: [ParNew: 546751K->1338K(613440K), 0.0326731 secs] 1241042K->696604K(4126208K), 0.0327062 secs] [Times: user=0.13 sys=0.00, real=0.03 secs] 
342.729: [GC (Allocation Failure) 342.729: [ParNew: 546682K->1467K(613440K), 0.0316078 secs] 1241948K->697660K(4126208K), 0.0316707 secs] [Times: user=0.13 sys=0.00, real=0.03 secs] 
351.997: [GC (Allocation Failure) 351.997: [ParNew: 546811K->1559K(613440K), 0.0339331 secs] 1243004K->698710K(4126208K), 0.0340055 secs] [Times: user=0.10 sys=0.00, real=0.04 secs] 
360.614: [GC (Allocation Failure) 360.614: [ParNew: 546903K->1497K(613440K), 0.0317951 secs] 1244054K->699663K(4126208K), 0.0319335 secs] [Times: user=0.11 sys=0.00, real=0.03 secs] 
369.245: [GC (Allocation Failure) 369.245: [ParNew: 546841K->1286K(613440K), 0.0249385 secs] 1245007K->700402K(4126208K), 0.0250175 secs] [Times: user=0.08 sys=0.00, real=0.03 secs] 
377.611: [GC (Allocation Failure) 377.611: [ParNew: 546630K->1298K(613440K), 0.0260852 secs] 1245746K->701015K(4126208K), 0.0262455 secs] [Times: user=0.08 sys=0.00, real=0.02 secs] 
386.281: [GC (Allocation Failure) 386.281: [ParNew: 546642K->1474K(613440K), 0.0248536 secs] 1246359K->702004K(4126208K), 0.0249263 secs] [Times: user=0.11 sys=0.00, real=0.02 secs] 
394.668: [GC (Allocation Failure) 394.668: [ParNew: 546818K->1624K(613440K), 0.0235428 secs] 1247348K->703181K(4126208K), 0.0236422 secs] [Times: user=0.09 sys=0.00, real=0.03 secs] 
402.942: [GC (Allocation Failure) 402.942: [ParNew: 546968K->1899K(613440K), 0.0299951 secs] 1248525K->704446K(4126208K), 0.0302021 secs] [Times: user=0.10 sys=0.01, real=0.03 secs] 
411.897: [GC (Allocation Failure) 411.897: [ParNew: 547243K->2531K(613440K), 0.0286363 secs] 1249790K->706298K(4126208K), 0.0287232 secs] [Times: user=0.10 sys=0.00, real=0.03 secs] 
420.373: [GC (Allocation Failure) 420.373: [ParNew: 547875K->2058K(613440K), 0.0344073 secs] 1251642K->707580K(4126208K), 0.0344858 secs] [Times: user=0.12 sys=0.00, real=0.03 secs] 
428.564: [GC (Allocation Failure) 428.564: [ParNew: 547402K->1161K(613440K), 0.0313537 secs] 1252924K->707164K(4126208K), 0.0314782 secs] [Times: user=0.10 sys=0.01, real=0.03 secs] 
437.093: [GC (Allocation Failure) 437.093: [ParNew: 546505K->1492K(613440K), 0.0394165 secs] 1252508K->708048K(4126208K), 0.0394808 secs] [Times: user=0.16 sys=0.00, real=0.04 secs] 
445.618: [GC (Allocation Failure) 445.618: [ParNew: 546836K->2071K(613440K), 0.0281355 secs] 1253392K->709936K(4126208K), 0.0282031 secs] [Times: user=0.12 sys=0.00, real=0.03 secs] 
453.921: [GC (Allocation Failure) 453.922: [ParNew: 547415K->2099K(613440K), 0.0240145 secs] 1255280K->711438K(4126208K), 0.0241752 secs] [Times: user=0.10 sys=0.00, real=0.02 secs] 
462.322: [GC (Allocation Failure) 462.322: [ParNew: 547443K->1592K(613440K), 0.0267464 secs] 1256782K->712097K(4126208K), 0.0267464 secs] [Times: user=0.11 sys=0.00, real=0.03 secs] 
470.582: [GC (Allocation Failure) 470.582: [ParNew: 546936K->1483K(613440K), 0.0271595 secs] 1257441K->713023K(4126208K), 0.0271595 secs] [Times: user=0.11 sys=0.00, real=0.03 secs] 
478.845: [GC (Allocation Failure) 478.845: [ParNew: 546827K->1166K(613440K), 0.0287302 secs] 1258367K->713549K(4126208K), 0.0287302 secs] [Times: user=0.08 sys=0.00, real=0.03 secs] 
487.107: [GC (Allocation Failure) 487.107: [ParNew: 546510K->1200K(613440K), 0.0202618 secs] 1258893K->714398K(4126208K), 0.0202618 secs] [Times: user=0.08 sys=0.00, real=0.02 secs] 
495.323: [GC (Allocation Failure) 495.323: [ParNew: 546544K->1034K(613440K), 0.0382349 secs] 1259742K->715015K(4126208K), 0.0382349 secs] [Times: user=0.13 sys=0.00, real=0.04 secs] 
503.650: [GC (Allocation Failure) 503.650: [ParNew: 546378K->1378K(613440K), 0.0225029 secs] 1260359K->716105K(4126208K), 0.0225029 secs] [Times: user=0.08 sys=0.00, real=0.02 secs] 
511.935: [GC (Allocation Failure) 511.935: [ParNew: 546722K->1375K(613440K), 0.0209297 secs] 1261449K->716966K(4126208K), 0.0210081 secs] [Times: user=0.08 sys=0.00, real=0.02 secs] 
520.061: [GC (Allocation Failure) 520.061: [ParNew: 546719K->1048K(613440K), 0.0249704 secs] 1262310K->717469K(4126208K), 0.0251024 secs] [Times: user=0.10 sys=0.00, real=0.02 secs] 
528.453: [GC (Allocation Failure) 528.453: [ParNew: 546392K->1592K(613440K), 0.0245012 secs] 1262813K->718844K(4126208K), 0.0246620 secs] [Times: user=0.07 sys=0.00, real=0.02 secs] 
536.959: [GC (Allocation Failure) 536.959: [ParNew: 546936K->1439K(613440K), 0.0270712 secs] 1264188K->719699K(4126208K), 0.0271110 secs] [Times: user=0.12 sys=0.00, real=0.03 secs] 
545.062: [GC (Allocation Failure) 545.062: [ParNew: 546783K->1450K(613440K), 0.0282901 secs] 1265043K->720608K(4126208K), 0.0283754 secs] [Times: user=0.10 sys=0.00, real=0.03 secs] 
553.254: [GC (Allocation Failure) 553.254: [ParNew: 546794K->1264K(613440K), 0.0290488 secs] 1265952K->721300K(4126208K), 0.0291380 secs] [Times: user=0.10 sys=0.00, real=0.03 secs] 
561.696: [GC (Allocation Failure) 561.696: [ParNew: 546608K->1486K(613440K), 0.0361922 secs] 1266644K->722496K(4126208K), 0.0362762 secs] [Times: user=0.13 sys=0.00, real=0.04 secs] 
569.963: [GC (Allocation Failure) 569.963: [ParNew: 546830K->1440K(613440K), 0.0329728 secs] 1267840K->723380K(4126208K), 0.0331471 secs] [Times: user=0.11 sys=0.00, real=0.03 secs] 
578.579: [GC (Allocation Failure) 578.579: [ParNew: 546784K->1649K(613440K), 0.0264942 secs] 1268724K->724466K(4126208K), 0.0266610 secs] [Times: user=0.08 sys=0.00, real=0.03 secs] 
587.160: [GC (Allocation Failure) 587.160: [ParNew: 546993K->1112K(613440K), 0.0249738 secs] 1269810K->724857K(4126208K), 0.0252174 secs] [Times: user=0.09 sys=0.00, real=0.03 secs] 
595.824: [GC (Allocation Failure) 595.824: [ParNew: 546456K->1399K(613440K), 0.0324244 secs] 1270201K->725976K(4126208K), 0.0325036 secs] [Times: user=0.11 sys=0.01, real=0.03 secs] 
605.327: [GC (Allocation Failure) 605.327: [ParNew: 546743K->1418K(613440K), 0.0310218 secs] 1271320K->726928K(4126208K), 0.0310993 secs] [Times: user=0.11 sys=0.00, real=0.03 secs] 
615.104: [GC (Allocation Failure) 615.104: [ParNew: 546762K->1683K(613440K), 0.0288257 secs] 1272272K->728243K(4126208K), 0.0289968 secs] [Times: user=0.11 sys=0.01, real=0.03 secs] 
625.112: [GC (Allocation Failure) 625.112: [ParNew: 547027K->1641K(613440K), 0.0244170 secs] 1273587K->729350K(4126208K), 0.0245917 secs] [Times: user=0.08 sys=0.00, real=0.02 secs] 
635.173: [GC (Allocation Failure) 635.173: [ParNew: 546985K->1789K(613440K), 0.0202536 secs] 1274694K->730553K(4126208K), 0.0203385 secs] [Times: user=0.09 sys=0.00, real=0.02 secs] 
645.404: [GC (Allocation Failure) 645.404: [ParNew: 547133K->1627K(613440K), 0.0281938 secs] 1275897K->731372K(4126208K), 0.0282732 secs] [Times: user=0.08 sys=0.00, real=0.03 secs] 
655.392: [GC (Allocation Failure) 655.392: [ParNew: 546971K->2025K(613440K), 0.0237444 secs] 1276716K->732868K(4126208K), 0.0241281 secs] [Times: user=0.10 sys=0.00, real=0.02 secs] 
665.180: [GC (Allocation Failure) 665.180: [ParNew: 547369K->1588K(613440K), 0.0300407 secs] 1278212K->733525K(4126208K), 0.0301966 secs] [Times: user=0.10 sys=0.00, real=0.03 secs] 
675.205: [GC (Allocation Failure) 675.205: [ParNew: 546932K->1930K(613440K), 0.0251282 secs] 1278869K->734963K(4126208K), 0.0252143 secs] [Times: user=0.08 sys=0.00, real=0.03 secs] 
684.910: [GC (Allocation Failure) 684.910: [ParNew: 547274K->1308K(613440K), 0.0346883 secs] 1280307K->735430K(4126208K), 0.0347737 secs] [Times: user=0.14 sys=0.00, real=0.03 secs] 
694.188: [GC (Allocation Failure) 694.188: [ParNew: 546652K->1621K(613440K), 0.0217085 secs] 1280774K->736845K(4126208K), 0.0217724 secs] [Times: user=0.07 sys=0.00, real=0.03 secs] 
702.514: [GC (Allocation Failure) 702.514: [ParNew: 546965K->1146K(613440K), 0.0382385 secs] 1282189K->737511K(4126208K), 0.0382385 secs] [Times: user=0.15 sys=0.01, real=0.04 secs] 
710.984: [GC (Allocation Failure) 710.984: [ParNew: 546490K->1553K(613440K), 0.0401306 secs] 1282855K->738748K(4126208K), 0.0402129 secs] [Times: user=0.17 sys=0.00, real=0.04 secs] 
720.077: [GC (Allocation Failure) 720.077: [ParNew: 546897K->801K(613440K), 0.0310796 secs] 1284092K->738505K(4126208K), 0.0311488 secs] [Times: user=0.09 sys=0.00, real=0.04 secs] 
728.530: [GC (Allocation Failure) 728.530: [ParNew: 546145K->1033K(613440K), 0.0227073 secs] 1283849K->739075K(4126208K), 0.0228327 secs] [Times: user=0.07 sys=0.00, real=0.02 secs] 
736.929: [GC (Allocation Failure) 736.929: [ParNew: 546377K->1328K(613440K), 0.0309494 secs] 1284419K->740251K(4126208K), 0.0309494 secs] [Times: user=0.12 sys=0.00, real=0.03 secs] 
745.421: [GC (Allocation Failure) 745.421: [ParNew: 546672K->1036K(613440K), 0.0320820 secs] 1285595K->740800K(4126208K), 0.0321493 secs] [Times: user=0.11 sys=0.00, real=0.03 secs] 
753.758: [GC (Allocation Failure) 753.758: [ParNew: 546380K->1257K(613440K), 0.0236601 secs] 1286144K->741852K(4126208K), 0.0236715 secs] [Times: user=0.08 sys=0.00, real=0.03 secs] 
761.898: [GC (Allocation Failure) 761.898: [ParNew: 546601K->1486K(613440K), 0.0206778 secs] 1287196K->742922K(4126208K), 0.0207311 secs] [Times: user=0.07 sys=0.01, real=0.02 secs] 
769.993: [GC (Allocation Failure) 769.994: [ParNew: 546830K->1063K(613440K), 0.0307934 secs] 1288266K->743340K(4126208K), 0.0309589 secs] [Times: user=0.12 sys=0.00, real=0.03 secs] 
778.342: [GC (Allocation Failure) 778.342: [ParNew: 546407K->979K(613440K), 0.0300278 secs] 1288684K->744112K(4126208K), 0.0302020 secs] [Times: user=0.10 sys=0.01, real=0.03 secs] 
786.615: [GC (Allocation Failure) 786.615: [ParNew: 546323K->1153K(613440K), 0.0242445 secs] 1289456K->745133K(4126208K), 0.0244161 secs] [Times: user=0.07 sys=0.00, real=0.02 secs] 
794.911: [GC (Allocation Failure) 794.911: [ParNew: 546497K->1397K(613440K), 0.0253682 secs] 1290477K->746233K(4126208K), 0.0254473 secs] [Times: user=0.11 sys=0.00, real=0.02 secs] 
803.748: [GC (Allocation Failure) 803.748: [ParNew: 546741K->1167K(613440K), 0.0230717 secs] 1291577K->746279K(4126208K), 0.0232976 secs] [Times: user=0.08 sys=0.00, real=0.03 secs] 
811.821: [GC (Allocation Failure) 811.821: [ParNew: 546511K->1146K(613440K), 0.0266924 secs] 1291623K->746984K(4126208K), 0.0268684 secs] [Times: user=0.09 sys=0.00, real=0.03 secs] 
819.934: [GC (Allocation Failure) 819.934: [ParNew: 546490K->1247K(613440K), 0.0251517 secs] 1292328K->747928K(4126208K), 0.0253160 secs] [Times: user=0.08 sys=0.00, real=0.02 secs] 
828.144: [GC (Allocation Failure) 828.144: [ParNew: 546591K->1368K(613440K), 0.0216731 secs] 1293272K->748882K(4126208K), 0.0218437 secs] [Times: user=0.08 sys=0.00, real=0.02 secs] 
836.520: [GC (Allocation Failure) 836.520: [ParNew: 546712K->1312K(613440K), 0.0206421 secs] 1294226K->749702K(4126208K), 0.0207325 secs] [Times: user=0.08 sys=0.00, real=0.02 secs] 
844.602: [GC (Allocation Failure) 844.602: [ParNew: 546656K->1242K(613440K), 0.0248801 secs] 1295046K->750521K(4126208K), 0.0248801 secs] [Times: user=0.09 sys=0.00, real=0.02 secs] 
852.540: [GC (Allocation Failure) 852.540: [ParNew: 546586K->1249K(613440K), 0.0313171 secs] 1295865K->751326K(4126208K), 0.0313762 secs] [Times: user=0.11 sys=0.00, real=0.03 secs] 
860.553: [GC (Allocation Failure) 860.553: [ParNew: 546593K->1440K(613440K), 0.0231316 secs] 1296670K->752327K(4126208K), 0.0231316 secs] [Times: user=0.07 sys=0.00, real=0.02 secs] 
868.700: [GC (Allocation Failure) 868.700: [ParNew: 546784K->1187K(613440K), 0.0279191 secs] 1297671K->752940K(4126208K), 0.0279191 secs] [Times: user=0.09 sys=0.00, real=0.03 secs] 
876.592: [GC (Allocation Failure) 876.592: [ParNew: 546531K->1369K(613440K), 0.0248962 secs] 1298284K->753946K(4126208K), 0.0249856 secs] [Times: user=0.08 sys=0.00, real=0.02 secs] 
884.752: [GC (Allocation Failure) 884.752: [ParNew: 546713K->1447K(613440K), 0.0334372 secs] 1299290K->754834K(4126208K), 0.0335214 secs] [Times: user=0.11 sys=0.00, real=0.03 secs] 
893.031: [GC (Allocation Failure) 893.031: [ParNew: 546791K->983K(613440K), 0.0284484 secs] 1300178K->755026K(4126208K), 0.0284484 secs] [Times: user=0.10 sys=0.00, real=0.02 secs] 
900.783: [GC (Allocation Failure) 900.783: [ParNew: 546327K->964K(613440K), 0.0287537 secs] 1300370K->755355K(4126208K), 0.0288424 secs] [Times: user=0.10 sys=0.00, real=0.03 secs] 
908.836: [GC (Allocation Failure) 908.837: [ParNew: 546308K->1208K(613440K), 0.0464350 secs] 1300699K->756407K(4126208K), 0.0465256 secs] [Times: user=0.18 sys=0.00, real=0.05 secs] 
916.756: [GC (Allocation Failure) 916.756: [ParNew: 546552K->1246K(613440K), 0.0313454 secs] 1301751K->757311K(4126208K), 0.0314037 secs] [Times: user=0.11 sys=0.00, real=0.03 secs] 
924.821: [GC (Allocation Failure) 924.822: [ParNew: 546590K->1450K(613440K), 0.0244666 secs] 1302655K->758332K(4126208K), 0.0245842 secs] [Times: user=0.09 sys=0.00, real=0.02 secs] 
933.228: [GC (Allocation Failure) 933.228: [ParNew: 546794K->1080K(613440K), 0.0199751 secs] 1303676K->758755K(4126208K), 0.0200512 secs] [Times: user=0.07 sys=0.00, real=0.02 secs] 
941.357: [GC (Allocation Failure) 941.357: [ParNew: 546424K->1278K(613440K), 0.0281416 secs] 1304099K->759802K(4126208K), 0.0283142 secs] [Times: user=0.08 sys=0.00, real=0.03 secs] 
949.552: [GC (Allocation Failure) 949.552: [ParNew: 546622K->1075K(613440K), 0.0333239 secs] 1305146K->760397K(4126208K), 0.0334085 secs] [Times: user=0.13 sys=0.01, real=0.03 secs] 
959.177: [GC (Allocation Failure) 959.177: [ParNew: 546419K->1568K(613440K), 0.0223044 secs] 1305741K->761664K(4126208K), 0.0224760 secs] [Times: user=0.07 sys=0.00, real=0.02 secs] 
969.221: [GC (Allocation Failure) 969.221: [ParNew: 546912K->2051K(613440K), 0.0323571 secs] 1307008K->763333K(4126208K), 0.0324439 secs] [Times: user=0.11 sys=0.00, real=0.03 secs] 
979.634: [GC (Allocation Failure) 979.634: [ParNew: 547395K->1662K(613440K), 0.0333511 secs] 1308677K->762997K(4126208K), 0.0333511 secs] [Times: user=0.13 sys=0.00, real=0.03 secs] 
989.657: [GC (Allocation Failure) 989.657: [ParNew: 547006K->1890K(613440K), 0.0217107 secs] 1308341K->763879K(4126208K), 0.0217107 secs] [Times: user=0.08 sys=0.00, real=0.02 secs] 
999.639: [GC (Allocation Failure) 999.639: [ParNew: 547234K->1974K(613440K), 0.0304312 secs] 1309223K->765378K(4126208K), 0.0305182 secs] [Times: user=0.12 sys=0.00, real=0.04 secs] 
1009.929: [GC (Allocation Failure) 1009.929: [ParNew: 547318K->2006K(613440K), 0.0276373 secs] 1310722K->766777K(4126208K), 0.0278003 secs] [Times: user=0.09 sys=0.00, real=0.02 secs] 
1019.078: [GC (Allocation Failure) 1019.079: [ParNew: 547350K->1846K(613440K), 0.0230427 secs] 1312121K->767951K(4126208K), 0.0231288 secs] [Times: user=0.08 sys=0.00, real=0.03 secs] 
1028.008: [GC (Allocation Failure) 1028.008: [ParNew: 547190K->1465K(613440K), 0.0264996 secs] 1313295K->768612K(4126208K), 0.0264996 secs] [Times: user=0.10 sys=0.00, real=0.03 secs] 
1036.662: [GC (Allocation Failure) 1036.662: [ParNew: 546809K->1203K(613440K), 0.0315720 secs] 1313956K->769261K(4126208K), 0.0316558 secs] [Times: user=0.13 sys=0.00, real=0.03 secs] 
1045.415: [GC (Allocation Failure) 1045.415: [ParNew: 546547K->1317K(613440K), 0.0293268 secs] 1314605K->770244K(4126208K), 0.0295045 secs] [Times: user=0.10 sys=0.00, real=0.03 secs] 
1054.238: [GC (Allocation Failure) 1054.238: [ParNew: 546661K->1406K(613440K), 0.0286867 secs] 1315588K->771183K(4126208K), 0.0286867 secs] [Times: user=0.10 sys=0.00, real=0.03 secs] 
1063.192: [GC (Allocation Failure) 1063.192: [ParNew: 546750K->1514K(613440K), 0.0229113 secs] 1316527K->772146K(4126208K), 0.0230630 secs] [Times: user=0.08 sys=0.00, real=0.02 secs] 
1071.994: [GC (Allocation Failure) 1071.994: [ParNew: 546858K->1151K(613440K), 0.0228353 secs] 1317490K->771791K(4126208K), 0.0228353 secs] [Times: user=0.11 sys=0.00, real=0.02 secs] 
1080.709: [GC (Allocation Failure) 1080.709: [ParNew: 546495K->1158K(613440K), 0.0358140 secs] 1317135K->772636K(4126208K), 0.0358140 secs] [Times: user=0.13 sys=0.00, real=0.03 secs] 
1089.497: [GC (Allocation Failure) 1089.497: [ParNew: 546502K->1162K(613440K), 0.0261334 secs] 1317980K->773499K(4126208K), 0.0261334 secs] [Times: user=0.07 sys=0.00, real=0.03 secs] 
1098.298: [GC (Allocation Failure) 1098.298: [ParNew: 546506K->1397K(613440K), 0.0252069 secs] 1318843K->774588K(4126208K), 0.0252069 secs] [Times: user=0.07 sys=0.00, real=0.03 secs] 
1107.133: [GC (Allocation Failure) 1107.133: [ParNew: 546741K->1413K(613440K), 0.0264925 secs] 1319932K->775467K(4126208K), 0.0266825 secs] [Times: user=0.08 sys=0.00, real=0.02 secs] 
1116.143: [GC (Allocation Failure) 1116.143: [ParNew: 546757K->1184K(613440K), 0.0198278 secs] 1320811K->776085K(4126208K), 0.0199132 secs] [Times: user=0.07 sys=0.01, real=0.02 secs] 
1124.780: [GC (Allocation Failure) 1124.780: [ParNew: 546528K->1311K(613440K), 0.0345502 secs] 1321429K->777079K(4126208K), 0.0346583 secs] [Times: user=0.12 sys=0.00, real=0.04 secs] 
1133.533: [GC (Allocation Failure) 1133.533: [ParNew: 546655K->1140K(613440K), 0.0258046 secs] 1322423K->777821K(4126208K), 0.0258989 secs] [Times: user=0.07 sys=0.00, real=0.02 secs] 
1142.419: [GC (Allocation Failure) 1142.419: [ParNew: 546484K->1215K(613440K), 0.0254502 secs] 1323165K->778761K(4126208K), 0.0256224 secs] [Times: user=0.10 sys=0.00, real=0.03 secs] 
1151.498: [GC (Allocation Failure) 1151.498: [ParNew: 546559K->1796K(613440K), 0.0324355 secs] 1324105K->780212K(4126208K), 0.0325806 secs] [Times: user=0.10 sys=0.00, real=0.04 secs] 
1160.307: [GC (Allocation Failure) 1160.307: [ParNew: 547140K->1574K(613440K), 0.0286922 secs] 1325556K->781228K(4126208K), 0.0288302 secs] [Times: user=0.12 sys=0.00, real=0.03 secs] 
1168.975: [GC (Allocation Failure) 1168.975: [ParNew: 546918K->1602K(613440K), 0.0185317 secs] 1326572K->782209K(4126208K), 0.0186782 secs] [Times: user=0.08 sys=0.00, real=0.02 secs] 
1177.342: [GC (Allocation Failure) 1177.342: [ParNew: 546946K->989K(613440K), 0.0280991 secs] 1327553K->781598K(4126208K), 0.0280991 secs] [Times: user=0.08 sys=0.01, real=0.03 secs] 
1185.377: [GC (Allocation Failure) 1185.377: [ParNew: 546333K->1150K(613440K), 0.0333109 secs] 1326942K->782582K(4126208K), 0.0333109 secs] [Times: user=0.09 sys=0.00, real=0.04 secs] 
1193.524: [GC (Allocation Failure) 1193.524: [ParNew: 546494K->1132K(613440K), 0.0324289 secs] 1327926K->783395K(4126208K), 0.0324919 secs] [Times: user=0.07 sys=0.01, real=0.03 secs] 
1201.752: [GC (Allocation Failure) 1201.752: [ParNew: 546476K->1258K(613440K), 0.0270409 secs] 1328739K->784353K(4126208K), 0.0272106 secs] [Times: user=0.06 sys=0.02, real=0.02 secs] 
1210.109: [GC (Allocation Failure) 1210.109: [ParNew: 546602K->1518K(613440K), 0.0375054 secs] 1329697K->785480K(4126208K), 0.0376437 secs] [Times: user=0.12 sys=0.01, real=0.03 secs] 
1218.400: [GC (Allocation Failure) 1218.400: [ParNew: 546862K->1310K(613440K), 0.0267123 secs] 1330824K->786242K(4126208K), 0.0268502 secs] [Times: user=0.09 sys=0.00, real=0.02 secs] 
1227.111: [GC (Allocation Failure) 1227.111: [ParNew: 546654K->1531K(613440K), 0.0256651 secs] 1331586K->787301K(4126208K), 0.0257294 secs] [Times: user=0.08 sys=0.01, real=0.02 secs] 
1236.222: [GC (Allocation Failure) 1236.222: [ParNew: 546875K->1328K(613440K), 0.0273110 secs] 1332645K->787995K(4126208K), 0.0273110 secs] [Times: user=0.10 sys=0.00, real=0.03 secs] 
1244.755: [GC (Allocation Failure) 1244.755: [ParNew: 546672K->1294K(613440K), 0.0259886 secs] 1333339K->788915K(4126208K), 0.0259886 secs] [Times: user=0.10 sys=0.00, real=0.03 secs] 
1253.221: [GC (Allocation Failure) 1253.221: [ParNew: 546638K->1311K(613440K), 0.0328955 secs] 1334259K->789905K(4126208K), 0.0328955 secs] [Times: user=0.11 sys=0.00, real=0.03 secs] 
1262.492: [GC (Allocation Failure) 1262.492: [ParNew: 546655K->1414K(613440K), 0.0278084 secs] 1335249K->790839K(4126208K), 0.0279806 secs] [Times: user=0.12 sys=0.00, real=0.03 secs] 
1271.732: [GC (Allocation Failure) 1271.732: [ParNew: 546758K->1402K(613440K), 0.0226205 secs] 1336183K->791773K(4126208K), 0.0227973 secs] [Times: user=0.10 sys=0.00, real=0.02 secs] 
1280.867: [GC (Allocation Failure) 1280.867: [ParNew: 546746K->1373K(613440K), 0.0210333 secs] 1337117K->792593K(4126208K), 0.0211808 secs] [Times: user=0.08 sys=0.00, real=0.03 secs] 
1289.548: [GC (Allocation Failure) 1289.548: [ParNew: 546717K->1239K(613440K), 0.0228728 secs] 1337937K->793348K(4126208K), 0.0229285 secs] [Times: user=0.08 sys=0.01, real=0.02 secs] 
1298.257: [GC (Allocation Failure) 1298.257: [ParNew: 546583K->1349K(613440K), 0.0248004 secs] 1338692K->794417K(4126208K), 0.0248420 secs] [Times: user=0.07 sys=0.00, real=0.03 secs] 
1306.814: [GC (Allocation Failure) 1306.814: [ParNew: 546693K->1398K(613440K), 0.0217522 secs] 1339761K->795325K(4126208K), 0.0218166 secs] [Times: user=0.08 sys=0.00, real=0.02 secs] 
1315.859: [GC (Allocation Failure) 1315.859: [ParNew: 546742K->1423K(613440K), 0.0314598 secs] 1340669K->796221K(4126208K), 0.0314598 secs] [Times: user=0.11 sys=0.00, real=0.04 secs] 
1324.154: [GC (Allocation Failure) 1324.154: [ParNew: 546767K->1451K(613440K), 0.0235586 secs] 1341565K->797136K(4126208K), 0.0235586 secs] [Times: user=0.10 sys=0.00, real=0.02 secs] 
1332.577: [GC (Allocation Failure) 1332.577: [ParNew: 546795K->1325K(613440K), 0.0231687 secs] 1342480K->797879K(4126208K), 0.0231687 secs] [Times: user=0.08 sys=0.00, real=0.03 secs] 
1341.270: [GC (Allocation Failure) 1341.270: [ParNew: 546669K->1339K(613440K), 0.0344076 secs] 1343223K->798777K(4126208K), 0.0344721 secs] [Times: user=0.10 sys=0.00, real=0.03 secs] 
1349.773: [GC (Allocation Failure) 1349.773: [ParNew: 546683K->1465K(613440K), 0.0242920 secs] 1344121K->799798K(4126208K), 0.0244327 secs] [Times: user=0.08 sys=0.00, real=0.02 secs] 
1358.289: [GC (Allocation Failure) 1358.289: [ParNew: 546809K->1307K(613440K), 0.0380723 secs] 1345142K->800597K(4126208K), 0.0382252 secs] [Times: user=0.14 sys=0.01, real=0.03 secs] 
1367.011: [GC (Allocation Failure) 1367.011: [ParNew: 546651K->1319K(613440K), 0.0288330 secs] 1345941K->801453K(4126208K), 0.0289058 secs] [Times: user=0.10 sys=0.00, real=0.03 secs] 
1375.697: [GC (Allocation Failure) 1375.697: [ParNew: 546663K->1437K(613440K), 0.0325977 secs] 1346797K->802446K(4126208K), 0.0326635 secs] [Times: user=0.10 sys=0.00, real=0.04 secs] 
1384.134: [GC (Allocation Failure) 1384.134: [ParNew: 546781K->1323K(613440K), 0.0216851 secs] 1347790K->803202K(4126208K), 0.0217563 secs] [Times: user=0.08 sys=0.01, real=0.02 secs] 
1393.099: [GC (Allocation Failure) 1393.099: [ParNew: 546667K->1109K(613440K), 0.0327419 secs] 1348546K->803131K(4126208K), 0.0328175 secs] [Times: user=0.11 sys=0.00, real=0.04 secs] 
1401.217: [GC (Allocation Failure) 1401.217: [ParNew: 546453K->986K(613440K), 0.0405635 secs] 1348475K->803514K(4126208K), 0.0405635 secs] [Times: user=0.12 sys=0.00, real=0.04 secs] 
1409.673: [GC (Allocation Failure) 1409.673: [ParNew: 546330K->1234K(613440K), 0.0432350 secs] 1348858K->804624K(4126208K), 0.0432350 secs] [Times: user=0.16 sys=0.00, real=0.04 secs] 
1418.336: [GC (Allocation Failure) 1418.336: [ParNew: 546578K->1386K(613440K), 0.0295237 secs] 1349968K->805651K(4126208K), 0.0297230 secs] [Times: user=0.09 sys=0.00, real=0.03 secs] 
1426.758: [GC (Allocation Failure) 1426.758: [ParNew: 546730K->1554K(613440K), 0.0357100 secs] 1350995K->806707K(4126208K), 0.0357736 secs] [Times: user=0.10 sys=0.00, real=0.04 secs] 
1434.938: [GC (Allocation Failure) 1434.938: [ParNew: 546898K->1225K(613440K), 0.0298679 secs] 1352051K->807227K(4126208K), 0.0299308 secs] [Times: user=0.12 sys=0.00, real=0.04 secs] 
1443.742: [GC (Allocation Failure) 1443.742: [ParNew: 546569K->1372K(613440K), 0.0233768 secs] 1352571K->808227K(4126208K), 0.0235219 secs] [Times: user=0.08 sys=0.00, real=0.02 secs] 
1453.746: [GC (Allocation Failure) 1453.746: [ParNew: 546716K->1422K(613440K), 0.0228458 secs] 1353571K->809171K(4126208K), 0.0229378 secs] [Times: user=0.08 sys=0.00, real=0.03 secs] 
1463.218: [GC (Allocation Failure) 1463.218: [ParNew: 546766K->1687K(613440K), 0.0306610 secs] 1354515K->810519K(4126208K), 0.0306610 secs] [Times: user=0.13 sys=0.00, real=0.04 secs] 
1472.823: [GC (Allocation Failure) 1472.823: [ParNew: 547031K->1573K(613440K), 0.0249936 secs] 1355863K->811573K(4126208K), 0.0249936 secs] [Times: user=0.08 sys=0.00, real=0.02 secs] 
1482.384: [GC (Allocation Failure) 1482.384: [ParNew: 546917K->1781K(613440K), 0.0218516 secs] 1356917K->812971K(4126208K), 0.0218516 secs] [Times: user=0.09 sys=0.00, real=0.02 secs] 
1492.121: [GC (Allocation Failure) 1492.121: [ParNew: 547125K->1791K(613440K), 0.0212608 secs] 1358315K->814166K(4126208K), 0.0213140 secs] [Times: user=0.07 sys=0.00, real=0.02 secs] 
1502.101: [GC (Allocation Failure) 1502.101: [ParNew: 547135K->1828K(613440K), 0.0262314 secs] 1359510K->814603K(4126208K), 0.0262314 secs] [Times: user=0.08 sys=0.00, real=0.02 secs] 
1510.584: [GC (Allocation Failure) 1510.584: [ParNew: 547172K->2235K(613440K), 0.0317209 secs] 1359947K->816093K(4126208K), 0.0317209 secs] [Times: user=0.14 sys=0.00, real=0.03 secs] 
1518.290: [GC (Allocation Failure) 1518.290: [ParNew: 547579K->2780K(613440K), 0.0368585 secs] 1361437K->818330K(4126208K), 0.0368585 secs] [Times: user=0.09 sys=0.00, real=0.03 secs] 
1525.834: [GC (Allocation Failure) 1525.834: [ParNew: 548124K->2499K(613440K), 0.0243731 secs] 1363674K->819742K(4126208K), 0.0244557 secs] [Times: user=0.11 sys=0.00, real=0.02 secs] 
1533.365: [GC (Allocation Failure) 1533.365: [ParNew: 547843K->2100K(613440K), 0.0242223 secs] 1365086K->820674K(4126208K), 0.0243126 secs] [Times: user=0.07 sys=0.00, real=0.03 secs] 
1541.117: [GC (Allocation Failure) 1541.117: [ParNew: 547444K->2419K(613440K), 0.0276318 secs] 1366018K->822352K(4126208K), 0.0276318 secs] [Times: user=0.08 sys=0.00, real=0.03 secs] 
1548.921: [GC (Allocation Failure) 1548.921: [ParNew: 547763K->2171K(613440K), 0.0291604 secs] 1367696K->823550K(4126208K), 0.0291604 secs] [Times: user=0.11 sys=0.01, real=0.03 secs] 
1556.942: [GC (Allocation Failure) 1556.942: [ParNew: 547515K->2931K(613440K), 0.0339122 secs] 1368894K->825832K(4126208K), 0.0339122 secs] [Times: user=0.08 sys=0.00, real=0.03 secs] 
1564.974: [GC (Allocation Failure) 1564.974: [ParNew: 548275K->2149K(613440K), 0.0210824 secs] 1371176K->826588K(4126208K), 0.0210824 secs] [Times: user=0.09 sys=0.00, real=0.02 secs] 
1572.860: [GC (Allocation Failure) 1572.860: [ParNew: 547493K->2393K(613440K), 0.0315346 secs] 1371932K->828380K(4126208K), 0.0316757 secs] [Times: user=0.10 sys=0.00, real=0.03 secs] 
1580.797: [GC (Allocation Failure) 1580.797: [ParNew: 547737K->1666K(613440K), 0.0272255 secs] 1373724K->828939K(4126208K), 0.0273063 secs] [Times: user=0.08 sys=0.00, real=0.03 secs] 
1588.737: [GC (Allocation Failure) 1588.737: [ParNew: 547010K->2251K(613440K), 0.0271550 secs] 1374283K->830806K(4126208K), 0.0272293 secs] [Times: user=0.09 sys=0.00, real=0.03 secs] 
1596.722: [GC (Allocation Failure) 1596.722: [ParNew: 547595K->2339K(613440K), 0.0344248 secs] 1376150K->832417K(4126208K), 0.0345608 secs] [Times: user=0.16 sys=0.00, real=0.03 secs] 
1604.887: [GC (Allocation Failure) 1604.887: [ParNew: 547683K->1432K(613440K), 0.0286667 secs] 1377761K->832656K(4126208K), 0.0288368 secs] [Times: user=0.10 sys=0.00, real=0.03 secs] 
1612.500: [GC (Allocation Failure) 1612.500: [ParNew: 546776K->1674K(613440K), 0.0405780 secs] 1378000K->833888K(4126208K), 0.0406411 secs] [Times: user=0.15 sys=0.00, real=0.04 secs] 
1620.354: [GC (Allocation Failure) 1620.354: [ParNew: 547018K->2261K(613440K), 0.0318803 secs] 1379232K->835852K(4126208K), 0.0320236 secs] [Times: user=0.11 sys=0.00, real=0.03 secs] 
1628.064: [GC (Allocation Failure) 1628.064: [ParNew: 547605K->2587K(613440K), 0.0305817 secs] 1381196K->837672K(4126208K), 0.0307276 secs] [Times: user=0.11 sys=0.00, real=0.03 secs] 
1635.841: [GC (Allocation Failure) 1635.841: [ParNew: 547931K->1929K(613440K), 0.0233764 secs] 1383016K->838462K(4126208K), 0.0234552 secs] [Times: user=0.08 sys=0.00, real=0.02 secs] 
1643.704: [GC (Allocation Failure) 1643.704: [ParNew: 547273K->2403K(613440K), 0.0254659 secs] 1383806K->840304K(4126208K), 0.0254659 secs] [Times: user=0.08 sys=0.01, real=0.03 secs] 
1651.600: [GC (Allocation Failure) 1651.600: [ParNew: 547747K->2649K(613440K), 0.0413875 secs] 1385648K->841954K(4126208K), 0.0414705 secs] [Times: user=0.11 sys=0.00, real=0.04 secs] 
1659.567: [GC (Allocation Failure) 1659.567: [ParNew: 547993K->2034K(613440K), 0.0208573 secs] 1387298K->842853K(4126208K), 0.0209373 secs] [Times: user=0.09 sys=0.00, real=0.03 secs] 
1667.730: [GC (Allocation Failure) 1667.730: [ParNew: 547378K->1958K(613440K), 0.0211109 secs] 1388197K->844174K(4126208K), 0.0212781 secs] [Times: user=0.08 sys=0.00, real=0.02 secs] 
1675.771: [GC (Allocation Failure) 1675.771: [ParNew: 547302K->1830K(613440K), 0.0242300 secs] 1389518K->845570K(4126208K), 0.0243076 secs] [Times: user=0.08 sys=0.00, real=0.02 secs] 
1683.800: [GC (Allocation Failure) 1683.800: [ParNew: 547174K->2389K(613440K), 0.0266044 secs] 1390914K->847580K(4126208K), 0.0268448 secs] [Times: user=0.09 sys=0.00, real=0.03 secs] 
1691.872: [GC (Allocation Failure) 1691.872: [ParNew: 547733K->2426K(613440K), 0.0278348 secs] 1392924K->849097K(4126208K), 0.0279184 secs] [Times: user=0.09 sys=0.00, real=0.02 secs] 
1699.793: [GC (Allocation Failure) 1699.793: [ParNew: 547770K->2379K(613440K), 0.0316418 secs] 1394441K->850483K(4126208K), 0.0317205 secs] [Times: user=0.11 sys=0.00, real=0.03 secs] 
1707.855: [GC (Allocation Failure) 1707.855: [ParNew: 547723K->2191K(613440K), 0.0265324 secs] 1395827K->851733K(4126208K), 0.0267029 secs] [Times: user=0.08 sys=0.00, real=0.03 secs] 
1716.032: [GC (Allocation Failure) 1716.032: [ParNew: 547535K->2312K(613440K), 0.0260671 secs] 1397077K->853267K(4126208K), 0.0261451 secs] [Times: user=0.07 sys=0.00, real=0.02 secs] 
1724.054: [GC (Allocation Failure) 1724.054: [ParNew: 547656K->2154K(613440K), 0.0347942 secs] 1398611K->854100K(4126208K), 0.0348651 secs] [Times: user=0.14 sys=0.01, real=0.04 secs] 
1731.760: [GC (Allocation Failure) 1731.760: [ParNew: 547498K->2023K(613440K), 0.0187239 secs] 1399444K->854863K(4126208K), 0.0187984 secs] [Times: user=0.08 sys=0.00, real=0.01 secs] 
1739.615: [GC (Allocation Failure) 1739.615: [ParNew: 547367K->2123K(613440K), 0.0244945 secs] 1400207K->856313K(4126208K), 0.0245649 secs] [Times: user=0.10 sys=0.00, real=0.02 secs] 
1747.306: [GC (Allocation Failure) 1747.306: [ParNew: 547467K->2315K(613440K), 0.0263218 secs] 1401657K->857978K(4126208K), 0.0264852 secs] [Times: user=0.11 sys=0.00, real=0.03 secs] 
1755.309: [GC (Allocation Failure) 1755.309: [ParNew: 547659K->2273K(613440K), 0.0184990 secs] 1403322K->859303K(4126208K), 0.0185723 secs] [Times: user=0.08 sys=0.00, real=0.02 secs] 
1763.363: [GC (Allocation Failure) 1763.363: [ParNew: 547617K->2536K(613440K), 0.0310336 secs] 1404647K->861156K(4126208K), 0.0311997 secs] [Times: user=0.10 sys=0.00, real=0.03 secs] 
1771.421: [GC (Allocation Failure) 1771.422: [ParNew: 547880K->2699K(613440K), 0.0250235 secs] 1406500K->862834K(4126208K), 0.0251908 secs] [Times: user=0.09 sys=0.00, real=0.02 secs] 
1779.503: [GC (Allocation Failure) 1779.503: [ParNew: 548043K->2720K(613440K), 0.0253088 secs] 1408178K->864532K(4126208K), 0.0254001 secs] [Times: user=0.08 sys=0.01, real=0.03 secs] 
1787.651: [GC (Allocation Failure) 1787.651: [ParNew: 548064K->2152K(613440K), 0.0228448 secs] 1409876K->865412K(4126208K), 0.0230085 secs] [Times: user=0.08 sys=0.00, real=0.02 secs] 
1795.609: [GC (Allocation Failure) 1795.609: [ParNew: 547496K->1860K(613440K), 0.0245455 secs] 1410756K->866584K(4126208K), 0.0246245 secs] [Times: user=0.09 sys=0.00, real=0.02 secs] 
Heap
 par new generation   total 613440K, used 384898K [0x00000006c0000000, 0x00000006e9990000, 0x00000006e9990000)
  eden space 545344K,  70% used [0x00000006c0000000, 0x00000006d760f788, 0x00000006e1490000)
  from space 68096K,   2% used [0x00000006e1490000, 0x00000006e1661390, 0x00000006e5710000)
  to   space 68096K,   0% used [0x00000006e5710000, 0x00000006e5710000, 0x00000006e9990000)
 concurrent mark-sweep generation total 3512768K, used 864723K [0x00000006e9990000, 0x00000007c0000000, 0x00000007c0000000)
 Metaspace       used 4658K, capacity 5676K, committed 6016K, reserved 1056768K
  class space    used 498K, capacity 552K, committed 640K, reserved 1048576K
