OpenJDK 64-Bit Server VM (25.0-b70) for linux-amd64 JRE (1.8.0-internal-rbruno_2015_06_16_18_57-b00), built on Feb 13 2017 22:45:11 by "root" with gcc 4.6.4
Memory: 4k page, physical 35197500k(34087500k free), swap 0k(0k free)
CommandLine flags: -XX:ConcGCThreads=8 -XX:G1HeapWastePercent=25 -XX:G1RSetUpdatingPauseTimePercent=10 -XX:InitialHeapSize=4294967296 -XX:InitiatingHeapOccupancyPercent=50 -XX:MaxGCPauseMillis=100 -XX:MaxHeapSize=4294967296 -XX:ParallelGCThreads=8 -XX:+PrintGC -XX:+PrintGCDetails -XX:+PrintGCTimeStamps -XX:-TieredCompilation -XX:+UseCompressedClassPointers -XX:+UseCompressedOops -XX:+UseG1GC 
1.198: [GC pause (G1 Evacuation Pause) (young), 0.2262065 secs]
   [Parallel Time: 221.0 ms, GC Workers: 8]
      [GC Worker Start (ms): Min: 1197.7, Avg: 1206.2, Max: 1213.8, Diff: 16.0]
      [Ext Root Scanning (ms): Min: 0.0, Avg: 0.6, Max: 2.2, Diff: 2.2, Sum: 4.7]
      [Update RS (ms): Min: 0.0, Avg: 22.1, Max: 76.6, Diff: 76.6, Sum: 176.7]
         [Processed Buffers: Min: 0, Avg: 1.5, Max: 3, Diff: 3, Sum: 12]
      [Scan RS (ms): Min: 0.0, Avg: 26.9, Max: 53.7, Diff: 53.7, Sum: 215.4]
      [Code Root Scanning (ms): Min: 0.0, Avg: 0.0, Max: 0.1, Diff: 0.1, Sum: 0.2]
      [Object Copy (ms): Min: 140.6, Avg: 160.7, Max: 174.0, Diff: 33.4, Sum: 1285.5]
      [Termination (ms): Min: 0.0, Avg: 0.3, Max: 0.5, Diff: 0.5, Sum: 2.8]
      [GC Worker Other (ms): Min: 0.0, Avg: 0.1, Max: 0.2, Diff: 0.2, Sum: 0.5]
      [GC Worker Total (ms): Min: 203.1, Avg: 210.7, Max: 219.2, Diff: 16.0, Sum: 1685.8]
      [GC Worker End (ms): Min: 1416.9, Avg: 1416.9, Max: 1417.0, Diff: 0.1]
   [Code Root Fixup: 0.1 ms]
   [Code Root Migration: 0.1 ms]
   [Clear CT: 2.1 ms]
   [Other: 3.0 ms]
      [Choose CSet: 0.0 ms]
      [Ref Proc: 1.8 ms]
      [Ref Enq: 0.0 ms]
      [Free CSet: 0.3 ms]
   [Eden: 204.0M(204.0M)->0.0B(178.0M) Survivors: 0.0B->26.0M Heap: 222.1M(4096.0M)->119.2M(4096.0M)]
 [Times: user=0.86 sys=0.50, real=0.23 secs] 
2.165: [GC pause (G1 Evacuation Pause) (young), 0.1862476 secs]
   [Parallel Time: 179.8 ms, GC Workers: 8]
      [GC Worker Start (ms): Min: 2165.8, Avg: 2166.2, Max: 2166.7, Diff: 1.0]
      [Ext Root Scanning (ms): Min: 0.0, Avg: 0.3, Max: 1.1, Diff: 1.1, Sum: 2.1]
      [Update RS (ms): Min: 0.2, Avg: 0.8, Max: 1.3, Diff: 1.0, Sum: 6.1]
         [Processed Buffers: Min: 0, Avg: 1.2, Max: 2, Diff: 2, Sum: 10]
      [Scan RS (ms): Min: 69.4, Avg: 70.8, Max: 72.3, Diff: 2.9, Sum: 566.5]
      [Code Root Scanning (ms): Min: 0.0, Avg: 0.0, Max: 0.1, Diff: 0.1, Sum: 0.4]
      [Object Copy (ms): Min: 104.3, Avg: 106.0, Max: 107.9, Diff: 3.6, Sum: 848.2]
      [Termination (ms): Min: 0.0, Avg: 0.1, Max: 0.1, Diff: 0.1, Sum: 0.5]
      [GC Worker Other (ms): Min: 0.0, Avg: 0.1, Max: 0.2, Diff: 0.2, Sum: 1.0]
      [GC Worker Total (ms): Min: 177.7, Avg: 178.1, Max: 178.5, Diff: 0.8, Sum: 1424.8]
      [GC Worker End (ms): Min: 2344.3, Avg: 2344.3, Max: 2344.5, Diff: 0.2]
   [Code Root Fixup: 0.1 ms]
   [Code Root Migration: 0.1 ms]
   [Clear CT: 1.7 ms]
   [Other: 4.5 ms]
      [Choose CSet: 0.0 ms]
      [Ref Proc: 2.3 ms]
      [Ref Enq: 0.0 ms]
      [Free CSet: 0.8 ms]
   [Eden: 178.0M(178.0M)->0.0B(178.0M) Survivors: 26.0M->26.0M Heap: 323.2M(4096.0M)->225.0M(4096.0M)]
 [Times: user=0.89 sys=0.24, real=0.19 secs] 
3.075: [GC pause (G1 Evacuation Pause) (young), 0.1512810 secs]
   [Parallel Time: 145.2 ms, GC Workers: 8]
      [GC Worker Start (ms): Min: 3075.6, Avg: 3084.9, Max: 3094.7, Diff: 19.0]
      [Ext Root Scanning (ms): Min: 0.0, Avg: 0.1, Max: 0.6, Diff: 0.6, Sum: 1.2]
      [Update RS (ms): Min: 0.0, Avg: 1.6, Max: 5.2, Diff: 5.2, Sum: 13.0]
         [Processed Buffers: Min: 0, Avg: 1.4, Max: 4, Diff: 4, Sum: 11]
      [Scan RS (ms): Min: 28.3, Avg: 37.8, Max: 46.3, Diff: 18.0, Sum: 302.0]
      [Code Root Scanning (ms): Min: 0.0, Avg: 0.0, Max: 0.1, Diff: 0.1, Sum: 0.3]
      [Object Copy (ms): Min: 87.3, Avg: 90.3, Max: 91.6, Diff: 4.4, Sum: 722.0]
      [Termination (ms): Min: 0.0, Avg: 5.6, Max: 6.8, Diff: 6.8, Sum: 44.9]
      [GC Worker Other (ms): Min: 0.0, Avg: 0.0, Max: 0.0, Diff: 0.0, Sum: 0.2]
      [GC Worker Total (ms): Min: 125.7, Avg: 135.4, Max: 144.7, Diff: 19.0, Sum: 1083.6]
      [GC Worker End (ms): Min: 3220.4, Avg: 3220.4, Max: 3220.4, Diff: 0.1]
   [Code Root Fixup: 0.1 ms]
   [Code Root Migration: 0.0 ms]
   [Clear CT: 1.8 ms]
   [Other: 4.2 ms]
      [Choose CSet: 0.0 ms]
      [Ref Proc: 1.7 ms]
      [Ref Enq: 0.0 ms]
      [Free CSet: 1.1 ms]
   [Eden: 178.0M(178.0M)->0.0B(178.0M) Survivors: 26.0M->26.0M Heap: 403.0M(4096.0M)->280.0M(4096.0M)]
 [Times: user=0.94 sys=0.02, real=0.15 secs] 
3.773: [GC pause (G1 Evacuation Pause) (young), 0.1184383 secs]
   [Parallel Time: 112.0 ms, GC Workers: 8]
      [GC Worker Start (ms): Min: 3773.4, Avg: 3781.4, Max: 3786.5, Diff: 13.1]
      [Ext Root Scanning (ms): Min: 0.0, Avg: 0.1, Max: 0.5, Diff: 0.5, Sum: 0.5]
      [Update RS (ms): Min: 0.0, Avg: 2.7, Max: 9.1, Diff: 9.1, Sum: 21.6]
         [Processed Buffers: Min: 0, Avg: 2.0, Max: 7, Diff: 7, Sum: 16]
      [Scan RS (ms): Min: 28.5, Avg: 31.6, Max: 33.0, Diff: 4.5, Sum: 252.7]
      [Code Root Scanning (ms): Min: 0.0, Avg: 0.0, Max: 0.1, Diff: 0.1, Sum: 0.2]
      [Object Copy (ms): Min: 65.9, Avg: 68.7, Max: 69.1, Diff: 3.2, Sum: 549.5]
      [Termination (ms): Min: 0.0, Avg: 0.1, Max: 0.3, Diff: 0.3, Sum: 1.1]
      [GC Worker Other (ms): Min: 0.0, Avg: 0.1, Max: 0.3, Diff: 0.3, Sum: 0.4]
      [GC Worker Total (ms): Min: 98.1, Avg: 103.3, Max: 111.2, Diff: 13.1, Sum: 826.1]
      [GC Worker End (ms): Min: 3884.6, Avg: 3884.6, Max: 3884.8, Diff: 0.2]
   [Code Root Fixup: 0.0 ms]
   [Code Root Migration: 0.0 ms]
   [Clear CT: 1.8 ms]
   [Other: 4.6 ms]
      [Choose CSet: 0.0 ms]
      [Ref Proc: 2.1 ms]
      [Ref Enq: 0.0 ms]
      [Free CSet: 1.0 ms]
   [Eden: 178.0M(178.0M)->0.0B(178.0M) Survivors: 26.0M->26.0M Heap: 458.0M(4096.0M)->347.0M(4096.0M)]
 [Times: user=0.69 sys=0.03, real=0.12 secs] 
4.624: [GC pause (G1 Evacuation Pause) (young), 0.7405856 secs]
   [Parallel Time: 733.6 ms, GC Workers: 8]
      [GC Worker Start (ms): Min: 4624.5, Avg: 4630.1, Max: 4638.4, Diff: 13.8]
      [Ext Root Scanning (ms): Min: 0.0, Avg: 0.1, Max: 0.4, Diff: 0.4, Sum: 0.7]
      [Update RS (ms): Min: 0.0, Avg: 2.6, Max: 6.4, Diff: 6.4, Sum: 20.8]
         [Processed Buffers: Min: 0, Avg: 1.6, Max: 4, Diff: 4, Sum: 13]
      [Scan RS (ms): Min: 543.9, Avg: 548.2, Max: 551.0, Diff: 7.1, Sum: 4385.5]
      [Code Root Scanning (ms): Min: 0.1, Avg: 0.1, Max: 0.1, Diff: 0.1, Sum: 0.7]
      [Object Copy (ms): Min: 173.9, Avg: 175.2, Max: 177.0, Diff: 3.2, Sum: 1401.3]
      [Termination (ms): Min: 0.0, Avg: 0.4, Max: 0.6, Diff: 0.6, Sum: 3.4]
      [GC Worker Other (ms): Min: 0.0, Avg: 0.1, Max: 0.2, Diff: 0.2, Sum: 0.7]
      [GC Worker Total (ms): Min: 718.3, Avg: 726.6, Max: 732.2, Diff: 13.8, Sum: 5813.0]
      [GC Worker End (ms): Min: 5356.7, Avg: 5356.7, Max: 5356.8, Diff: 0.1]
   [Code Root Fixup: 0.0 ms]
   [Code Root Migration: 0.0 ms]
   [Clear CT: 1.5 ms]
   [Other: 5.4 ms]
      [Choose CSet: 0.0 ms]
      [Ref Proc: 1.9 ms]
      [Ref Enq: 0.0 ms]
      [Free CSet: 0.8 ms]
   [Eden: 178.0M(178.0M)->0.0B(178.0M) Survivors: 26.0M->26.0M Heap: 534.0M(4096.0M)->515.0M(4096.0M)]
 [Times: user=2.13 sys=0.71, real=0.74 secs] 
6.027: [GC pause (G1 Evacuation Pause) (young), 1.2550780 secs]
   [Parallel Time: 1246.4 ms, GC Workers: 8]
      [GC Worker Start (ms): Min: 6026.9, Avg: 6032.7, Max: 6038.7, Diff: 11.8]
      [Ext Root Scanning (ms): Min: 0.0, Avg: 0.2, Max: 0.8, Diff: 0.8, Sum: 1.5]
      [Update RS (ms): Min: 0.0, Avg: 2.9, Max: 7.0, Diff: 7.0, Sum: 23.3]
         [Processed Buffers: Min: 0, Avg: 1.8, Max: 4, Diff: 4, Sum: 14]
      [Scan RS (ms): Min: 1088.6, Avg: 1092.0, Max: 1094.6, Diff: 6.0, Sum: 8736.2]
      [Code Root Scanning (ms): Min: 0.0, Avg: 0.1, Max: 0.1, Diff: 0.1, Sum: 0.9]
      [Object Copy (ms): Min: 142.8, Avg: 144.2, Max: 144.9, Diff: 2.1, Sum: 1153.6]
      [Termination (ms): Min: 0.0, Avg: 0.2, Max: 0.3, Diff: 0.3, Sum: 1.3]
      [GC Worker Other (ms): Min: 0.0, Avg: 0.2, Max: 0.5, Diff: 0.4, Sum: 1.4]
      [GC Worker Total (ms): Min: 1233.7, Avg: 1239.8, Max: 1245.6, Diff: 11.9, Sum: 9918.3]
      [GC Worker End (ms): Min: 7272.4, Avg: 7272.5, Max: 7272.8, Diff: 0.4]
   [Code Root Fixup: 0.0 ms]
   [Code Root Migration: 0.0 ms]
   [Clear CT: 2.3 ms]
   [Other: 6.3 ms]
      [Choose CSet: 0.0 ms]
      [Ref Proc: 1.0 ms]
      [Ref Enq: 0.0 ms]
      [Free CSet: 0.9 ms]
   [Eden: 178.0M(178.0M)->0.0B(178.0M) Survivors: 26.0M->26.0M Heap: 705.0M(4096.0M)->621.0M(4096.0M)]
 [Times: user=2.40 sys=1.25, real=1.26 secs] 
7.550: [GC pause (G1 Evacuation Pause) (young), 0.0943983 secs]
   [Parallel Time: 88.4 ms, GC Workers: 8]
      [GC Worker Start (ms): Min: 7549.9, Avg: 7550.3, Max: 7550.7, Diff: 0.8]
      [Ext Root Scanning (ms): Min: 0.0, Avg: 0.1, Max: 0.5, Diff: 0.5, Sum: 1.2]
      [Update RS (ms): Min: 0.7, Avg: 1.0, Max: 1.1, Diff: 0.4, Sum: 7.8]
         [Processed Buffers: Min: 0, Avg: 1.8, Max: 3, Diff: 3, Sum: 14]
      [Scan RS (ms): Min: 21.4, Avg: 21.5, Max: 21.6, Diff: 0.1, Sum: 172.2]
      [Code Root Scanning (ms): Min: 0.0, Avg: 0.0, Max: 0.0, Diff: 0.0, Sum: 0.2]
      [Object Copy (ms): Min: 58.4, Avg: 59.2, Max: 64.8, Diff: 6.4, Sum: 473.7]
      [Termination (ms): Min: 0.0, Avg: 5.6, Max: 6.4, Diff: 6.4, Sum: 44.9]
      [GC Worker Other (ms): Min: 0.0, Avg: 0.1, Max: 0.1, Diff: 0.1, Sum: 0.5]
      [GC Worker Total (ms): Min: 87.2, Avg: 87.6, Max: 88.0, Diff: 0.8, Sum: 700.5]
      [GC Worker End (ms): Min: 7637.9, Avg: 7637.9, Max: 7637.9, Diff: 0.0]
   [Code Root Fixup: 0.1 ms]
   [Code Root Migration: 0.0 ms]
   [Clear CT: 1.8 ms]
   [Other: 4.0 ms]
      [Choose CSet: 0.0 ms]
      [Ref Proc: 1.6 ms]
      [Ref Enq: 0.0 ms]
      [Free CSet: 0.6 ms]
   [Eden: 178.0M(178.0M)->0.0B(178.0M) Survivors: 26.0M->26.0M Heap: 802.0M(4096.0M)->661.0M(4096.0M)]
 [Times: user=0.61 sys=0.09, real=0.10 secs] 
9.003: [GC pause (G1 Evacuation Pause) (young), 0.0557596 secs]
   [Parallel Time: 51.4 ms, GC Workers: 8]
      [GC Worker Start (ms): Min: 9003.4, Avg: 9018.1, Max: 9042.4, Diff: 39.0]
      [Ext Root Scanning (ms): Min: 0.0, Avg: 0.2, Max: 1.2, Diff: 1.2, Sum: 1.3]
      [Update RS (ms): Min: 0.0, Avg: 1.9, Max: 7.3, Diff: 7.3, Sum: 15.2]
         [Processed Buffers: Min: 0, Avg: 2.5, Max: 11, Diff: 11, Sum: 20]
      [Scan RS (ms): Min: 0.0, Avg: 1.5, Max: 3.6, Diff: 3.6, Sum: 11.7]
      [Code Root Scanning (ms): Min: 0.0, Avg: 0.0, Max: 0.0, Diff: 0.0, Sum: 0.1]
      [Object Copy (ms): Min: 7.8, Avg: 29.1, Max: 34.7, Diff: 26.9, Sum: 232.8]
      [Termination (ms): Min: 0.0, Avg: 3.6, Max: 4.2, Diff: 4.2, Sum: 29.2]
      [GC Worker Other (ms): Min: 0.0, Avg: 0.0, Max: 0.1, Diff: 0.1, Sum: 0.3]
      [GC Worker Total (ms): Min: 12.1, Avg: 36.3, Max: 51.0, Diff: 39.0, Sum: 290.5]
      [GC Worker End (ms): Min: 9054.4, Avg: 9054.4, Max: 9054.5, Diff: 0.1]
   [Code Root Fixup: 0.1 ms]
   [Code Root Migration: 0.0 ms]
   [Clear CT: 1.8 ms]
   [Other: 2.5 ms]
      [Choose CSet: 0.0 ms]
      [Ref Proc: 2.0 ms]
      [Ref Enq: 0.0 ms]
      [Free CSet: 0.2 ms]
   [Eden: 178.0M(178.0M)->0.0B(200.0M) Survivors: 26.0M->4096.0K Heap: 901.4M(4096.0M)->731.4M(4096.0M)]
 [Times: user=0.28 sys=0.00, real=0.06 secs] 
12.134: [GC pause (G1 Evacuation Pause) (young), 0.0167001 secs]
   [Parallel Time: 13.3 ms, GC Workers: 8]
      [GC Worker Start (ms): Min: 12133.8, Avg: 12141.1, Max: 12147.0, Diff: 13.2]
      [Ext Root Scanning (ms): Min: 0.0, Avg: 0.1, Max: 0.6, Diff: 0.6, Sum: 1.1]
      [Update RS (ms): Min: 0.0, Avg: 1.8, Max: 5.9, Diff: 5.9, Sum: 14.4]
         [Processed Buffers: Min: 0, Avg: 2.8, Max: 7, Diff: 7, Sum: 22]
      [Scan RS (ms): Min: 0.0, Avg: 0.3, Max: 0.8, Diff: 0.8, Sum: 2.3]
      [Code Root Scanning (ms): Min: 0.0, Avg: 0.0, Max: 0.0, Diff: 0.0, Sum: 0.0]
      [Object Copy (ms): Min: 0.0, Avg: 0.3, Max: 0.7, Diff: 0.7, Sum: 2.1]
      [Termination (ms): Min: 0.0, Avg: 3.5, Max: 5.7, Diff: 5.7, Sum: 27.7]
      [GC Worker Other (ms): Min: 0.0, Avg: 0.0, Max: 0.1, Diff: 0.1, Sum: 0.2]
      [GC Worker Total (ms): Min: 0.0, Avg: 6.0, Max: 13.2, Diff: 13.2, Sum: 48.0]
      [GC Worker End (ms): Min: 12147.0, Avg: 12147.1, Max: 12147.1, Diff: 0.0]
   [Code Root Fixup: 0.0 ms]
   [Code Root Migration: 0.0 ms]
   [Clear CT: 1.5 ms]
   [Other: 1.8 ms]
      [Choose CSet: 0.0 ms]
      [Ref Proc: 1.2 ms]
      [Ref Enq: 0.0 ms]
      [Free CSet: 0.4 ms]
   [Eden: 200.0M(200.0M)->0.0B(200.0M) Survivors: 4096.0K->4096.0K Heap: 931.4M(4096.0M)->732.4M(4096.0M)]
 [Times: user=0.05 sys=0.00, real=0.02 secs] 
14.983: [GC pause (G1 Evacuation Pause) (young), 0.0192751 secs]
   [Parallel Time: 7.0 ms, GC Workers: 8]
      [GC Worker Start (ms): Min: 14982.7, Avg: 14986.2, Max: 14989.4, Diff: 6.7]
      [Ext Root Scanning (ms): Min: 0.0, Avg: 0.1, Max: 0.4, Diff: 0.4, Sum: 1.0]
      [Update RS (ms): Min: 0.0, Avg: 2.1, Max: 5.1, Diff: 5.1, Sum: 16.5]
         [Processed Buffers: Min: 0, Avg: 2.8, Max: 6, Diff: 6, Sum: 22]
      [Scan RS (ms): Min: 0.0, Avg: 0.3, Max: 0.9, Diff: 0.9, Sum: 2.8]
      [Code Root Scanning (ms): Min: 0.0, Avg: 0.0, Max: 0.1, Diff: 0.1, Sum: 0.1]
      [Object Copy (ms): Min: 0.0, Avg: 0.4, Max: 0.7, Diff: 0.7, Sum: 3.0]
      [Termination (ms): Min: 0.0, Avg: 0.4, Max: 0.7, Diff: 0.7, Sum: 2.8]
      [GC Worker Other (ms): Min: -0.0, Avg: 0.0, Max: 0.1, Diff: 0.1, Sum: 0.4]
      [GC Worker Total (ms): Min: 0.1, Avg: 3.3, Max: 6.9, Diff: 6.8, Sum: 26.6]
      [GC Worker End (ms): Min: 14989.5, Avg: 14989.5, Max: 14989.6, Diff: 0.1]
   [Code Root Fixup: 0.0 ms]
   [Code Root Migration: 0.0 ms]
   [Clear CT: 1.8 ms]
   [Other: 10.5 ms]
      [Choose CSet: 0.0 ms]
      [Ref Proc: 10.1 ms]
      [Ref Enq: 0.0 ms]
      [Free CSet: 0.2 ms]
   [Eden: 200.0M(200.0M)->0.0B(200.0M) Survivors: 4096.0K->4096.0K Heap: 932.4M(4096.0M)->731.7M(4096.0M)]
 [Times: user=0.05 sys=0.00, real=0.02 secs] 
18.155: [GC pause (G1 Evacuation Pause) (young), 0.0364650 secs]
   [Parallel Time: 22.6 ms, GC Workers: 8]
      [GC Worker Start (ms): Min: 18154.9, Avg: 18163.5, Max: 18176.3, Diff: 21.5]
      [Ext Root Scanning (ms): Min: 0.0, Avg: 0.1, Max: 0.5, Diff: 0.5, Sum: 0.5]
      [Update RS (ms): Min: 0.0, Avg: 1.6, Max: 6.2, Diff: 6.2, Sum: 12.8]
         [Processed Buffers: Min: 0, Avg: 2.4, Max: 8, Diff: 8, Sum: 19]
      [Scan RS (ms): Min: 0.0, Avg: 0.4, Max: 1.2, Diff: 1.2, Sum: 3.2]
      [Code Root Scanning (ms): Min: 0.0, Avg: 0.0, Max: 0.0, Diff: 0.0, Sum: 0.0]
      [Object Copy (ms): Min: 0.0, Avg: 0.4, Max: 1.1, Diff: 1.1, Sum: 3.2]
      [Termination (ms): Min: 0.0, Avg: 10.4, Max: 12.5, Diff: 12.5, Sum: 83.0]
      [GC Worker Other (ms): Min: 0.0, Avg: 0.0, Max: 0.1, Diff: 0.1, Sum: 0.3]
      [GC Worker Total (ms): Min: 0.0, Avg: 12.9, Max: 21.5, Diff: 21.5, Sum: 103.0]
      [GC Worker End (ms): Min: 18176.3, Avg: 18176.4, Max: 18176.5, Diff: 0.1]
   [Code Root Fixup: 0.0 ms]
   [Code Root Migration: 0.0 ms]
   [Clear CT: 2.1 ms]
   [Other: 11.7 ms]
      [Choose CSet: 0.0 ms]
      [Ref Proc: 11.3 ms]
      [Ref Enq: 0.0 ms]
      [Free CSet: 0.3 ms]
   [Eden: 200.0M(200.0M)->0.0B(200.0M) Survivors: 4096.0K->4096.0K Heap: 931.7M(4096.0M)->731.0M(4096.0M)]
 [Times: user=0.14 sys=0.00, real=0.04 secs] 
21.582: [GC pause (G1 Evacuation Pause) (young), 0.0276372 secs]
   [Parallel Time: 6.4 ms, GC Workers: 8]
      [GC Worker Start (ms): Min: 21582.5, Avg: 21584.8, Max: 21588.4, Diff: 6.0]
      [Ext Root Scanning (ms): Min: 0.0, Avg: 0.3, Max: 0.6, Diff: 0.6, Sum: 2.0]
      [Update RS (ms): Min: 0.0, Avg: 2.0, Max: 5.1, Diff: 5.1, Sum: 16.1]
         [Processed Buffers: Min: 0, Avg: 3.2, Max: 6, Diff: 6, Sum: 26]
      [Scan RS (ms): Min: 0.0, Avg: 0.6, Max: 1.4, Diff: 1.4, Sum: 4.7]
      [Code Root Scanning (ms): Min: 0.0, Avg: 0.0, Max: 0.1, Diff: 0.1, Sum: 0.1]
      [Object Copy (ms): Min: 0.0, Avg: 0.6, Max: 1.2, Diff: 1.2, Sum: 4.7]
      [Termination (ms): Min: 0.0, Avg: 0.1, Max: 0.3, Diff: 0.3, Sum: 1.2]
      [GC Worker Other (ms): Min: 0.0, Avg: 0.1, Max: 0.2, Diff: 0.2, Sum: 0.9]
      [GC Worker Total (ms): Min: 0.0, Avg: 3.7, Max: 6.1, Diff: 6.1, Sum: 29.7]
      [GC Worker End (ms): Min: 21588.4, Avg: 21588.5, Max: 21588.6, Diff: 0.1]
   [Code Root Fixup: 0.0 ms]
   [Code Root Migration: 0.0 ms]
   [Clear CT: 2.4 ms]
   [Other: 18.9 ms]
      [Choose CSet: 0.0 ms]
      [Ref Proc: 17.8 ms]
      [Ref Enq: 0.0 ms]
      [Free CSet: 0.7 ms]
   [Eden: 200.0M(200.0M)->0.0B(200.0M) Survivors: 4096.0K->4096.0K Heap: 931.0M(4096.0M)->732.2M(4096.0M)]
 [Times: user=0.06 sys=0.03, real=0.02 secs] 
24.773: [GC pause (G1 Evacuation Pause) (young), 0.0147891 secs]
   [Parallel Time: 10.4 ms, GC Workers: 8]
      [GC Worker Start (ms): Min: 24773.6, Avg: 24776.6, Max: 24782.6, Diff: 9.0]
      [Ext Root Scanning (ms): Min: 0.0, Avg: 0.2, Max: 0.6, Diff: 0.6, Sum: 1.4]
      [Update RS (ms): Min: 0.0, Avg: 3.0, Max: 6.4, Diff: 6.4, Sum: 23.9]
         [Processed Buffers: Min: 0, Avg: 2.6, Max: 7, Diff: 7, Sum: 21]
      [Scan RS (ms): Min: 0.0, Avg: 0.4, Max: 1.0, Diff: 1.0, Sum: 3.5]
      [Code Root Scanning (ms): Min: 0.0, Avg: 0.0, Max: 0.1, Diff: 0.1, Sum: 0.1]
      [Object Copy (ms): Min: 0.0, Avg: 0.4, Max: 0.8, Diff: 0.8, Sum: 3.3]
      [Termination (ms): Min: 0.0, Avg: 2.0, Max: 3.2, Diff: 3.2, Sum: 15.9]
      [GC Worker Other (ms): Min: 0.0, Avg: 0.0, Max: 0.1, Diff: 0.1, Sum: 0.3]
      [GC Worker Total (ms): Min: 0.0, Avg: 6.0, Max: 9.0, Diff: 9.0, Sum: 48.3]
      [GC Worker End (ms): Min: 24782.6, Avg: 24782.7, Max: 24782.8, Diff: 0.2]
   [Code Root Fixup: 0.1 ms]
   [Code Root Migration: 0.0 ms]
   [Clear CT: 1.7 ms]
   [Other: 2.5 ms]
      [Choose CSet: 0.0 ms]
      [Ref Proc: 2.1 ms]
      [Ref Enq: 0.0 ms]
      [Free CSet: 0.4 ms]
   [Eden: 200.0M(200.0M)->0.0B(344.0M) Survivors: 4096.0K->4096.0K Heap: 932.2M(4096.0M)->731.5M(4096.0M)]
 [Times: user=0.05 sys=0.00, real=0.01 secs] 
30.099: [GC pause (G1 Evacuation Pause) (young), 0.0178131 secs]
   [Parallel Time: 12.3 ms, GC Workers: 8]
      [GC Worker Start (ms): Min: 30099.5, Avg: 30105.4, Max: 30110.9, Diff: 11.4]
      [Ext Root Scanning (ms): Min: 0.0, Avg: 0.3, Max: 1.1, Diff: 1.1, Sum: 2.3]
      [Update RS (ms): Min: 0.0, Avg: 2.6, Max: 6.0, Diff: 6.0, Sum: 20.7]
         [Processed Buffers: Min: 0, Avg: 3.5, Max: 7, Diff: 7, Sum: 28]
      [Scan RS (ms): Min: 0.0, Avg: 0.6, Max: 1.0, Diff: 1.0, Sum: 4.4]
      [Code Root Scanning (ms): Min: 0.0, Avg: 0.0, Max: 0.1, Diff: 0.1, Sum: 0.1]
      [Object Copy (ms): Min: 0.0, Avg: 1.6, Max: 2.6, Diff: 2.6, Sum: 12.9]
      [Termination (ms): Min: 0.0, Avg: 0.4, Max: 0.6, Diff: 0.6, Sum: 3.3]
      [GC Worker Other (ms): Min: 0.0, Avg: 0.1, Max: 0.2, Diff: 0.2, Sum: 0.5]
      [GC Worker Total (ms): Min: 0.0, Avg: 5.5, Max: 11.4, Diff: 11.4, Sum: 44.2]
      [GC Worker End (ms): Min: 30110.9, Avg: 30110.9, Max: 30110.9, Diff: 0.0]
   [Code Root Fixup: 0.1 ms]
   [Code Root Migration: 0.1 ms]
   [Clear CT: 2.0 ms]
   [Other: 3.4 ms]
      [Choose CSet: 0.0 ms]
      [Ref Proc: 1.8 ms]
      [Ref Enq: 0.0 ms]
      [Free CSet: 1.2 ms]
   [Eden: 344.0M(344.0M)->0.0B(2452.0M) Survivors: 4096.0K->4096.0K Heap: 1075.5M(4096.0M)->732.1M(4096.0M)]
 [Times: user=0.05 sys=0.00, real=0.01 secs] 
69.646: [GC pause (G1 Evacuation Pause) (young), 0.0326352 secs]
   [Parallel Time: 19.5 ms, GC Workers: 8]
      [GC Worker Start (ms): Min: 69648.1, Avg: 69651.2, Max: 69654.7, Diff: 6.6]
      [Ext Root Scanning (ms): Min: 0.0, Avg: 0.1, Max: 1.1, Diff: 1.1, Sum: 1.1]
      [Update RS (ms): Min: 0.0, Avg: 5.1, Max: 14.9, Diff: 14.9, Sum: 41.1]
         [Processed Buffers: Min: 0, Avg: 3.8, Max: 6, Diff: 6, Sum: 30]
      [Scan RS (ms): Min: 0.3, Avg: 2.2, Max: 3.0, Diff: 2.7, Sum: 17.4]
      [Code Root Scanning (ms): Min: 0.0, Avg: 0.1, Max: 0.2, Diff: 0.2, Sum: 0.4]
      [Object Copy (ms): Min: 0.0, Avg: 6.4, Max: 7.9, Diff: 7.9, Sum: 51.5]
      [Termination (ms): Min: 0.0, Avg: 0.9, Max: 1.2, Diff: 1.2, Sum: 7.6]
      [GC Worker Other (ms): Min: 0.0, Avg: 0.3, Max: 0.7, Diff: 0.7, Sum: 2.4]
      [GC Worker Total (ms): Min: 11.6, Avg: 15.2, Max: 18.3, Diff: 6.6, Sum: 121.6]
      [GC Worker End (ms): Min: 69666.1, Avg: 69666.4, Max: 69666.8, Diff: 0.7]
   [Code Root Fixup: 0.1 ms]
   [Code Root Migration: 0.2 ms]
   [Clear CT: 1.9 ms]
   [Other: 11.0 ms]
      [Choose CSet: 0.0 ms]
      [Ref Proc: 3.9 ms]
      [Ref Enq: 0.0 ms]
      [Free CSet: 5.8 ms]
   [Eden: 2452.0M(2452.0M)->0.0B(2448.0M) Survivors: 4096.0K->8192.0K Heap: 3184.1M(4096.0M)->736.0M(4096.0M)]
 [Times: user=0.07 sys=0.05, real=0.04 secs] 
106.671: [GC pause (G1 Evacuation Pause) (young), 0.0347769 secs]
   [Parallel Time: 23.4 ms, GC Workers: 8]
      [GC Worker Start (ms): Min: 106671.8, Avg: 106681.5, Max: 106694.6, Diff: 22.8]
      [Ext Root Scanning (ms): Min: 0.0, Avg: 0.0, Max: 0.0, Diff: 0.0, Sum: 0.0]
      [Update RS (ms): Min: 0.0, Avg: 3.1, Max: 9.4, Diff: 9.4, Sum: 24.6]
         [Processed Buffers: Min: 0, Avg: 4.1, Max: 9, Diff: 9, Sum: 33]
      [Scan RS (ms): Min: 0.0, Avg: 2.0, Max: 3.9, Diff: 3.9, Sum: 16.2]
      [Code Root Scanning (ms): Min: 0.0, Avg: 0.1, Max: 0.1, Diff: 0.1, Sum: 0.5]
      [Object Copy (ms): Min: 0.0, Avg: 2.5, Max: 10.2, Diff: 10.2, Sum: 20.1]
      [Termination (ms): Min: 0.0, Avg: 5.6, Max: 8.4, Diff: 8.4, Sum: 45.0]
      [GC Worker Other (ms): Min: -0.0, Avg: 0.1, Max: 0.1, Diff: 0.1, Sum: 0.5]
      [GC Worker Total (ms): Min: 0.2, Avg: 13.4, Max: 23.1, Diff: 22.9, Sum: 106.9]
      [GC Worker End (ms): Min: 106694.8, Avg: 106694.9, Max: 106695.0, Diff: 0.2]
   [Code Root Fixup: 0.0 ms]
   [Code Root Migration: 0.3 ms]
   [Clear CT: 1.8 ms]
   [Other: 9.2 ms]
      [Choose CSet: 0.0 ms]
      [Ref Proc: 3.4 ms]
      [Ref Enq: 0.0 ms]
      [Free CSet: 5.0 ms]
   [Eden: 2448.0M(2448.0M)->0.0B(2450.0M) Survivors: 8192.0K->6144.0K Heap: 3184.0M(4096.0M)->734.4M(4096.0M)]
 [Times: user=0.10 sys=0.01, real=0.03 secs] 
145.614: [GC pause (G1 Evacuation Pause) (young), 0.0363395 secs]
   [Parallel Time: 21.2 ms, GC Workers: 8]
      [GC Worker Start (ms): Min: 145614.0, Avg: 145624.4, Max: 145634.0, Diff: 20.0]
      [Ext Root Scanning (ms): Min: 0.0, Avg: 2.2, Max: 17.1, Diff: 17.1, Sum: 17.9]
      [Update RS (ms): Min: 0.0, Avg: 2.6, Max: 11.4, Diff: 11.4, Sum: 21.1]
         [Processed Buffers: Min: 0, Avg: 4.1, Max: 16, Diff: 16, Sum: 33]
      [Scan RS (ms): Min: 0.0, Avg: 1.6, Max: 3.6, Diff: 3.6, Sum: 12.5]
      [Code Root Scanning (ms): Min: 0.0, Avg: 0.1, Max: 0.2, Diff: 0.2, Sum: 0.4]
      [Object Copy (ms): Min: 0.0, Avg: 3.4, Max: 5.0, Diff: 5.0, Sum: 27.0]
      [Termination (ms): Min: 0.0, Avg: 0.9, Max: 1.2, Diff: 1.2, Sum: 6.9]
      [GC Worker Other (ms): Min: 0.0, Avg: 0.1, Max: 0.2, Diff: 0.1, Sum: 0.5]
      [GC Worker Total (ms): Min: 1.2, Avg: 10.8, Max: 21.1, Diff: 19.9, Sum: 86.3]
      [GC Worker End (ms): Min: 145635.1, Avg: 145635.2, Max: 145635.2, Diff: 0.1]
   [Code Root Fixup: 0.0 ms]
   [Code Root Migration: 0.1 ms]
   [Clear CT: 2.4 ms]
   [Other: 12.6 ms]
      [Choose CSet: 0.0 ms]
      [Ref Proc: 8.2 ms]
      [Ref Enq: 0.0 ms]
      [Free CSet: 4.3 ms]
   [Eden: 2450.0M(2450.0M)->0.0B(2444.0M) Survivors: 6144.0K->12.0M Heap: 3184.4M(4096.0M)->738.9M(4096.0M)]
 [Times: user=0.09 sys=0.00, real=0.04 secs] 
184.747: [GC pause (G1 Evacuation Pause) (young), 0.0297944 secs]
   [Parallel Time: 21.8 ms, GC Workers: 8]
      [GC Worker Start (ms): Min: 184747.3, Avg: 184754.9, Max: 184761.9, Diff: 14.6]
      [Ext Root Scanning (ms): Min: 0.0, Avg: 0.1, Max: 0.5, Diff: 0.5, Sum: 0.6]
      [Update RS (ms): Min: 0.0, Avg: 3.6, Max: 8.8, Diff: 8.8, Sum: 28.9]
         [Processed Buffers: Min: 0, Avg: 4.6, Max: 11, Diff: 11, Sum: 37]
      [Scan RS (ms): Min: 0.2, Avg: 1.2, Max: 2.3, Diff: 2.1, Sum: 10.0]
      [Code Root Scanning (ms): Min: 0.0, Avg: 0.1, Max: 0.2, Diff: 0.2, Sum: 0.5]
      [Object Copy (ms): Min: 0.8, Avg: 5.1, Max: 8.9, Diff: 8.0, Sum: 40.4]
      [Termination (ms): Min: 0.0, Avg: 2.6, Max: 4.5, Diff: 4.5, Sum: 20.7]
      [GC Worker Other (ms): Min: 0.0, Avg: 0.4, Max: 0.8, Diff: 0.8, Sum: 2.8]
      [GC Worker Total (ms): Min: 6.0, Avg: 13.0, Max: 20.5, Diff: 14.4, Sum: 103.9]
      [GC Worker End (ms): Min: 184767.6, Avg: 184767.8, Max: 184768.3, Diff: 0.7]
   [Code Root Fixup: 0.0 ms]
   [Code Root Migration: 0.3 ms]
   [Clear CT: 2.5 ms]
   [Other: 5.2 ms]
      [Choose CSet: 0.0 ms]
      [Ref Proc: 1.1 ms]
      [Ref Enq: 0.0 ms]
      [Free CSet: 3.7 ms]
   [Eden: 2444.0M(2444.0M)->0.0B(2438.0M) Survivors: 12.0M->18.0M Heap: 3182.9M(4096.0M)->745.8M(4096.0M)]
 [Times: user=0.10 sys=0.00, real=0.03 secs] 
222.965: [GC pause (G1 Evacuation Pause) (young), 0.0381081 secs]
   [Parallel Time: 25.8 ms, GC Workers: 8]
      [GC Worker Start (ms): Min: 222965.4, Avg: 222982.2, Max: 222990.5, Diff: 25.1]
      [Ext Root Scanning (ms): Min: 0.0, Avg: 0.0, Max: 0.0, Diff: 0.0, Sum: 0.1]
      [Update RS (ms): Min: 0.0, Avg: 3.3, Max: 14.0, Diff: 14.0, Sum: 26.1]
         [Processed Buffers: Min: 0, Avg: 4.9, Max: 21, Diff: 21, Sum: 39]
      [Scan RS (ms): Min: 0.2, Avg: 2.1, Max: 9.1, Diff: 8.9, Sum: 16.7]
      [Code Root Scanning (ms): Min: 0.0, Avg: 0.1, Max: 0.3, Diff: 0.3, Sum: 0.6]
      [Object Copy (ms): Min: 0.0, Avg: 2.3, Max: 6.2, Diff: 6.2, Sum: 18.5]
      [Termination (ms): Min: 0.0, Avg: 0.9, Max: 1.4, Diff: 1.4, Sum: 6.9]
      [GC Worker Other (ms): Min: 0.0, Avg: 0.0, Max: 0.1, Diff: 0.1, Sum: 0.2]
      [GC Worker Total (ms): Min: 0.3, Avg: 8.6, Max: 25.4, Diff: 25.1, Sum: 69.2]
      [GC Worker End (ms): Min: 222990.8, Avg: 222990.8, Max: 222990.9, Diff: 0.1]
   [Code Root Fixup: 0.0 ms]
   [Code Root Migration: 0.3 ms]
   [Clear CT: 1.9 ms]
   [Other: 10.1 ms]
      [Choose CSet: 0.0 ms]
      [Ref Proc: 7.2 ms]
      [Ref Enq: 0.0 ms]
      [Free CSet: 2.8 ms]
   [Eden: 2438.0M(2438.0M)->0.0B(2444.0M) Survivors: 18.0M->12.0M Heap: 3183.8M(4096.0M)->740.2M(4096.0M)]
 [Times: user=0.09 sys=0.00, real=0.04 secs] 
261.012: [GC pause (G1 Evacuation Pause) (young), 0.0302962 secs]
   [Parallel Time: 24.0 ms, GC Workers: 8]
      [GC Worker Start (ms): Min: 261011.6, Avg: 261021.4, Max: 261034.4, Diff: 22.8]
      [Ext Root Scanning (ms): Min: 0.0, Avg: 0.0, Max: 0.1, Diff: 0.1, Sum: 0.2]
      [Update RS (ms): Min: 0.0, Avg: 4.8, Max: 13.4, Diff: 13.4, Sum: 38.2]
         [Processed Buffers: Min: 0, Avg: 5.8, Max: 15, Diff: 15, Sum: 46]
      [Scan RS (ms): Min: 0.1, Avg: 2.0, Max: 8.0, Diff: 7.8, Sum: 15.7]
      [Code Root Scanning (ms): Min: 0.0, Avg: 0.1, Max: 0.1, Diff: 0.1, Sum: 0.4]
      [Object Copy (ms): Min: 0.0, Avg: 2.9, Max: 4.0, Diff: 4.0, Sum: 23.2]
      [Termination (ms): Min: 0.0, Avg: 3.5, Max: 4.4, Diff: 4.4, Sum: 27.8]
      [GC Worker Other (ms): Min: 0.0, Avg: 0.2, Max: 0.6, Diff: 0.6, Sum: 1.7]
      [GC Worker Total (ms): Min: 0.2, Avg: 13.4, Max: 23.1, Diff: 22.8, Sum: 107.2]
      [GC Worker End (ms): Min: 261034.6, Avg: 261034.8, Max: 261035.2, Diff: 0.6]
   [Code Root Fixup: 0.1 ms]
   [Code Root Migration: 0.3 ms]
   [Clear CT: 1.7 ms]
   [Other: 4.2 ms]
      [Choose CSet: 0.0 ms]
      [Ref Proc: 1.7 ms]
      [Ref Enq: 0.0 ms]
      [Free CSet: 2.4 ms]
   [Eden: 2444.0M(2444.0M)->0.0B(2442.0M) Survivors: 12.0M->14.0M Heap: 3184.2M(4096.0M)->741.4M(4096.0M)]
 [Times: user=0.11 sys=0.00, real=0.03 secs] 
300.856: [GC pause (G1 Evacuation Pause) (young), 0.0341684 secs]
   [Parallel Time: 28.5 ms, GC Workers: 8]
      [GC Worker Start (ms): Min: 300855.9, Avg: 300866.8, Max: 300883.2, Diff: 27.3]
      [Ext Root Scanning (ms): Min: 0.0, Avg: 0.1, Max: 0.5, Diff: 0.5, Sum: 0.5]
      [Update RS (ms): Min: 0.0, Avg: 4.9, Max: 11.4, Diff: 11.4, Sum: 39.4]
         [Processed Buffers: Min: 0, Avg: 5.9, Max: 14, Diff: 14, Sum: 47]
      [Scan RS (ms): Min: 0.0, Avg: 1.0, Max: 2.0, Diff: 2.0, Sum: 7.9]
      [Code Root Scanning (ms): Min: 0.0, Avg: 0.1, Max: 0.2, Diff: 0.2, Sum: 0.6]
      [Object Copy (ms): Min: 0.0, Avg: 3.0, Max: 5.1, Diff: 5.1, Sum: 24.3]
      [Termination (ms): Min: 0.0, Avg: 7.4, Max: 8.6, Diff: 8.6, Sum: 59.2]
      [GC Worker Other (ms): Min: 0.0, Avg: 0.1, Max: 0.2, Diff: 0.2, Sum: 0.5]
      [GC Worker Total (ms): Min: 0.1, Avg: 16.6, Max: 27.5, Diff: 27.4, Sum: 132.5]
      [GC Worker End (ms): Min: 300883.4, Avg: 300883.4, Max: 300883.5, Diff: 0.1]
   [Code Root Fixup: 0.0 ms]
   [Code Root Migration: 0.1 ms]
   [Clear CT: 1.1 ms]
   [Other: 4.4 ms]
      [Choose CSet: 0.0 ms]
      [Ref Proc: 1.9 ms]
      [Ref Enq: 0.0 ms]
      [Free CSet: 2.3 ms]
   [Eden: 2442.0M(2442.0M)->0.0B(2442.0M) Survivors: 14.0M->14.0M Heap: 3183.4M(4096.0M)->741.4M(4096.0M)]
 [Times: user=0.13 sys=0.00, real=0.03 secs] 
340.566: [GC pause (G1 Evacuation Pause) (young), 0.0339526 secs]
   [Parallel Time: 27.2 ms, GC Workers: 8]
      [GC Worker Start (ms): Min: 340565.9, Avg: 340583.5, Max: 340592.0, Diff: 26.1]
      [Ext Root Scanning (ms): Min: 0.0, Avg: 0.1, Max: 0.6, Diff: 0.6, Sum: 0.6]
      [Update RS (ms): Min: 0.0, Avg: 4.4, Max: 16.6, Diff: 16.6, Sum: 34.8]
         [Processed Buffers: Min: 0, Avg: 6.9, Max: 24, Diff: 24, Sum: 55]
      [Scan RS (ms): Min: 0.0, Avg: 0.9, Max: 2.2, Diff: 2.2, Sum: 6.9]
      [Code Root Scanning (ms): Min: 0.0, Avg: 0.0, Max: 0.1, Diff: 0.1, Sum: 0.4]
      [Object Copy (ms): Min: 0.0, Avg: 2.7, Max: 5.8, Diff: 5.8, Sum: 21.3]
      [Termination (ms): Min: 0.0, Avg: 0.6, Max: 1.3, Diff: 1.3, Sum: 4.8]
      [GC Worker Other (ms): Min: 0.0, Avg: 0.1, Max: 0.2, Diff: 0.2, Sum: 0.6]
      [GC Worker Total (ms): Min: 0.1, Avg: 8.7, Max: 26.3, Diff: 26.2, Sum: 69.4]
      [GC Worker End (ms): Min: 340592.2, Avg: 340592.2, Max: 340592.2, Diff: 0.1]
   [Code Root Fixup: 0.0 ms]
   [Code Root Migration: 0.7 ms]
   [Clear CT: 2.0 ms]
   [Other: 4.1 ms]
      [Choose CSet: 0.0 ms]
      [Ref Proc: 1.3 ms]
      [Ref Enq: 0.0 ms]
      [Free CSet: 2.7 ms]
   [Eden: 2442.0M(2442.0M)->0.0B(2442.0M) Survivors: 14.0M->14.0M Heap: 3183.4M(4096.0M)->741.4M(4096.0M)]
 [Times: user=0.08 sys=0.00, real=0.04 secs] 
379.372: [GC pause (G1 Evacuation Pause) (young), 0.0373153 secs]
   [Parallel Time: 26.6 ms, GC Workers: 8]
      [GC Worker Start (ms): Min: 379371.7, Avg: 379382.0, Max: 379396.4, Diff: 24.7]
      [Ext Root Scanning (ms): Min: 0.0, Avg: 0.1, Max: 0.5, Diff: 0.5, Sum: 0.5]
      [Update RS (ms): Min: 0.0, Avg: 3.6, Max: 9.4, Diff: 9.4, Sum: 28.7]
         [Processed Buffers: Min: 0, Avg: 5.6, Max: 13, Diff: 13, Sum: 45]
      [Scan RS (ms): Min: 0.1, Avg: 1.0, Max: 1.9, Diff: 1.8, Sum: 7.6]
      [Code Root Scanning (ms): Min: 0.0, Avg: 0.1, Max: 0.2, Diff: 0.2, Sum: 0.5]
      [Object Copy (ms): Min: 0.0, Avg: 3.7, Max: 11.1, Diff: 11.1, Sum: 29.7]
      [Termination (ms): Min: 0.0, Avg: 7.3, Max: 9.7, Diff: 9.7, Sum: 58.6]
      [GC Worker Other (ms): Min: 0.0, Avg: 0.1, Max: 0.3, Diff: 0.3, Sum: 0.8]
      [GC Worker Total (ms): Min: 1.4, Avg: 15.8, Max: 26.1, Diff: 24.6, Sum: 126.5]
      [GC Worker End (ms): Min: 379397.7, Avg: 379397.8, Max: 379398.0, Diff: 0.2]
   [Code Root Fixup: 0.0 ms]
   [Code Root Migration: 0.4 ms]
   [Clear CT: 2.7 ms]
   [Other: 7.6 ms]
      [Choose CSet: 0.0 ms]
      [Ref Proc: 4.9 ms]
      [Ref Enq: 0.0 ms]
      [Free CSet: 2.4 ms]
   [Eden: 2442.0M(2442.0M)->0.0B(2444.0M) Survivors: 14.0M->12.0M Heap: 3183.4M(4096.0M)->740.3M(4096.0M)]
 [Times: user=0.13 sys=0.01, real=0.03 secs] 
417.216: [GC pause (G1 Evacuation Pause) (young), 0.0292446 secs]
   [Parallel Time: 21.9 ms, GC Workers: 8]
      [GC Worker Start (ms): Min: 417216.0, Avg: 417225.9, Max: 417236.5, Diff: 20.5]
      [Ext Root Scanning (ms): Min: 0.0, Avg: 0.1, Max: 0.5, Diff: 0.5, Sum: 0.5]
      [Update RS (ms): Min: 0.0, Avg: 5.3, Max: 13.3, Diff: 13.3, Sum: 42.5]
         [Processed Buffers: Min: 0, Avg: 7.8, Max: 17, Diff: 17, Sum: 62]
      [Scan RS (ms): Min: 0.2, Avg: 1.1, Max: 1.9, Diff: 1.7, Sum: 8.8]
      [Code Root Scanning (ms): Min: 0.0, Avg: 0.1, Max: 0.2, Diff: 0.2, Sum: 0.5]
      [Object Copy (ms): Min: 0.0, Avg: 3.9, Max: 5.3, Diff: 5.3, Sum: 31.5]
      [Termination (ms): Min: 0.0, Avg: 0.4, Max: 0.5, Diff: 0.5, Sum: 2.8]
      [GC Worker Other (ms): Min: 0.0, Avg: 0.1, Max: 0.3, Diff: 0.2, Sum: 1.0]
      [GC Worker Total (ms): Min: 0.3, Avg: 11.0, Max: 21.0, Diff: 20.7, Sum: 87.7]
      [GC Worker End (ms): Min: 417236.8, Avg: 417236.9, Max: 417237.1, Diff: 0.2]
   [Code Root Fixup: 0.0 ms]
   [Code Root Migration: 0.3 ms]
   [Clear CT: 1.6 ms]
   [Other: 5.4 ms]
      [Choose CSet: 0.0 ms]
      [Ref Proc: 1.6 ms]
      [Ref Enq: 0.0 ms]
      [Free CSet: 3.5 ms]
   [Eden: 2444.0M(2444.0M)->0.0B(2438.0M) Survivors: 12.0M->18.0M Heap: 3184.3M(4096.0M)->747.5M(4096.0M)]
 [Times: user=0.10 sys=0.01, real=0.03 secs] 
454.741: [GC pause (G1 Evacuation Pause) (young), 0.0267345 secs]
   [Parallel Time: 20.0 ms, GC Workers: 8]
      [GC Worker Start (ms): Min: 454741.1, Avg: 454746.2, Max: 454754.6, Diff: 13.5]
      [Ext Root Scanning (ms): Min: 0.0, Avg: 0.1, Max: 0.5, Diff: 0.5, Sum: 1.0]
      [Update RS (ms): Min: 0.0, Avg: 7.5, Max: 17.0, Diff: 17.0, Sum: 59.8]
         [Processed Buffers: Min: 0, Avg: 7.9, Max: 17, Diff: 17, Sum: 63]
      [Scan RS (ms): Min: 0.0, Avg: 0.9, Max: 1.7, Diff: 1.7, Sum: 7.3]
      [Code Root Scanning (ms): Min: 0.0, Avg: 0.0, Max: 0.1, Diff: 0.1, Sum: 0.4]
      [Object Copy (ms): Min: 0.0, Avg: 4.1, Max: 4.8, Diff: 4.8, Sum: 32.9]
      [Termination (ms): Min: 0.0, Avg: 1.0, Max: 1.1, Diff: 1.1, Sum: 7.8]
      [GC Worker Other (ms): Min: 0.0, Avg: 0.3, Max: 0.7, Diff: 0.7, Sum: 2.1]
      [GC Worker Total (ms): Min: 5.2, Avg: 13.9, Max: 18.9, Diff: 13.7, Sum: 111.2]
      [GC Worker End (ms): Min: 454759.8, Avg: 454760.1, Max: 454760.5, Diff: 0.7]
   [Code Root Fixup: 0.0 ms]
   [Code Root Migration: 0.4 ms]
   [Clear CT: 2.1 ms]
   [Other: 4.2 ms]
      [Choose CSet: 0.0 ms]
      [Ref Proc: 2.0 ms]
      [Ref Enq: 0.0 ms]
      [Free CSet: 2.0 ms]
   [Eden: 2438.0M(2438.0M)->0.0B(2442.0M) Survivors: 18.0M->14.0M Heap: 3185.5M(4096.0M)->743.8M(4096.0M)]
 [Times: user=0.10 sys=0.00, real=0.02 secs] 
491.536: [GC pause (G1 Evacuation Pause) (young), 0.0262703 secs]
   [Parallel Time: 20.3 ms, GC Workers: 8]
      [GC Worker Start (ms): Min: 491535.5, Avg: 491543.3, Max: 491554.6, Diff: 19.0]
      [Ext Root Scanning (ms): Min: 0.0, Avg: 0.1, Max: 0.4, Diff: 0.4, Sum: 0.4]
      [Update RS (ms): Min: 0.0, Avg: 4.6, Max: 10.0, Diff: 10.0, Sum: 36.9]
         [Processed Buffers: Min: 0, Avg: 7.0, Max: 12, Diff: 12, Sum: 56]
      [Scan RS (ms): Min: 0.0, Avg: 0.8, Max: 2.6, Diff: 2.6, Sum: 6.4]
      [Code Root Scanning (ms): Min: 0.0, Avg: 0.1, Max: 0.2, Diff: 0.2, Sum: 0.5]
      [Object Copy (ms): Min: 0.0, Avg: 2.7, Max: 4.2, Diff: 4.2, Sum: 21.6]
      [Termination (ms): Min: 0.0, Avg: 3.3, Max: 4.0, Diff: 4.0, Sum: 26.2]
      [GC Worker Other (ms): Min: -0.0, Avg: 0.1, Max: 0.2, Diff: 0.2, Sum: 0.9]
      [GC Worker Total (ms): Min: 0.2, Avg: 11.6, Max: 19.4, Diff: 19.2, Sum: 93.1]
      [GC Worker End (ms): Min: 491554.8, Avg: 491554.9, Max: 491555.0, Diff: 0.2]
   [Code Root Fixup: 0.0 ms]
   [Code Root Migration: 0.6 ms]
   [Clear CT: 1.5 ms]
   [Other: 3.9 ms]
      [Choose CSet: 0.0 ms]
      [Ref Proc: 1.9 ms]
      [Ref Enq: 0.0 ms]
      [Free CSet: 1.9 ms]
   [Eden: 2442.0M(2442.0M)->0.0B(2444.0M) Survivors: 14.0M->12.0M Heap: 3185.8M(4096.0M)->742.2M(4096.0M)]
 [Times: user=0.09 sys=0.01, real=0.03 secs] 
528.782: [GC pause (G1 Evacuation Pause) (young), 0.0374167 secs]
   [Parallel Time: 29.8 ms, GC Workers: 8]
      [GC Worker Start (ms): Min: 528781.9, Avg: 528792.6, Max: 528798.3, Diff: 16.4]
      [Ext Root Scanning (ms): Min: 0.0, Avg: 0.0, Max: 0.0, Diff: 0.0, Sum: 0.0]
      [Update RS (ms): Min: 1.9, Avg: 9.6, Max: 28.5, Diff: 26.6, Sum: 76.9]
         [Processed Buffers: Min: 1, Avg: 7.0, Max: 22, Diff: 21, Sum: 56]
      [Scan RS (ms): Min: 0.0, Avg: 0.6, Max: 1.5, Diff: 1.5, Sum: 4.9]
      [Code Root Scanning (ms): Min: 0.0, Avg: 0.1, Max: 0.2, Diff: 0.2, Sum: 0.5]
      [Object Copy (ms): Min: 0.0, Avg: 6.9, Max: 8.1, Diff: 8.1, Sum: 55.6]
      [Termination (ms): Min: 0.0, Avg: 0.8, Max: 1.2, Diff: 1.2, Sum: 6.3]
      [GC Worker Other (ms): Min: 0.0, Avg: 0.1, Max: 0.3, Diff: 0.3, Sum: 1.1]
      [GC Worker Total (ms): Min: 12.5, Avg: 18.2, Max: 28.8, Diff: 16.3, Sum: 145.3]
      [GC Worker End (ms): Min: 528810.7, Avg: 528810.8, Max: 528810.9, Diff: 0.3]
   [Code Root Fixup: 0.0 ms]
   [Code Root Migration: 0.5 ms]
   [Clear CT: 2.2 ms]
   [Other: 4.9 ms]
      [Choose CSet: 0.0 ms]
      [Ref Proc: 4.1 ms]
      [Ref Enq: 0.0 ms]
      [Free CSet: 0.8 ms]
   [Eden: 2444.0M(2444.0M)->0.0B(2438.0M) Survivors: 12.0M->18.0M Heap: 3186.2M(4096.0M)->747.4M(4096.0M)]
 [Times: user=0.13 sys=0.00, real=0.04 secs] 
565.644: [GC pause (G1 Evacuation Pause) (young), 0.0358541 secs]
   [Parallel Time: 31.6 ms, GC Workers: 8]
      [GC Worker Start (ms): Min: 565644.3, Avg: 565656.0, Max: 565668.5, Diff: 24.2]
      [Ext Root Scanning (ms): Min: 0.0, Avg: 0.0, Max: 0.0, Diff: 0.0, Sum: 0.0]
      [Update RS (ms): Min: 0.0, Avg: 5.9, Max: 16.8, Diff: 16.8, Sum: 47.1]
         [Processed Buffers: Min: 0, Avg: 6.8, Max: 27, Diff: 27, Sum: 54]
      [Scan RS (ms): Min: 0.0, Avg: 0.6, Max: 1.2, Diff: 1.2, Sum: 4.7]
      [Code Root Scanning (ms): Min: 0.0, Avg: 0.1, Max: 0.3, Diff: 0.3, Sum: 0.6]
      [Object Copy (ms): Min: 0.0, Avg: 7.0, Max: 14.4, Diff: 14.4, Sum: 56.0]
      [Termination (ms): Min: 0.0, Avg: 5.1, Max: 6.5, Diff: 6.5, Sum: 41.1]
      [GC Worker Other (ms): Min: -0.0, Avg: 0.1, Max: 0.5, Diff: 0.5, Sum: 1.1]
      [GC Worker Total (ms): Min: 6.1, Avg: 18.8, Max: 30.3, Diff: 24.2, Sum: 150.6]
      [GC Worker End (ms): Min: 565674.6, Avg: 565674.8, Max: 565675.1, Diff: 0.5]
   [Code Root Fixup: 0.0 ms]
   [Code Root Migration: 0.0 ms]
   [Clear CT: 2.3 ms]
   [Other: 2.0 ms]
      [Choose CSet: 0.0 ms]
      [Ref Proc: 1.8 ms]
      [Ref Enq: 0.0 ms]
      [Free CSet: 0.1 ms]
   [Eden: 2438.0M(2438.0M)->0.0B(2440.0M) Survivors: 18.0M->16.0M Heap: 3185.4M(4096.0M)->745.5M(4096.0M)]
 [Times: user=0.12 sys=0.01, real=0.04 secs] 
604.444: [GC pause (G1 Evacuation Pause) (young), 0.0298852 secs]
   [Parallel Time: 23.0 ms, GC Workers: 8]
      [GC Worker Start (ms): Min: 604444.3, Avg: 604454.7, Max: 604466.1, Diff: 21.8]
      [Ext Root Scanning (ms): Min: 0.0, Avg: 0.1, Max: 0.4, Diff: 0.4, Sum: 0.4]
      [Update RS (ms): Min: 0.0, Avg: 5.5, Max: 13.1, Diff: 13.1, Sum: 43.8]
         [Processed Buffers: Min: 0, Avg: 7.4, Max: 20, Diff: 20, Sum: 59]
      [Scan RS (ms): Min: 0.3, Avg: 0.7, Max: 1.3, Diff: 1.0, Sum: 5.9]
      [Code Root Scanning (ms): Min: 0.0, Avg: 0.1, Max: 0.2, Diff: 0.2, Sum: 0.5]
      [Object Copy (ms): Min: 0.0, Avg: 4.9, Max: 7.4, Diff: 7.4, Sum: 39.0]
      [Termination (ms): Min: 0.0, Avg: 0.5, Max: 0.8, Diff: 0.8, Sum: 4.2]
      [GC Worker Other (ms): Min: 0.0, Avg: 0.1, Max: 0.1, Diff: 0.1, Sum: 0.5]
      [GC Worker Total (ms): Min: 0.4, Avg: 11.8, Max: 22.3, Diff: 21.8, Sum: 94.3]
      [GC Worker End (ms): Min: 604466.5, Avg: 604466.5, Max: 604466.6, Diff: 0.1]
   [Code Root Fixup: 0.0 ms]
   [Code Root Migration: 0.3 ms]
   [Clear CT: 2.1 ms]
   [Other: 4.5 ms]
      [Choose CSet: 0.0 ms]
      [Ref Proc: 1.9 ms]
      [Ref Enq: 0.0 ms]
      [Free CSet: 2.5 ms]
   [Eden: 2440.0M(2440.0M)->0.0B(2438.0M) Survivors: 16.0M->18.0M Heap: 3185.5M(4096.0M)->747.5M(4096.0M)]
 [Times: user=0.10 sys=0.00, real=0.03 secs] 
646.832: [GC pause (G1 Evacuation Pause) (young), 0.0341598 secs]
   [Parallel Time: 27.1 ms, GC Workers: 8]
      [GC Worker Start (ms): Min: 646832.2, Avg: 646844.4, Max: 646858.3, Diff: 26.1]
      [Ext Root Scanning (ms): Min: 0.0, Avg: 0.0, Max: 0.0, Diff: 0.0, Sum: 0.0]
      [Update RS (ms): Min: 0.0, Avg: 7.7, Max: 17.7, Diff: 17.7, Sum: 61.9]
         [Processed Buffers: Min: 0, Avg: 7.2, Max: 15, Diff: 15, Sum: 58]
      [Scan RS (ms): Min: 0.0, Avg: 0.8, Max: 1.4, Diff: 1.4, Sum: 6.0]
      [Code Root Scanning (ms): Min: 0.0, Avg: 0.1, Max: 0.6, Diff: 0.6, Sum: 0.9]
      [Object Copy (ms): Min: 0.0, Avg: 5.4, Max: 7.8, Diff: 7.8, Sum: 43.0]
      [Termination (ms): Min: 0.0, Avg: 0.2, Max: 0.4, Diff: 0.3, Sum: 2.0]
      [GC Worker Other (ms): Min: 0.0, Avg: 0.1, Max: 0.3, Diff: 0.3, Sum: 0.9]
      [GC Worker Total (ms): Min: 0.4, Avg: 14.3, Max: 26.5, Diff: 26.1, Sum: 114.8]
      [GC Worker End (ms): Min: 646858.7, Avg: 646858.8, Max: 646859.0, Diff: 0.3]
   [Code Root Fixup: 0.1 ms]
   [Code Root Migration: 0.3 ms]
   [Clear CT: 3.1 ms]
   [Other: 3.6 ms]
      [Choose CSet: 0.0 ms]
      [Ref Proc: 1.0 ms]
      [Ref Enq: 0.0 ms]
      [Free CSet: 2.5 ms]
   [Eden: 2438.0M(2438.0M)->0.0B(2440.0M) Survivors: 18.0M->16.0M Heap: 3185.5M(4096.0M)->746.5M(4096.0M)]
 [Times: user=0.09 sys=0.00, real=0.03 secs] 
688.670: [GC pause (G1 Evacuation Pause) (young), 0.0290543 secs]
   [Parallel Time: 22.5 ms, GC Workers: 8]
      [GC Worker Start (ms): Min: 688669.7, Avg: 688679.3, Max: 688691.6, Diff: 21.9]
      [Ext Root Scanning (ms): Min: 0.0, Avg: 0.1, Max: 0.6, Diff: 0.6, Sum: 1.2]
      [Update RS (ms): Min: 0.0, Avg: 5.8, Max: 12.3, Diff: 12.3, Sum: 46.5]
         [Processed Buffers: Min: 0, Avg: 7.1, Max: 24, Diff: 24, Sum: 57]
      [Scan RS (ms): Min: 0.1, Avg: 0.6, Max: 1.2, Diff: 1.0, Sum: 4.8]
      [Code Root Scanning (ms): Min: 0.0, Avg: 0.1, Max: 0.2, Diff: 0.2, Sum: 0.5]
      [Object Copy (ms): Min: 0.0, Avg: 5.6, Max: 8.0, Diff: 8.0, Sum: 44.5]
      [Termination (ms): Min: 0.0, Avg: 0.4, Max: 0.6, Diff: 0.6, Sum: 3.2]
      [GC Worker Other (ms): Min: 0.0, Avg: 0.1, Max: 0.1, Diff: 0.1, Sum: 0.5]
      [GC Worker Total (ms): Min: 0.3, Avg: 12.6, Max: 22.2, Diff: 21.9, Sum: 101.1]
      [GC Worker End (ms): Min: 688691.8, Avg: 688691.9, Max: 688691.9, Diff: 0.1]
   [Code Root Fixup: 0.0 ms]
   [Code Root Migration: 0.3 ms]
   [Clear CT: 2.7 ms]
   [Other: 3.5 ms]
      [Choose CSet: 0.0 ms]
      [Ref Proc: 0.9 ms]
      [Ref Enq: 0.0 ms]
      [Free CSet: 2.4 ms]
   [Eden: 2440.0M(2440.0M)->0.0B(2434.0M) Survivors: 16.0M->22.0M Heap: 3186.5M(4096.0M)->751.6M(4096.0M)]
 [Times: user=0.09 sys=0.01, real=0.04 secs] 
726.741: [GC pause (G1 Evacuation Pause) (young), 0.0407184 secs]
   [Parallel Time: 33.8 ms, GC Workers: 8]
      [GC Worker Start (ms): Min: 726741.0, Avg: 726752.9, Max: 726773.4, Diff: 32.4]
      [Ext Root Scanning (ms): Min: 0.0, Avg: 0.0, Max: 0.3, Diff: 0.3, Sum: 0.4]
      [Update RS (ms): Min: 0.0, Avg: 8.2, Max: 17.0, Diff: 17.0, Sum: 65.3]
         [Processed Buffers: Min: 0, Avg: 7.0, Max: 17, Diff: 17, Sum: 56]
      [Scan RS (ms): Min: 0.1, Avg: 0.6, Max: 1.6, Diff: 1.5, Sum: 5.2]
      [Code Root Scanning (ms): Min: 0.0, Avg: 0.1, Max: 0.2, Diff: 0.2, Sum: 0.5]
      [Object Copy (ms): Min: 0.0, Avg: 4.4, Max: 7.6, Diff: 7.6, Sum: 34.8]
      [Termination (ms): Min: 0.0, Avg: 7.4, Max: 8.9, Diff: 8.9, Sum: 59.0]
      [GC Worker Other (ms): Min: 0.0, Avg: 0.1, Max: 0.4, Diff: 0.4, Sum: 1.0]
      [GC Worker Total (ms): Min: 0.2, Avg: 20.8, Max: 32.6, Diff: 32.4, Sum: 166.2]
      [GC Worker End (ms): Min: 726773.6, Avg: 726773.6, Max: 726773.8, Diff: 0.2]
   [Code Root Fixup: 0.0 ms]
   [Code Root Migration: 0.3 ms]
   [Clear CT: 2.1 ms]
   [Other: 4.4 ms]
      [Choose CSet: 0.0 ms]
      [Ref Proc: 2.0 ms]
      [Ref Enq: 0.0 ms]
      [Free CSet: 2.3 ms]
   [Eden: 2434.0M(2434.0M)->0.0B(2440.0M) Survivors: 22.0M->16.0M Heap: 3185.6M(4096.0M)->746.7M(4096.0M)]
 [Times: user=0.13 sys=0.01, real=0.04 secs] 
764.654: [GC pause (G1 Evacuation Pause) (young), 0.0359621 secs]
   [Parallel Time: 29.3 ms, GC Workers: 8]
      [GC Worker Start (ms): Min: 764653.7, Avg: 764668.8, Max: 764679.9, Diff: 26.2]
      [Ext Root Scanning (ms): Min: 0.0, Avg: 0.1, Max: 0.5, Diff: 0.5, Sum: 0.5]
      [Update RS (ms): Min: 0.0, Avg: 3.9, Max: 13.6, Diff: 13.6, Sum: 31.3]
         [Processed Buffers: Min: 0, Avg: 6.6, Max: 23, Diff: 23, Sum: 53]
      [Scan RS (ms): Min: 0.0, Avg: 0.7, Max: 2.7, Diff: 2.7, Sum: 5.7]
      [Code Root Scanning (ms): Min: 0.0, Avg: 0.1, Max: 0.2, Diff: 0.2, Sum: 0.5]
      [Object Copy (ms): Min: 0.0, Avg: 6.3, Max: 13.5, Diff: 13.5, Sum: 50.6]
      [Termination (ms): Min: 0.0, Avg: 2.7, Max: 4.3, Diff: 4.2, Sum: 21.5]
      [GC Worker Other (ms): Min: 0.0, Avg: 0.1, Max: 0.4, Diff: 0.4, Sum: 0.9]
      [GC Worker Total (ms): Min: 2.7, Avg: 13.9, Max: 29.0, Diff: 26.3, Sum: 111.0]
      [GC Worker End (ms): Min: 764682.6, Avg: 764682.7, Max: 764682.9, Diff: 0.4]
   [Code Root Fixup: 0.0 ms]
   [Code Root Migration: 0.3 ms]
   [Clear CT: 2.2 ms]
   [Other: 4.1 ms]
      [Choose CSet: 0.0 ms]
      [Ref Proc: 1.7 ms]
      [Ref Enq: 0.0 ms]
      [Free CSet: 2.3 ms]
   [Eden: 2440.0M(2440.0M)->0.0B(2434.0M) Survivors: 16.0M->22.0M Heap: 3186.7M(4096.0M)->751.8M(4096.0M)]
 [Times: user=0.11 sys=0.00, real=0.03 secs] 
802.816: [GC pause (G1 Evacuation Pause) (young), 0.0345179 secs]
   [Parallel Time: 27.4 ms, GC Workers: 8]
      [GC Worker Start (ms): Min: 802816.1, Avg: 802824.3, Max: 802838.4, Diff: 22.3]
      [Ext Root Scanning (ms): Min: 0.0, Avg: 0.0, Max: 0.1, Diff: 0.1, Sum: 0.1]
      [Update RS (ms): Min: 0.0, Avg: 8.3, Max: 16.5, Diff: 16.5, Sum: 66.1]
         [Processed Buffers: Min: 0, Avg: 6.9, Max: 18, Diff: 18, Sum: 55]
      [Scan RS (ms): Min: 0.2, Avg: 0.7, Max: 1.3, Diff: 1.1, Sum: 5.4]
      [Code Root Scanning (ms): Min: 0.0, Avg: 0.1, Max: 0.9, Diff: 0.9, Sum: 1.1]
      [Object Copy (ms): Min: 0.0, Avg: 6.0, Max: 10.9, Diff: 10.9, Sum: 47.8]
      [Termination (ms): Min: 0.0, Avg: 3.0, Max: 3.5, Diff: 3.4, Sum: 23.7]
      [GC Worker Other (ms): Min: 0.0, Avg: 0.3, Max: 1.1, Diff: 1.1, Sum: 2.5]
      [GC Worker Total (ms): Min: 4.1, Avg: 18.3, Max: 26.7, Diff: 22.6, Sum: 146.6]
      [GC Worker End (ms): Min: 802842.5, Avg: 802842.6, Max: 802843.0, Diff: 0.5]
   [Code Root Fixup: 0.1 ms]
   [Code Root Migration: 0.3 ms]
   [Clear CT: 2.0 ms]
   [Other: 4.7 ms]
      [Choose CSet: 0.0 ms]
      [Ref Proc: 1.9 ms]
      [Ref Enq: 0.0 ms]
      [Free CSet: 2.7 ms]
   [Eden: 2434.0M(2434.0M)->0.0B(2438.0M) Survivors: 22.0M->18.0M Heap: 3185.8M(4096.0M)->748.9M(4096.0M)]
 [Times: user=0.12 sys=0.01, real=0.04 secs] 
840.740: [GC pause (G1 Evacuation Pause) (young), 0.0421269 secs]
   [Parallel Time: 31.3 ms, GC Workers: 8]
      [GC Worker Start (ms): Min: 840739.7, Avg: 840754.2, Max: 840770.4, Diff: 30.7]
      [Ext Root Scanning (ms): Min: 0.0, Avg: 0.0, Max: 0.0, Diff: 0.0, Sum: 0.0]
      [Update RS (ms): Min: 0.0, Avg: 4.9, Max: 14.2, Diff: 14.2, Sum: 38.9]
         [Processed Buffers: Min: 0, Avg: 7.1, Max: 22, Diff: 22, Sum: 57]
      [Scan RS (ms): Min: 0.2, Avg: 1.0, Max: 2.0, Diff: 1.9, Sum: 7.8]
      [Code Root Scanning (ms): Min: 0.0, Avg: 0.1, Max: 0.2, Diff: 0.2, Sum: 0.6]
      [Object Copy (ms): Min: 0.0, Avg: 8.0, Max: 11.7, Diff: 11.7, Sum: 63.8]
      [Termination (ms): Min: 0.0, Avg: 2.5, Max: 3.0, Diff: 3.0, Sum: 20.1]
      [GC Worker Other (ms): Min: 0.0, Avg: 0.1, Max: 0.2, Diff: 0.2, Sum: 0.6]
      [GC Worker Total (ms): Min: 0.2, Avg: 16.5, Max: 31.0, Diff: 30.8, Sum: 131.9]
      [GC Worker End (ms): Min: 840770.7, Avg: 840770.7, Max: 840770.7, Diff: 0.1]
   [Code Root Fixup: 0.0 ms]
   [Code Root Migration: 0.0 ms]
   [Clear CT: 2.0 ms]
   [Other: 8.8 ms]
      [Choose CSet: 0.0 ms]
      [Ref Proc: 6.2 ms]
      [Ref Enq: 0.0 ms]
      [Free CSet: 2.5 ms]
   [Eden: 2438.0M(2438.0M)->0.0B(2436.0M) Survivors: 18.0M->20.0M Heap: 3186.9M(4096.0M)->751.0M(4096.0M)]
 [Times: user=0.14 sys=0.00, real=0.04 secs] 
878.460: [GC pause (G1 Evacuation Pause) (young), 0.0368057 secs]
   [Parallel Time: 28.8 ms, GC Workers: 8]
      [GC Worker Start (ms): Min: 878459.9, Avg: 878470.8, Max: 878488.0, Diff: 28.1]
      [Ext Root Scanning (ms): Min: 0.0, Avg: 0.1, Max: 0.4, Diff: 0.4, Sum: 0.5]
      [Update RS (ms): Min: 0.0, Avg: 7.9, Max: 26.3, Diff: 26.3, Sum: 63.3]
         [Processed Buffers: Min: 0, Avg: 7.1, Max: 23, Diff: 23, Sum: 57]
      [Scan RS (ms): Min: 0.2, Avg: 1.2, Max: 4.1, Diff: 3.9, Sum: 9.2]
      [Code Root Scanning (ms): Min: 0.0, Avg: 0.1, Max: 0.1, Diff: 0.1, Sum: 0.4]
      [Object Copy (ms): Min: 0.0, Avg: 7.6, Max: 11.7, Diff: 11.7, Sum: 61.1]
      [Termination (ms): Min: 0.0, Avg: 0.6, Max: 0.8, Diff: 0.8, Sum: 5.0]
      [GC Worker Other (ms): Min: 0.0, Avg: 0.1, Max: 0.3, Diff: 0.3, Sum: 1.0]
      [GC Worker Total (ms): Min: 0.3, Avg: 17.6, Max: 28.4, Diff: 28.2, Sum: 140.5]
      [GC Worker End (ms): Min: 878488.3, Avg: 878488.3, Max: 878488.5, Diff: 0.3]
   [Code Root Fixup: 0.1 ms]
   [Code Root Migration: 0.2 ms]
   [Clear CT: 2.1 ms]
   [Other: 5.7 ms]
      [Choose CSet: 0.0 ms]
      [Ref Proc: 2.8 ms]
      [Ref Enq: 0.0 ms]
      [Free CSet: 2.7 ms]
   [Eden: 2436.0M(2436.0M)->0.0B(2438.0M) Survivors: 20.0M->18.0M Heap: 3187.0M(4096.0M)->748.1M(4096.0M)]
 [Times: user=0.12 sys=0.00, real=0.03 secs] 
915.880: [GC pause (G1 Evacuation Pause) (young), 0.0349221 secs]
   [Parallel Time: 29.5 ms, GC Workers: 8]
      [GC Worker Start (ms): Min: 915880.0, Avg: 915893.2, Max: 915908.2, Diff: 28.2]
      [Ext Root Scanning (ms): Min: 0.0, Avg: 0.0, Max: 0.0, Diff: 0.0, Sum: 0.0]
      [Update RS (ms): Min: 0.0, Avg: 5.2, Max: 15.8, Diff: 15.8, Sum: 41.7]
         [Processed Buffers: Min: 0, Avg: 6.9, Max: 21, Diff: 21, Sum: 55]
      [Scan RS (ms): Min: 0.1, Avg: 0.7, Max: 1.3, Diff: 1.3, Sum: 5.5]
      [Code Root Scanning (ms): Min: 0.0, Avg: 0.0, Max: 0.1, Diff: 0.1, Sum: 0.4]
      [Object Copy (ms): Min: 0.0, Avg: 8.6, Max: 10.9, Diff: 10.9, Sum: 69.2]
      [Termination (ms): Min: 0.0, Avg: 0.7, Max: 1.9, Diff: 1.9, Sum: 5.6]
      [GC Worker Other (ms): Min: 0.0, Avg: 0.1, Max: 0.3, Diff: 0.3, Sum: 0.6]
      [GC Worker Total (ms): Min: 0.4, Avg: 15.4, Max: 28.7, Diff: 28.3, Sum: 123.1]
      [GC Worker End (ms): Min: 915908.6, Avg: 915908.6, Max: 915908.7, Diff: 0.1]
   [Code Root Fixup: 0.0 ms]
   [Code Root Migration: 0.0 ms]
   [Clear CT: 2.7 ms]
   [Other: 2.8 ms]
      [Choose CSet: 0.0 ms]
      [Ref Proc: 1.2 ms]
      [Ref Enq: 0.0 ms]
      [Free CSet: 1.5 ms]
   [Eden: 2438.0M(2438.0M)->0.0B(2434.0M) Survivors: 18.0M->22.0M Heap: 3186.1M(4096.0M)->752.5M(4096.0M)]
 [Times: user=0.11 sys=0.00, real=0.03 secs] 
956.679: [GC pause (G1 Evacuation Pause) (young), 0.0680176 secs]
   [Parallel Time: 60.6 ms, GC Workers: 8]
      [GC Worker Start (ms): Min: 956679.5, Avg: 956690.8, Max: 956698.9, Diff: 19.5]
      [Ext Root Scanning (ms): Min: 0.0, Avg: 0.1, Max: 0.6, Diff: 0.6, Sum: 0.8]
      [Update RS (ms): Min: 1.2, Avg: 12.1, Max: 27.8, Diff: 26.5, Sum: 96.6]
         [Processed Buffers: Min: 1, Avg: 7.5, Max: 16, Diff: 15, Sum: 60]
      [Scan RS (ms): Min: 0.0, Avg: 0.7, Max: 1.5, Diff: 1.5, Sum: 5.3]
      [Code Root Scanning (ms): Min: 0.0, Avg: 0.1, Max: 0.2, Diff: 0.2, Sum: 0.5]
      [Object Copy (ms): Min: 23.9, Avg: 34.9, Max: 37.7, Diff: 13.8, Sum: 279.0]
      [Termination (ms): Min: 0.0, Avg: 0.2, Max: 0.6, Diff: 0.6, Sum: 1.3]
      [GC Worker Other (ms): Min: 0.0, Avg: 0.5, Max: 1.0, Diff: 1.0, Sum: 4.0]
      [GC Worker Total (ms): Min: 40.5, Avg: 48.4, Max: 59.4, Diff: 18.8, Sum: 387.5]
      [GC Worker End (ms): Min: 956738.8, Avg: 956739.2, Max: 956739.8, Diff: 0.9]
   [Code Root Fixup: 0.0 ms]
   [Code Root Migration: 0.4 ms]
   [Clear CT: 2.1 ms]
   [Other: 4.8 ms]
      [Choose CSet: 0.0 ms]
      [Ref Proc: 1.9 ms]
      [Ref Enq: 0.0 ms]
      [Free CSet: 3.0 ms]
   [Eden: 2434.0M(2434.0M)->0.0B(2430.0M) Survivors: 22.0M->26.0M Heap: 3186.5M(4096.0M)->757.6M(4096.0M)]
 [Times: user=0.35 sys=0.00, real=0.06 secs] 
1000.443: [GC pause (G1 Evacuation Pause) (young), 0.0547070 secs]
   [Parallel Time: 45.1 ms, GC Workers: 8]
      [GC Worker Start (ms): Min: 1000443.3, Avg: 1000458.0, Max: 1000474.4, Diff: 31.0]
      [Ext Root Scanning (ms): Min: 0.0, Avg: 0.1, Max: 0.5, Diff: 0.5, Sum: 0.5]
      [Update RS (ms): Min: 0.0, Avg: 8.7, Max: 23.9, Diff: 23.9, Sum: 69.8]
         [Processed Buffers: Min: 0, Avg: 7.5, Max: 18, Diff: 18, Sum: 60]
      [Scan RS (ms): Min: 0.0, Avg: 0.5, Max: 1.8, Diff: 1.8, Sum: 4.2]
      [Code Root Scanning (ms): Min: 0.0, Avg: 0.0, Max: 0.2, Diff: 0.2, Sum: 0.3]
      [Object Copy (ms): Min: 12.8, Avg: 19.7, Max: 23.8, Diff: 11.0, Sum: 157.7]
      [Termination (ms): Min: 0.0, Avg: 0.4, Max: 0.6, Diff: 0.6, Sum: 2.8]
      [GC Worker Other (ms): Min: -0.0, Avg: 0.3, Max: 0.6, Diff: 0.6, Sum: 2.1]
      [GC Worker Total (ms): Min: 13.1, Avg: 29.7, Max: 44.3, Diff: 31.1, Sum: 237.5]
      [GC Worker End (ms): Min: 1000487.5, Avg: 1000487.7, Max: 1000488.0, Diff: 0.5]
   [Code Root Fixup: 0.0 ms]
   [Code Root Migration: 0.5 ms]
   [Clear CT: 2.4 ms]
   [Other: 6.7 ms]
      [Choose CSet: 0.0 ms]
      [Ref Proc: 6.0 ms]
      [Ref Enq: 0.0 ms]
      [Free CSet: 0.6 ms]
   [Eden: 2430.0M(2430.0M)->0.0B(2432.0M) Survivors: 26.0M->24.0M Heap: 3187.6M(4096.0M)->754.8M(4096.0M)]
 [Times: user=0.27 sys=0.00, real=0.05 secs] 
1039.602: [GC pause (G1 Evacuation Pause) (young), 0.0557052 secs]
   [Parallel Time: 48.8 ms, GC Workers: 8]
      [GC Worker Start (ms): Min: 1039602.5, Avg: 1039614.9, Max: 1039630.3, Diff: 27.8]
      [Ext Root Scanning (ms): Min: 0.0, Avg: 0.1, Max: 0.4, Diff: 0.4, Sum: 0.5]
      [Update RS (ms): Min: 0.0, Avg: 10.5, Max: 23.8, Diff: 23.8, Sum: 83.7]
         [Processed Buffers: Min: 0, Avg: 7.6, Max: 17, Diff: 17, Sum: 61]
      [Scan RS (ms): Min: 0.0, Avg: 1.1, Max: 4.1, Diff: 4.1, Sum: 8.6]
      [Code Root Scanning (ms): Min: 0.0, Avg: 0.1, Max: 0.6, Diff: 0.6, Sum: 0.9]
      [Object Copy (ms): Min: 13.4, Avg: 22.0, Max: 25.4, Diff: 12.0, Sum: 175.7]
      [Termination (ms): Min: 0.3, Avg: 1.8, Max: 2.2, Diff: 1.9, Sum: 14.5]
      [GC Worker Other (ms): Min: 0.0, Avg: 0.1, Max: 0.3, Diff: 0.3, Sum: 1.0]
      [GC Worker Total (ms): Min: 20.1, Avg: 35.6, Max: 48.0, Diff: 27.8, Sum: 284.8]
      [GC Worker End (ms): Min: 1039650.4, Avg: 1039650.5, Max: 1039650.8, Diff: 0.3]
   [Code Root Fixup: 0.0 ms]
   [Code Root Migration: 0.7 ms]
   [Clear CT: 1.8 ms]
   [Other: 4.5 ms]
      [Choose CSet: 0.0 ms]
      [Ref Proc: 2.3 ms]
      [Ref Enq: 0.0 ms]
      [Free CSet: 2.0 ms]
   [Eden: 2432.0M(2432.0M)->0.0B(2428.0M) Survivors: 24.0M->28.0M Heap: 3186.8M(4096.0M)->760.3M(4096.0M)]
 [Times: user=0.23 sys=0.00, real=0.06 secs] 
1077.892: [GC pause (G1 Evacuation Pause) (young), 0.0437925 secs]
   [Parallel Time: 37.7 ms, GC Workers: 8]
      [GC Worker Start (ms): Min: 1077891.9, Avg: 1077907.3, Max: 1077922.5, Diff: 30.6]
      [Ext Root Scanning (ms): Min: 0.0, Avg: 0.0, Max: 0.0, Diff: 0.0, Sum: 0.0]
      [Update RS (ms): Min: 0.0, Avg: 6.6, Max: 16.3, Diff: 16.3, Sum: 52.5]
         [Processed Buffers: Min: 0, Avg: 7.2, Max: 20, Diff: 20, Sum: 58]
      [Scan RS (ms): Min: 0.1, Avg: 1.1, Max: 3.1, Diff: 3.0, Sum: 9.0]
      [Code Root Scanning (ms): Min: 0.0, Avg: 0.1, Max: 0.5, Diff: 0.5, Sum: 0.8]
      [Object Copy (ms): Min: 4.9, Avg: 12.5, Max: 16.4, Diff: 11.6, Sum: 99.7]
      [Termination (ms): Min: 0.1, Avg: 0.3, Max: 0.4, Diff: 0.3, Sum: 2.2]
      [GC Worker Other (ms): Min: 0.0, Avg: 0.3, Max: 0.8, Diff: 0.7, Sum: 2.3]
      [GC Worker Total (ms): Min: 5.6, Avg: 20.8, Max: 36.4, Diff: 30.8, Sum: 166.5]
      [GC Worker End (ms): Min: 1077927.9, Avg: 1077928.1, Max: 1077928.6, Diff: 0.7]
   [Code Root Fixup: 0.0 ms]
   [Code Root Migration: 0.0 ms]
   [Clear CT: 2.1 ms]
   [Other: 4.0 ms]
      [Choose CSet: 0.0 ms]
      [Ref Proc: 1.1 ms]
      [Ref Enq: 0.0 ms]
      [Free CSet: 2.8 ms]
   [Eden: 2428.0M(2428.0M)->0.0B(2432.0M) Survivors: 28.0M->24.0M Heap: 3188.3M(4096.0M)->755.9M(4096.0M)]
 [Times: user=0.15 sys=0.01, real=0.04 secs] 
1115.959: [GC pause (G1 Evacuation Pause) (young), 0.0649389 secs]
   [Parallel Time: 57.5 ms, GC Workers: 8]
      [GC Worker Start (ms): Min: 1115958.8, Avg: 1115975.2, Max: 1115982.8, Diff: 24.0]
      [Ext Root Scanning (ms): Min: 0.0, Avg: 0.0, Max: 0.3, Diff: 0.3, Sum: 0.3]
      [Update RS (ms): Min: 0.0, Avg: 9.4, Max: 24.5, Diff: 24.5, Sum: 74.8]
         [Processed Buffers: Min: 0, Avg: 8.2, Max: 28, Diff: 28, Sum: 66]
      [Scan RS (ms): Min: 0.0, Avg: 1.7, Max: 8.4, Diff: 8.4, Sum: 13.3]
      [Code Root Scanning (ms): Min: 0.0, Avg: 0.1, Max: 0.1, Diff: 0.1, Sum: 0.4]
      [Object Copy (ms): Min: 15.3, Avg: 27.7, Max: 30.9, Diff: 15.7, Sum: 221.8]
      [Termination (ms): Min: 0.0, Avg: 0.5, Max: 0.6, Diff: 0.6, Sum: 3.8]
      [GC Worker Other (ms): Min: 0.1, Avg: 0.4, Max: 0.8, Diff: 0.7, Sum: 3.6]
      [GC Worker Total (ms): Min: 32.2, Avg: 39.8, Max: 56.0, Diff: 23.8, Sum: 318.0]
      [GC Worker End (ms): Min: 1116014.6, Avg: 1116014.9, Max: 1116015.3, Diff: 0.7]
   [Code Root Fixup: 0.0 ms]
   [Code Root Migration: 0.3 ms]
   [Clear CT: 2.2 ms]
   [Other: 4.9 ms]
      [Choose CSet: 0.0 ms]
      [Ref Proc: 2.1 ms]
      [Ref Enq: 0.0 ms]
      [Free CSet: 2.6 ms]
   [Eden: 2432.0M(2432.0M)->0.0B(2428.0M) Survivors: 24.0M->28.0M Heap: 3187.9M(4096.0M)->760.6M(4096.0M)]
 [Times: user=0.30 sys=0.00, real=0.06 secs] 
1154.890: [GC pause (G1 Evacuation Pause) (young), 0.0578170 secs]
   [Parallel Time: 41.2 ms, GC Workers: 8]
      [GC Worker Start (ms): Min: 1154889.8, Avg: 1154898.8, Max: 1154914.7, Diff: 24.9]
      [Ext Root Scanning (ms): Min: 0.0, Avg: 0.1, Max: 0.6, Diff: 0.6, Sum: 0.6]
      [Update RS (ms): Min: 0.0, Avg: 8.1, Max: 24.3, Diff: 24.3, Sum: 65.1]
         [Processed Buffers: Min: 0, Avg: 7.6, Max: 17, Diff: 17, Sum: 61]
      [Scan RS (ms): Min: 0.0, Avg: 1.1, Max: 3.2, Diff: 3.2, Sum: 8.9]
      [Code Root Scanning (ms): Min: 0.0, Avg: 0.0, Max: 0.1, Diff: 0.1, Sum: 0.3]
      [Object Copy (ms): Min: 14.4, Avg: 21.3, Max: 23.9, Diff: 9.6, Sum: 170.2]
      [Termination (ms): Min: 0.0, Avg: 0.3, Max: 0.7, Diff: 0.7, Sum: 2.4]
      [GC Worker Other (ms): Min: 0.0, Avg: 0.4, Max: 1.0, Diff: 1.0, Sum: 3.2]
      [GC Worker Total (ms): Min: 16.0, Avg: 31.3, Max: 40.0, Diff: 24.0, Sum: 250.7]
      [GC Worker End (ms): Min: 1154929.8, Avg: 1154930.1, Max: 1154930.7, Diff: 0.9]
   [Code Root Fixup: 0.0 ms]
   [Code Root Migration: 0.3 ms]
   [Clear CT: 2.4 ms]
   [Other: 13.9 ms]
      [Choose CSet: 0.0 ms]
      [Ref Proc: 11.7 ms]
      [Ref Enq: 0.0 ms]
      [Free CSet: 2.1 ms]
   [Eden: 2428.0M(2428.0M)->0.0B(2434.0M) Survivors: 28.0M->22.0M Heap: 3188.6M(4096.0M)->756.6M(4096.0M)]
 [Times: user=0.28 sys=0.00, real=0.06 secs] 
1191.798: [GC pause (G1 Evacuation Pause) (young), 0.0534984 secs]
   [Parallel Time: 49.8 ms, GC Workers: 8]
      [GC Worker Start (ms): Min: 1191798.1, Avg: 1191807.9, Max: 1191822.6, Diff: 24.5]
      [Ext Root Scanning (ms): Min: 0.0, Avg: 0.1, Max: 0.7, Diff: 0.7, Sum: 0.9]
      [Update RS (ms): Min: 0.0, Avg: 9.0, Max: 18.1, Diff: 18.1, Sum: 72.2]
         [Processed Buffers: Min: 0, Avg: 7.8, Max: 16, Diff: 16, Sum: 62]
      [Scan RS (ms): Min: 0.0, Avg: 1.0, Max: 2.4, Diff: 2.4, Sum: 7.7]
      [Code Root Scanning (ms): Min: 0.0, Avg: 0.1, Max: 0.3, Diff: 0.3, Sum: 0.6]
      [Object Copy (ms): Min: 21.9, Avg: 26.9, Max: 28.6, Diff: 6.7, Sum: 214.9]
      [Termination (ms): Min: 0.0, Avg: 0.4, Max: 0.7, Diff: 0.7, Sum: 3.6]
      [GC Worker Other (ms): Min: 0.1, Avg: 0.6, Max: 1.9, Diff: 1.8, Sum: 5.1]
      [GC Worker Total (ms): Min: 23.5, Avg: 38.1, Max: 48.5, Diff: 25.0, Sum: 304.9]
      [GC Worker End (ms): Min: 1191845.5, Avg: 1191846.0, Max: 1191846.7, Diff: 1.2]
   [Code Root Fixup: 0.0 ms]
   [Code Root Migration: 0.0 ms]
   [Clear CT: 2.3 ms]
   [Other: 1.5 ms]
      [Choose CSet: 0.0 ms]
      [Ref Proc: 1.5 ms]
      [Ref Enq: 0.0 ms]
      [Free CSet: 0.0 ms]
   [Eden: 2434.0M(2434.0M)->0.0B(2432.0M) Survivors: 22.0M->24.0M Heap: 3190.6M(4096.0M)->759.7M(4096.0M)]
 [Times: user=0.30 sys=0.00, real=0.06 secs] 
1230.950: [GC pause (G1 Evacuation Pause) (young), 0.0477837 secs]
   [Parallel Time: 42.9 ms, GC Workers: 8]
      [GC Worker Start (ms): Min: 1230950.1, Avg: 1230965.9, Max: 1230987.1, Diff: 37.0]
      [Ext Root Scanning (ms): Min: 0.0, Avg: 0.1, Max: 0.6, Diff: 0.6, Sum: 0.6]
      [Update RS (ms): Min: 0.0, Avg: 9.0, Max: 20.9, Diff: 20.9, Sum: 72.3]
         [Processed Buffers: Min: 0, Avg: 8.1, Max: 19, Diff: 19, Sum: 65]
      [Scan RS (ms): Min: 0.0, Avg: 0.8, Max: 2.6, Diff: 2.6, Sum: 6.2]
      [Code Root Scanning (ms): Min: 0.0, Avg: 0.1, Max: 0.2, Diff: 0.2, Sum: 0.5]
      [Object Copy (ms): Min: 4.2, Avg: 15.7, Max: 18.8, Diff: 14.5, Sum: 125.6]
      [Termination (ms): Min: 0.0, Avg: 0.2, Max: 0.5, Diff: 0.5, Sum: 1.2]
      [GC Worker Other (ms): Min: 0.1, Avg: 0.4, Max: 1.0, Diff: 0.9, Sum: 3.0]
      [GC Worker Total (ms): Min: 4.7, Avg: 26.2, Max: 42.0, Diff: 37.3, Sum: 209.3]
      [GC Worker End (ms): Min: 1230991.8, Avg: 1230992.1, Max: 1230992.7, Diff: 0.9]
   [Code Root Fixup: 0.0 ms]
   [Code Root Migration: 0.0 ms]
   [Clear CT: 2.7 ms]
   [Other: 2.2 ms]
      [Choose CSet: 0.0 ms]
      [Ref Proc: 2.1 ms]
      [Ref Enq: 0.0 ms]
      [Free CSet: 0.0 ms]
   [Eden: 2432.0M(2432.0M)->0.0B(2428.0M) Survivors: 24.0M->28.0M Heap: 3191.7M(4096.0M)->764.3M(4096.0M)]
 [Times: user=0.21 sys=0.00, real=0.05 secs] 
1269.758: [GC pause (G1 Evacuation Pause) (young), 0.0638957 secs]
   [Parallel Time: 56.4 ms, GC Workers: 8]
      [GC Worker Start (ms): Min: 1269758.2, Avg: 1269761.9, Max: 1269766.4, Diff: 8.1]
      [Ext Root Scanning (ms): Min: 0.0, Avg: 0.2, Max: 0.5, Diff: 0.5, Sum: 1.4]
      [Update RS (ms): Min: 5.7, Avg: 14.4, Max: 26.9, Diff: 21.2, Sum: 114.9]
         [Processed Buffers: Min: 2, Avg: 9.0, Max: 20, Diff: 18, Sum: 72]
      [Scan RS (ms): Min: 0.2, Avg: 0.7, Max: 1.1, Diff: 0.9, Sum: 5.3]
      [Code Root Scanning (ms): Min: 0.0, Avg: 0.1, Max: 0.1, Diff: 0.1, Sum: 0.4]
      [Object Copy (ms): Min: 18.2, Avg: 34.7, Max: 39.1, Diff: 20.9, Sum: 277.3]
      [Termination (ms): Min: 0.0, Avg: 1.1, Max: 1.6, Diff: 1.6, Sum: 8.6]
      [GC Worker Other (ms): Min: 0.0, Avg: 0.3, Max: 0.7, Diff: 0.6, Sum: 2.6]
      [GC Worker Total (ms): Min: 46.6, Avg: 51.3, Max: 55.2, Diff: 8.6, Sum: 410.6]
      [GC Worker End (ms): Min: 1269812.9, Avg: 1269813.2, Max: 1269813.5, Diff: 0.6]
   [Code Root Fixup: 0.0 ms]
   [Code Root Migration: 0.3 ms]
   [Clear CT: 2.1 ms]
   [Other: 5.0 ms]
      [Choose CSet: 0.0 ms]
      [Ref Proc: 2.1 ms]
      [Ref Enq: 0.0 ms]
      [Free CSet: 2.6 ms]
   [Eden: 2428.0M(2428.0M)->0.0B(2422.0M) Survivors: 28.0M->34.0M Heap: 3192.3M(4096.0M)->771.5M(4096.0M)]
 [Times: user=0.36 sys=0.01, real=0.07 secs] 
1307.440: [GC pause (G1 Evacuation Pause) (young), 0.0541045 secs]
   [Parallel Time: 49.8 ms, GC Workers: 8]
      [GC Worker Start (ms): Min: 1307440.3, Avg: 1307447.5, Max: 1307462.3, Diff: 22.0]
      [Ext Root Scanning (ms): Min: 0.0, Avg: 0.0, Max: 0.0, Diff: 0.0, Sum: 0.0]
      [Update RS (ms): Min: 0.0, Avg: 11.1, Max: 17.1, Diff: 17.1, Sum: 88.4]
         [Processed Buffers: Min: 0, Avg: 10.8, Max: 25, Diff: 25, Sum: 86]
      [Scan RS (ms): Min: 0.0, Avg: 0.7, Max: 1.7, Diff: 1.7, Sum: 5.7]
      [Code Root Scanning (ms): Min: 0.0, Avg: 0.1, Max: 0.2, Diff: 0.2, Sum: 0.5]
      [Object Copy (ms): Min: 25.5, Avg: 28.6, Max: 30.2, Diff: 4.7, Sum: 229.1]
      [Termination (ms): Min: 0.0, Avg: 0.6, Max: 0.8, Diff: 0.7, Sum: 4.9]
      [GC Worker Other (ms): Min: 0.0, Avg: 0.3, Max: 0.7, Diff: 0.7, Sum: 2.7]
      [GC Worker Total (ms): Min: 26.8, Avg: 41.4, Max: 48.6, Diff: 21.8, Sum: 331.3]
      [GC Worker End (ms): Min: 1307488.6, Avg: 1307488.9, Max: 1307489.3, Diff: 0.7]
   [Code Root Fixup: 0.0 ms]
   [Code Root Migration: 0.0 ms]
   [Clear CT: 2.5 ms]
   [Other: 1.8 ms]
      [Choose CSet: 0.0 ms]
      [Ref Proc: 1.8 ms]
      [Ref Enq: 0.0 ms]
      [Free CSet: 0.0 ms]
   [Eden: 2422.0M(2422.0M)->0.0B(2420.0M) Survivors: 34.0M->36.0M Heap: 3193.5M(4096.0M)->775.1M(4096.0M)]
 [Times: user=0.32 sys=0.00, real=0.05 secs] 
1345.987: [GC pause (G1 Evacuation Pause) (young), 0.0671950 secs]
   [Parallel Time: 61.8 ms, GC Workers: 8]
      [GC Worker Start (ms): Min: 1345987.5, Avg: 1345999.9, Max: 1346018.3, Diff: 30.8]
      [Ext Root Scanning (ms): Min: 0.0, Avg: 0.0, Max: 0.1, Diff: 0.1, Sum: 0.1]
      [Update RS (ms): Min: 0.0, Avg: 10.3, Max: 20.6, Diff: 20.6, Sum: 82.0]
         [Processed Buffers: Min: 0, Avg: 8.0, Max: 16, Diff: 16, Sum: 64]
      [Scan RS (ms): Min: 0.0, Avg: 0.8, Max: 2.7, Diff: 2.7, Sum: 6.7]
      [Code Root Scanning (ms): Min: 0.0, Avg: 0.1, Max: 0.2, Diff: 0.2, Sum: 0.4]
      [Object Copy (ms): Min: 29.4, Avg: 36.6, Max: 38.7, Diff: 9.4, Sum: 292.9]
      [Termination (ms): Min: 0.0, Avg: 0.3, Max: 0.5, Diff: 0.5, Sum: 2.6]
      [GC Worker Other (ms): Min: 0.0, Avg: 0.4, Max: 0.9, Diff: 0.8, Sum: 2.9]
      [GC Worker Total (ms): Min: 29.7, Avg: 48.5, Max: 60.8, Diff: 31.1, Sum: 387.7]
      [GC Worker End (ms): Min: 1346048.0, Avg: 1346048.3, Max: 1346048.8, Diff: 0.8]
   [Code Root Fixup: 0.0 ms]
   [Code Root Migration: 0.2 ms]
   [Clear CT: 2.4 ms]
   [Other: 2.8 ms]
      [Choose CSet: 0.0 ms]
      [Ref Proc: 2.2 ms]
      [Ref Enq: 0.0 ms]
      [Free CSet: 0.5 ms]
   [Eden: 2420.0M(2420.0M)->0.0B(2416.0M) Survivors: 36.0M->40.0M Heap: 3195.1M(4096.0M)->778.6M(4096.0M)]
 [Times: user=0.39 sys=0.00, real=0.07 secs] 
1384.059: [GC pause (G1 Evacuation Pause) (young), 0.0581063 secs]
   [Parallel Time: 52.8 ms, GC Workers: 8]
      [GC Worker Start (ms): Min: 1384058.5, Avg: 1384074.1, Max: 1384106.3, Diff: 47.7]
      [Ext Root Scanning (ms): Min: 0.0, Avg: 0.1, Max: 0.3, Diff: 0.3, Sum: 0.5]
      [Update RS (ms): Min: 0.0, Avg: 10.1, Max: 20.3, Diff: 20.3, Sum: 80.9]
         [Processed Buffers: Min: 0, Avg: 8.2, Max: 22, Diff: 22, Sum: 66]
      [Scan RS (ms): Min: 0.0, Avg: 0.8, Max: 1.6, Diff: 1.6, Sum: 6.1]
      [Code Root Scanning (ms): Min: 0.0, Avg: 0.0, Max: 0.1, Diff: 0.1, Sum: 0.3]
      [Object Copy (ms): Min: 2.0, Avg: 23.7, Max: 28.1, Diff: 26.1, Sum: 189.3]
      [Termination (ms): Min: 0.1, Avg: 1.4, Max: 1.8, Diff: 1.7, Sum: 11.5]
      [GC Worker Other (ms): Min: 0.0, Avg: 0.2, Max: 0.4, Diff: 0.3, Sum: 1.2]
      [GC Worker Total (ms): Min: 4.0, Avg: 36.2, Max: 51.7, Diff: 47.7, Sum: 289.8]
      [GC Worker End (ms): Min: 1384110.2, Avg: 1384110.3, Max: 1384110.5, Diff: 0.3]
   [Code Root Fixup: 0.0 ms]
   [Code Root Migration: 0.8 ms]
   [Clear CT: 1.6 ms]
   [Other: 2.9 ms]
      [Choose CSet: 0.0 ms]
      [Ref Proc: 1.1 ms]
      [Ref Enq: 0.0 ms]
      [Free CSet: 1.7 ms]
   [Eden: 2416.0M(2416.0M)->0.0B(2422.0M) Survivors: 40.0M->34.0M Heap: 3194.6M(4096.0M)->776.1M(4096.0M)]
 [Times: user=0.29 sys=0.01, real=0.05 secs] 
1386.858: [GC pause (G1 Evacuation Pause) (young), 0.0453776 secs]
   [Parallel Time: 41.2 ms, GC Workers: 8]
      [GC Worker Start (ms): Min: 1386858.3, Avg: 1386868.6, Max: 1386878.3, Diff: 19.9]
      [Ext Root Scanning (ms): Min: 0.0, Avg: 0.0, Max: 0.2, Diff: 0.2, Sum: 0.2]
      [Update RS (ms): Min: 0.0, Avg: 6.2, Max: 15.4, Diff: 15.4, Sum: 49.8]
         [Processed Buffers: Min: 0, Avg: 5.8, Max: 14, Diff: 14, Sum: 46]
      [Scan RS (ms): Min: 0.0, Avg: 0.7, Max: 2.7, Diff: 2.7, Sum: 5.6]
      [Code Root Scanning (ms): Min: 0.0, Avg: 0.0, Max: 0.0, Diff: 0.0, Sum: 0.0]
      [Object Copy (ms): Min: 20.1, Avg: 22.8, Max: 23.5, Diff: 3.4, Sum: 182.8]
      [Termination (ms): Min: 0.0, Avg: 0.1, Max: 0.2, Diff: 0.2, Sum: 1.0]
      [GC Worker Other (ms): Min: 0.0, Avg: 0.2, Max: 0.4, Diff: 0.4, Sum: 1.2]
      [GC Worker Total (ms): Min: 20.3, Avg: 30.1, Max: 40.3, Diff: 20.0, Sum: 240.6]
      [GC Worker End (ms): Min: 1386898.6, Avg: 1386898.7, Max: 1386898.9, Diff: 0.3]
   [Code Root Fixup: 0.0 ms]
   [Code Root Migration: 0.3 ms]
   [Clear CT: 1.8 ms]
   [Other: 2.1 ms]
      [Choose CSet: 0.0 ms]
      [Ref Proc: 1.6 ms]
      [Ref Enq: 0.0 ms]
      [Free CSet: 0.0 ms]
   [Eden: 170.0M(170.0M)->0.0B(2440.0M) Survivors: 34.0M->16.0M Heap: 946.1M(4096.0M)->779.0M(4096.0M)]
 [Times: user=0.20 sys=0.00, real=0.04 secs] 
1427.371: [GC pause (G1 Evacuation Pause) (young), 0.0349706 secs]
   [Parallel Time: 28.3 ms, GC Workers: 8]
      [GC Worker Start (ms): Min: 1427371.2, Avg: 1427381.0, Max: 1427386.4, Diff: 15.3]
      [Ext Root Scanning (ms): Min: 0.0, Avg: 0.0, Max: 0.0, Diff: 0.0, Sum: 0.0]
      [Update RS (ms): Min: 1.6, Avg: 9.3, Max: 21.3, Diff: 19.6, Sum: 74.0]
         [Processed Buffers: Min: 1, Avg: 7.9, Max: 15, Diff: 14, Sum: 63]
      [Scan RS (ms): Min: 0.3, Avg: 0.9, Max: 1.6, Diff: 1.3, Sum: 6.9]
      [Code Root Scanning (ms): Min: 0.0, Avg: 0.1, Max: 0.2, Diff: 0.2, Sum: 0.5]
      [Object Copy (ms): Min: 0.0, Avg: 6.6, Max: 8.1, Diff: 8.1, Sum: 52.6]
      [Termination (ms): Min: 0.0, Avg: 1.0, Max: 1.8, Diff: 1.8, Sum: 8.2]
      [GC Worker Other (ms): Min: 0.0, Avg: 0.3, Max: 0.7, Diff: 0.7, Sum: 2.1]
      [GC Worker Total (ms): Min: 12.4, Avg: 18.0, Max: 28.1, Diff: 15.7, Sum: 144.3]
      [GC Worker End (ms): Min: 1427398.8, Avg: 1427399.0, Max: 1427399.4, Diff: 0.7]
   [Code Root Fixup: 0.0 ms]
   [Code Root Migration: 0.0 ms]
   [Clear CT: 3.7 ms]
   [Other: 3.0 ms]
      [Choose CSet: 0.0 ms]
      [Ref Proc: 1.2 ms]
      [Ref Enq: 0.0 ms]
      [Free CSet: 1.8 ms]
   [Eden: 2440.0M(2440.0M)->0.0B(2438.0M) Survivors: 16.0M->18.0M Heap: 3219.0M(4096.0M)->782.0M(4096.0M)]
 [Times: user=0.13 sys=0.01, real=0.03 secs] 
1470.672: [GC pause (G1 Evacuation Pause) (young), 0.0396472 secs]
   [Parallel Time: 34.5 ms, GC Workers: 8]
      [GC Worker Start (ms): Min: 1470672.2, Avg: 1470685.3, Max: 1470698.3, Diff: 26.1]
      [Ext Root Scanning (ms): Min: 0.0, Avg: 0.0, Max: 0.0, Diff: 0.0, Sum: 0.0]
      [Update RS (ms): Min: 0.0, Avg: 7.1, Max: 19.0, Diff: 19.0, Sum: 56.6]
         [Processed Buffers: Min: 0, Avg: 8.0, Max: 15, Diff: 15, Sum: 64]
      [Scan RS (ms): Min: 0.0, Avg: 0.7, Max: 2.2, Diff: 2.2, Sum: 5.8]
      [Code Root Scanning (ms): Min: 0.0, Avg: 0.0, Max: 0.1, Diff: 0.1, Sum: 0.3]
      [Object Copy (ms): Min: 6.5, Avg: 12.0, Max: 13.8, Diff: 7.3, Sum: 95.8]
      [Termination (ms): Min: 0.0, Avg: 0.2, Max: 0.4, Diff: 0.4, Sum: 1.4]
      [GC Worker Other (ms): Min: 0.0, Avg: 0.4, Max: 0.9, Diff: 0.8, Sum: 2.9]
      [GC Worker Total (ms): Min: 7.8, Avg: 20.3, Max: 33.4, Diff: 25.6, Sum: 162.8]
      [GC Worker End (ms): Min: 1470705.4, Avg: 1470705.7, Max: 1470706.2, Diff: 0.8]
   [Code Root Fixup: 0.0 ms]
   [Code Root Migration: 0.0 ms]
   [Clear CT: 2.5 ms]
   [Other: 2.7 ms]
      [Choose CSet: 0.0 ms]
      [Ref Proc: 1.9 ms]
      [Ref Enq: 0.0 ms]
      [Free CSet: 0.8 ms]
   [Eden: 2438.0M(2438.0M)->0.0B(2438.0M) Survivors: 18.0M->18.0M Heap: 3220.0M(4096.0M)->781.0M(4096.0M)]
 [Times: user=0.15 sys=0.00, real=0.04 secs] 
1504.516: [GC pause (G1 Evacuation Pause) (young), 0.0328300 secs]
   [Parallel Time: 28.9 ms, GC Workers: 8]
      [GC Worker Start (ms): Min: 1504515.9, Avg: 1504527.3, Max: 1504544.0, Diff: 28.1]
      [Ext Root Scanning (ms): Min: 0.0, Avg: 0.0, Max: 0.0, Diff: 0.0, Sum: 0.0]
      [Update RS (ms): Min: 0.0, Avg: 8.2, Max: 18.4, Diff: 18.4, Sum: 65.9]
         [Processed Buffers: Min: 0, Avg: 10.5, Max: 25, Diff: 25, Sum: 84]
      [Scan RS (ms): Min: 0.1, Avg: 1.3, Max: 1.9, Diff: 1.8, Sum: 10.7]
      [Code Root Scanning (ms): Min: 0.0, Avg: 0.0, Max: 0.1, Diff: 0.1, Sum: 0.2]
      [Object Copy (ms): Min: 0.0, Avg: 5.8, Max: 7.9, Diff: 7.9, Sum: 46.1]
      [Termination (ms): Min: 0.0, Avg: 0.5, Max: 0.8, Diff: 0.8, Sum: 4.0]
      [GC Worker Other (ms): Min: -0.0, Avg: 1.1, Max: 8.0, Diff: 8.0, Sum: 8.8]
      [GC Worker Total (ms): Min: 0.1, Avg: 17.0, Max: 28.6, Diff: 28.5, Sum: 135.7]
      [GC Worker End (ms): Min: 1504544.1, Avg: 1504544.3, Max: 1504544.5, Diff: 0.4]
   [Code Root Fixup: 0.0 ms]
   [Code Root Migration: 0.0 ms]
   [Clear CT: 1.8 ms]
   [Other: 2.2 ms]
      [Choose CSet: 0.0 ms]
      [Ref Proc: 2.2 ms]
      [Ref Enq: 0.0 ms]
      [Free CSet: 0.0 ms]
   [Eden: 2438.0M(2438.0M)->0.0B(2432.0M) Survivors: 18.0M->24.0M Heap: 3219.0M(4096.0M)->788.0M(4096.0M)]
 [Times: user=0.12 sys=0.01, real=0.03 secs] 
1538.462: [GC pause (G1 Evacuation Pause) (young), 0.0539726 secs]
   [Parallel Time: 49.0 ms, GC Workers: 8]
      [GC Worker Start (ms): Min: 1538462.3, Avg: 1538482.4, Max: 1538509.2, Diff: 46.9]
      [Ext Root Scanning (ms): Min: 0.0, Avg: 0.0, Max: 0.0, Diff: 0.0, Sum: 0.0]
      [Update RS (ms): Min: 0.0, Avg: 9.1, Max: 23.9, Diff: 23.9, Sum: 73.1]
         [Processed Buffers: Min: 0, Avg: 10.2, Max: 25, Diff: 25, Sum: 82]
      [Scan RS (ms): Min: 0.0, Avg: 1.0, Max: 2.2, Diff: 2.2, Sum: 7.7]
      [Code Root Scanning (ms): Min: 0.0, Avg: 0.0, Max: 0.1, Diff: 0.1, Sum: 0.4]
      [Object Copy (ms): Min: 0.0, Avg: 16.5, Max: 20.6, Diff: 20.6, Sum: 131.9]
      [Termination (ms): Min: 0.2, Avg: 1.3, Max: 1.9, Diff: 1.7, Sum: 10.7]
      [GC Worker Other (ms): Min: 0.0, Avg: 0.2, Max: 0.6, Diff: 0.6, Sum: 1.5]
      [GC Worker Total (ms): Min: 1.4, Avg: 28.2, Max: 48.1, Diff: 46.8, Sum: 225.2]
      [GC Worker End (ms): Min: 1538510.4, Avg: 1538510.6, Max: 1538510.9, Diff: 0.5]
   [Code Root Fixup: 0.0 ms]
   [Code Root Migration: 0.6 ms]
   [Clear CT: 1.9 ms]
   [Other: 2.5 ms]
      [Choose CSet: 0.0 ms]
      [Ref Proc: 2.5 ms]
      [Ref Enq: 0.0 ms]
      [Free CSet: 0.0 ms]
   [Eden: 2432.0M(2432.0M)->0.0B(2426.0M) Survivors: 24.0M->30.0M Heap: 3220.0M(4096.0M)->793.1M(4096.0M)]
 [Times: user=0.18 sys=0.00, real=0.05 secs] 
1572.824: [GC pause (G1 Evacuation Pause) (young), 0.0569092 secs]
   [Parallel Time: 51.3 ms, GC Workers: 8]
      [GC Worker Start (ms): Min: 1572824.1, Avg: 1572839.9, Max: 1572850.3, Diff: 26.2]
      [Ext Root Scanning (ms): Min: 0.0, Avg: 0.0, Max: 0.0, Diff: 0.0, Sum: 0.1]
      [Update RS (ms): Min: 0.0, Avg: 9.1, Max: 24.5, Diff: 24.5, Sum: 72.9]
         [Processed Buffers: Min: 0, Avg: 11.1, Max: 26, Diff: 26, Sum: 89]
      [Scan RS (ms): Min: 0.1, Avg: 0.6, Max: 1.0, Diff: 0.9, Sum: 5.2]
      [Code Root Scanning (ms): Min: 0.0, Avg: 0.1, Max: 0.1, Diff: 0.1, Sum: 0.4]
      [Object Copy (ms): Min: 22.6, Avg: 23.3, Max: 24.2, Diff: 1.6, Sum: 186.3]
      [Termination (ms): Min: 0.0, Avg: 0.6, Max: 0.9, Diff: 0.9, Sum: 5.1]
      [GC Worker Other (ms): Min: 0.1, Avg: 0.6, Max: 1.3, Diff: 1.3, Sum: 4.5]
      [GC Worker Total (ms): Min: 23.8, Avg: 34.3, Max: 49.7, Diff: 25.8, Sum: 274.3]
      [GC Worker End (ms): Min: 1572873.8, Avg: 1572874.2, Max: 1572874.6, Diff: 0.8]
   [Code Root Fixup: 0.0 ms]
   [Code Root Migration: 0.4 ms]
   [Clear CT: 2.2 ms]
   [Other: 3.0 ms]
      [Choose CSet: 0.0 ms]
      [Ref Proc: 1.2 ms]
      [Ref Enq: 0.0 ms]
      [Free CSet: 1.7 ms]
   [Eden: 2426.0M(2426.0M)->0.0B(2434.0M) Survivors: 30.0M->22.0M Heap: 3219.1M(4096.0M)->785.1M(4096.0M)]
 [Times: user=0.27 sys=0.00, real=0.06 secs] 
1606.730: [GC pause (G1 Evacuation Pause) (young), 0.0477620 secs]
   [Parallel Time: 42.1 ms, GC Workers: 8]
      [GC Worker Start (ms): Min: 1606730.1, Avg: 1606743.7, Max: 1606754.5, Diff: 24.3]
      [Ext Root Scanning (ms): Min: 0.0, Avg: 0.1, Max: 1.0, Diff: 1.0, Sum: 1.1]
      [Update RS (ms): Min: 0.0, Avg: 9.9, Max: 22.5, Diff: 22.5, Sum: 79.6]
         [Processed Buffers: Min: 0, Avg: 10.4, Max: 24, Diff: 24, Sum: 83]
      [Scan RS (ms): Min: 0.0, Avg: 1.3, Max: 4.9, Diff: 4.9, Sum: 10.4]
      [Code Root Scanning (ms): Min: 0.0, Avg: 0.2, Max: 1.1, Diff: 1.1, Sum: 1.4]
      [Object Copy (ms): Min: 1.3, Avg: 14.4, Max: 17.3, Diff: 16.0, Sum: 115.2]
      [Termination (ms): Min: 0.0, Avg: 0.2, Max: 0.6, Diff: 0.6, Sum: 1.3]
      [GC Worker Other (ms): Min: 0.0, Avg: 2.2, Max: 15.9, Diff: 15.9, Sum: 17.2]
      [GC Worker Total (ms): Min: 17.3, Avg: 28.3, Max: 42.1, Diff: 24.7, Sum: 226.1]
      [GC Worker End (ms): Min: 1606771.8, Avg: 1606771.9, Max: 1606772.2, Diff: 0.4]
   [Code Root Fixup: 0.0 ms]
   [Code Root Migration: 0.5 ms]
   [Clear CT: 1.8 ms]
   [Other: 3.4 ms]
      [Choose CSet: 0.0 ms]
      [Ref Proc: 1.9 ms]
      [Ref Enq: 0.0 ms]
      [Free CSet: 1.3 ms]
   [Eden: 2434.0M(2434.0M)->0.0B(2428.0M) Survivors: 22.0M->28.0M Heap: 3219.1M(4096.0M)->791.1M(4096.0M)]
 [Times: user=0.20 sys=0.00, real=0.05 secs] 
1641.051: [GC pause (G1 Evacuation Pause) (young), 0.0496430 secs]
   [Parallel Time: 44.9 ms, GC Workers: 8]
      [GC Worker Start (ms): Min: 1641050.7, Avg: 1641062.6, Max: 1641072.8, Diff: 22.1]
      [Ext Root Scanning (ms): Min: 0.0, Avg: 0.2, Max: 1.1, Diff: 1.1, Sum: 1.6]
      [Update RS (ms): Min: 0.0, Avg: 9.1, Max: 20.1, Diff: 20.1, Sum: 72.8]
         [Processed Buffers: Min: 0, Avg: 10.2, Max: 20, Diff: 20, Sum: 82]
      [Scan RS (ms): Min: 0.0, Avg: 2.7, Max: 11.0, Diff: 11.0, Sum: 21.3]
      [Code Root Scanning (ms): Min: 0.0, Avg: 0.2, Max: 1.1, Diff: 1.1, Sum: 1.3]
      [Object Copy (ms): Min: 12.3, Avg: 20.1, Max: 22.0, Diff: 9.7, Sum: 160.8]
      [Termination (ms): Min: 0.0, Avg: 0.1, Max: 0.3, Diff: 0.3, Sum: 1.0]
      [GC Worker Other (ms): Min: 0.0, Avg: 0.3, Max: 0.7, Diff: 0.6, Sum: 2.7]
      [GC Worker Total (ms): Min: 22.1, Avg: 32.7, Max: 44.3, Diff: 22.1, Sum: 261.6]
      [GC Worker End (ms): Min: 1641095.0, Avg: 1641095.3, Max: 1641095.6, Diff: 0.6]
   [Code Root Fixup: 0.0 ms]
   [Code Root Migration: 0.0 ms]
   [Clear CT: 2.6 ms]
   [Other: 2.2 ms]
      [Choose CSet: 0.0 ms]
      [Ref Proc: 2.1 ms]
      [Ref Enq: 0.0 ms]
      [Free CSet: 0.0 ms]
   [Eden: 2428.0M(2428.0M)->0.0B(2426.0M) Survivors: 28.0M->30.0M Heap: 3219.1M(4096.0M)->794.1M(4096.0M)]
 [Times: user=0.25 sys=0.00, real=0.05 secs] 
1675.541: [GC pause (G1 Evacuation Pause) (young), 0.0451845 secs]
   [Parallel Time: 39.6 ms, GC Workers: 8]
      [GC Worker Start (ms): Min: 1675541.4, Avg: 1675550.3, Max: 1675558.3, Diff: 16.9]
      [Ext Root Scanning (ms): Min: 0.0, Avg: 0.1, Max: 0.4, Diff: 0.4, Sum: 0.4]
      [Update RS (ms): Min: 1.7, Avg: 11.0, Max: 17.6, Diff: 15.9, Sum: 88.4]
         [Processed Buffers: Min: 2, Avg: 10.8, Max: 23, Diff: 21, Sum: 86]
      [Scan RS (ms): Min: 0.0, Avg: 0.7, Max: 1.2, Diff: 1.2, Sum: 5.8]
      [Code Root Scanning (ms): Min: 0.0, Avg: 0.1, Max: 0.2, Diff: 0.2, Sum: 0.5]
      [Object Copy (ms): Min: 8.2, Avg: 17.5, Max: 19.4, Diff: 11.2, Sum: 140.3]
      [Termination (ms): Min: 0.0, Avg: 0.2, Max: 0.4, Diff: 0.4, Sum: 1.8]
      [GC Worker Other (ms): Min: 0.0, Avg: 0.4, Max: 0.9, Diff: 0.9, Sum: 3.1]
      [GC Worker Total (ms): Min: 21.8, Avg: 30.0, Max: 38.5, Diff: 16.7, Sum: 240.2]
      [GC Worker End (ms): Min: 1675579.9, Avg: 1675580.3, Max: 1675580.8, Diff: 0.9]
   [Code Root Fixup: 0.0 ms]
   [Code Root Migration: 0.8 ms]
   [Clear CT: 2.5 ms]
   [Other: 2.3 ms]
      [Choose CSet: 0.0 ms]
      [Ref Proc: 2.1 ms]
      [Ref Enq: 0.0 ms]
      [Free CSet: 0.0 ms]
   [Eden: 2426.0M(2426.0M)->0.0B(2416.0M) Survivors: 30.0M->40.0M Heap: 3220.1M(4096.0M)->803.1M(4096.0M)]
 [Times: user=0.21 sys=0.01, real=0.04 secs] 
1709.309: [GC pause (G1 Evacuation Pause) (young), 0.0455813 secs]
   [Parallel Time: 40.8 ms, GC Workers: 8]
      [GC Worker Start (ms): Min: 1709309.3, Avg: 1709322.7, Max: 1709336.4, Diff: 27.1]
      [Ext Root Scanning (ms): Min: 0.0, Avg: 0.0, Max: 0.0, Diff: 0.0, Sum: 0.0]
      [Update RS (ms): Min: 0.0, Avg: 9.3, Max: 21.9, Diff: 21.9, Sum: 74.5]
         [Processed Buffers: Min: 0, Avg: 10.5, Max: 27, Diff: 27, Sum: 84]
      [Scan RS (ms): Min: 0.0, Avg: 0.8, Max: 1.9, Diff: 1.9, Sum: 6.2]
      [Code Root Scanning (ms): Min: 0.0, Avg: 0.1, Max: 0.1, Diff: 0.1, Sum: 0.5]
      [Object Copy (ms): Min: 11.6, Avg: 15.6, Max: 16.4, Diff: 4.8, Sum: 124.5]
      [Termination (ms): Min: 0.0, Avg: 0.2, Max: 0.3, Diff: 0.3, Sum: 1.5]
      [GC Worker Other (ms): Min: 0.0, Avg: 0.6, Max: 1.1, Diff: 1.0, Sum: 4.5]
      [GC Worker Total (ms): Min: 12.9, Avg: 26.5, Max: 39.5, Diff: 26.6, Sum: 211.7]
      [GC Worker End (ms): Min: 1709348.7, Avg: 1709349.2, Max: 1709349.7, Diff: 1.0]
   [Code Root Fixup: 0.0 ms]
   [Code Root Migration: 0.0 ms]
   [Clear CT: 2.5 ms]
   [Other: 2.3 ms]
      [Choose CSet: 0.0 ms]
      [Ref Proc: 1.6 ms]
      [Ref Enq: 0.0 ms]
      [Free CSet: 0.0 ms]
   [Eden: 2416.0M(2416.0M)->0.0B(2430.0M) Survivors: 40.0M->26.0M Heap: 3219.1M(4096.0M)->789.1M(4096.0M)]
 [Times: user=0.21 sys=0.00, real=0.05 secs] 
1743.880: [GC pause (G1 Evacuation Pause) (young), 0.0762807 secs]
   [Parallel Time: 69.9 ms, GC Workers: 8]
      [GC Worker Start (ms): Min: 1743879.9, Avg: 1743901.0, Max: 1743922.3, Diff: 42.5]
      [Ext Root Scanning (ms): Min: 0.0, Avg: 0.0, Max: 0.0, Diff: 0.0, Sum: 0.0]
      [Update RS (ms): Min: 0.0, Avg: 11.3, Max: 27.2, Diff: 27.2, Sum: 90.7]
         [Processed Buffers: Min: 0, Avg: 10.2, Max: 32, Diff: 32, Sum: 82]
      [Scan RS (ms): Min: 0.0, Avg: 1.6, Max: 4.3, Diff: 4.3, Sum: 13.0]
      [Code Root Scanning (ms): Min: 0.0, Avg: 0.1, Max: 0.2, Diff: 0.2, Sum: 0.4]
      [Object Copy (ms): Min: 15.7, Avg: 25.5, Max: 29.0, Diff: 13.3, Sum: 204.4]
      [Termination (ms): Min: 0.5, Avg: 9.3, Max: 10.8, Diff: 10.3, Sum: 74.1]
      [GC Worker Other (ms): Min: 0.0, Avg: 0.2, Max: 0.5, Diff: 0.5, Sum: 1.8]
      [GC Worker Total (ms): Min: 26.5, Avg: 48.0, Max: 69.3, Diff: 42.8, Sum: 384.4]
      [GC Worker End (ms): Min: 1743948.8, Avg: 1743949.0, Max: 1743949.3, Diff: 0.5]
   [Code Root Fixup: 0.1 ms]
   [Code Root Migration: 0.3 ms]
   [Clear CT: 1.9 ms]
   [Other: 4.1 ms]
      [Choose CSet: 0.0 ms]
      [Ref Proc: 1.0 ms]
      [Ref Enq: 0.0 ms]
      [Free CSet: 2.9 ms]
   [Eden: 2430.0M(2430.0M)->0.0B(2424.0M) Survivors: 26.0M->32.0M Heap: 3219.1M(4096.0M)->796.1M(4096.0M)]
 [Times: user=0.35 sys=0.00, real=0.07 secs] 
1781.269: [GC pause (G1 Evacuation Pause) (young), 0.0469969 secs]
   [Parallel Time: 42.4 ms, GC Workers: 8]
      [GC Worker Start (ms): Min: 1781269.3, Avg: 1781279.5, Max: 1781294.3, Diff: 25.0]
      [Ext Root Scanning (ms): Min: 0.0, Avg: 0.0, Max: 0.0, Diff: 0.0, Sum: 0.0]
      [Update RS (ms): Min: 0.0, Avg: 10.3, Max: 20.1, Diff: 20.1, Sum: 82.7]
         [Processed Buffers: Min: 0, Avg: 10.5, Max: 20, Diff: 20, Sum: 84]
      [Scan RS (ms): Min: 0.0, Avg: 0.8, Max: 2.3, Diff: 2.3, Sum: 6.4]
      [Code Root Scanning (ms): Min: 0.0, Avg: 0.1, Max: 0.1, Diff: 0.1, Sum: 0.4]
      [Object Copy (ms): Min: 14.7, Avg: 18.6, Max: 19.9, Diff: 5.2, Sum: 148.6]
      [Termination (ms): Min: 0.1, Avg: 0.6, Max: 1.1, Diff: 0.9, Sum: 5.0]
      [GC Worker Other (ms): Min: 0.0, Avg: 0.5, Max: 0.9, Diff: 0.9, Sum: 3.9]
      [GC Worker Total (ms): Min: 16.2, Avg: 30.9, Max: 41.3, Diff: 25.0, Sum: 247.0]
      [GC Worker End (ms): Min: 1781310.0, Avg: 1781310.4, Max: 1781310.9, Diff: 0.9]
   [Code Root Fixup: 0.0 ms]
   [Code Root Migration: 0.3 ms]
   [Clear CT: 2.2 ms]
   [Other: 2.2 ms]
      [Choose CSet: 0.0 ms]
      [Ref Proc: 1.3 ms]
      [Ref Enq: 0.0 ms]
      [Free CSet: 0.9 ms]
   [Eden: 2424.0M(2424.0M)->0.0B(2420.0M) Survivors: 32.0M->36.0M Heap: 3220.1M(4096.0M)->802.9M(4096.0M)]
 [Times: user=0.24 sys=0.00, real=0.05 secs] 
Heap
 garbage-first heap   total 4194304K, used 2220922K [0x00000006c0000000, 0x00000007c0000000, 0x00000007c0000000)
  region size 2048K, 702 young (1437696K), 18 survivors (36864K)
 Metaspace       used 4642K, capacity 5676K, committed 6016K, reserved 1056768K
  class space    used 497K, capacity 552K, committed 640K, reserved 1048576K
