OpenJDK 64-Bit Server VM (25.0-b70) for linux-amd64 JRE (1.8.0-internal-rbruno_2015_06_16_18_57-b00), built on Feb 13 2017 22:45:11 by "root" with gcc 4.6.4
Memory: 4k page, physical 35197500k(34084548k free), swap 0k(0k free)
CommandLine flags: -XX:+CMSEdenChunksRecordAlways -XX:CMSInitiatingOccupancyFraction=75 -XX:+CMSParallelInitialMarkEnabled -XX:+CMSParallelRemarkEnabled -XX:CMSWaitDuration=10000 -XX:InitialHeapSize=4294967296 -XX:InitialTenuringThreshold=1 -XX:MaxHeapSize=4294967296 -XX:MaxNewSize=697933824 -XX:MaxTenuringThreshold=1 -XX:NewSize=697933824 -XX:OldPLABSize=16 -XX:OldSize=1395867648 -XX:+PerfDisableSharedMem -XX:+PrintGC -XX:+PrintGCDetails -XX:+PrintGCTimeStamps -XX:SurvivorRatio=8 -XX:-TieredCompilation -XX:+UseCMSInitiatingOccupancyOnly -XX:+UseCompressedClassPointers -XX:+UseCompressedOops -XX:+UseConcMarkSweepGC -XX:+UseCondCardMark -XX:+UseParNewGC 
2.353: [GC (Allocation Failure) 2.353: [ParNew: 545344K->68096K(613440K), 1.9720312 secs] 545344K->209038K(4126208K), 1.9721133 secs] [Times: user=4.37 sys=0.88, real=1.97 secs] 
5.916: [GC (Allocation Failure) 5.916: [ParNew: 613440K->68096K(613440K), 0.8519221 secs] 754382K->530666K(4126208K), 0.8520894 secs] [Times: user=4.35 sys=0.15, real=0.85 secs] 
8.429: [GC (Allocation Failure) 8.429: [ParNew: 613440K->68096K(613440K), 0.2499326 secs] 1076010K->659710K(4126208K), 0.2500844 secs] [Times: user=1.32 sys=0.04, real=0.25 secs] 
16.684: [GC (Allocation Failure) 16.684: [ParNew: 613440K->60610K(613440K), 0.1527594 secs] 1205054K->720299K(4126208K), 0.1529091 secs] [Times: user=0.60 sys=0.03, real=0.15 secs] 
24.321: [Full GC (System.gc()) 24.321: [CMS: 659688K->611137K(3512768K), 2.6714886 secs] 1171687K->611137K(4126208K), [Metaspace: 4628K->4628K(1056768K)], 2.6727455 secs] [Times: user=2.70 sys=0.02, real=2.67 secs] 
35.336: [GC (Allocation Failure) 35.336: [ParNew: 545344K->11545K(613440K), 0.0271944 secs] 1156481K->622682K(4126208K), 0.0272670 secs] [Times: user=0.08 sys=0.01, real=0.03 secs] 
43.634: [GC (Allocation Failure) 43.634: [ParNew: 556889K->3018K(613440K), 0.0334140 secs] 1168026K->615075K(4126208K), 0.0335462 secs] [Times: user=0.11 sys=0.00, real=0.03 secs] 
46.735: [Full GC (System.gc()) 46.735: [CMS: 612057K->611907K(3512768K), 2.4573771 secs] 821514K->611907K(4126208K), [Metaspace: 4631K->4631K(1056768K)], 2.4586786 secs] [Times: user=2.46 sys=0.00, real=2.46 secs] 
57.365: [GC (Allocation Failure) 57.365: [ParNew: 545344K->1442K(613440K), 0.0222223 secs] 1157251K->613350K(4126208K), 0.0223009 secs] [Times: user=0.08 sys=0.00, real=0.02 secs] 
65.871: [GC (Allocation Failure) 65.871: [ParNew: 546786K->1302K(613440K), 0.0233349 secs] 1158694K->614000K(4126208K), 0.0234236 secs] [Times: user=0.10 sys=0.00, real=0.02 secs] 
74.270: [Full GC (System.gc()) 74.270: [CMS: 612698K->612467K(3512768K), 2.5028411 secs] 1150122K->612467K(4126208K), [Metaspace: 4631K->4631K(1056768K)], 2.5043474 secs] [Times: user=2.50 sys=0.00, real=2.51 secs] 
84.611: [GC (Allocation Failure) 84.611: [ParNew: 545344K->1317K(613440K), 0.0215743 secs] 1157811K->613784K(4126208K), 0.0217096 secs] [Times: user=0.08 sys=0.00, real=0.02 secs] 
92.780: [GC (Allocation Failure) 92.780: [ParNew: 546661K->1358K(613440K), 0.0298501 secs] 1159128K->614670K(4126208K), 0.0298501 secs] [Times: user=0.13 sys=0.00, real=0.02 secs] 
101.193: [GC (Allocation Failure) 101.193: [ParNew: 546702K->1562K(613440K), 0.0214489 secs] 1160014K->615732K(4126208K), 0.0215128 secs] [Times: user=0.09 sys=0.00, real=0.02 secs] 
104.697: [Full GC (System.gc()) 104.697: [CMS: 614169K->613012K(3512768K), 2.4577421 secs] 845245K->613012K(4126208K), [Metaspace: 4631K->4631K(1056768K)], 2.4591860 secs] [Times: user=2.45 sys=0.01, real=2.46 secs] 
115.680: [GC (Allocation Failure) 115.680: [ParNew: 545344K->1551K(613440K), 0.0219119 secs] 1158356K->614564K(4126208K), 0.0220464 secs] [Times: user=0.10 sys=0.00, real=0.02 secs] 
124.087: [GC (Allocation Failure) 124.087: [ParNew: 546895K->1467K(613440K), 0.0247547 secs] 1159908K->615478K(4126208K), 0.0248165 secs] [Times: user=0.08 sys=0.00, real=0.03 secs] 
132.861: [GC (Allocation Failure) 132.861: [ParNew: 546811K->1945K(613440K), 0.0320343 secs] 1160822K->616922K(4126208K), 0.0321152 secs] [Times: user=0.17 sys=0.00, real=0.03 secs] 
137.769: [Full GC (System.gc()) 137.769: [CMS: 614976K->613603K(3512768K), 2.5029193 secs] 922941K->613603K(4126208K), [Metaspace: 4631K->4631K(1056768K)], 2.5042180 secs] [Times: user=2.51 sys=0.00, real=2.51 secs] 
149.098: [GC (Allocation Failure) 149.098: [ParNew: 545344K->2002K(613440K), 0.0192926 secs] 1158947K->615605K(4126208K), 0.0193571 secs] [Times: user=0.09 sys=0.00, real=0.02 secs] 
158.250: [GC (Allocation Failure) 158.250: [ParNew: 547346K->1821K(613440K), 0.0227028 secs] 1160949K->616681K(4126208K), 0.0228394 secs] [Times: user=0.09 sys=0.00, real=0.03 secs] 
167.043: [GC (Allocation Failure) 167.043: [ParNew: 547165K->1737K(613440K), 0.0258194 secs] 1162025K->617739K(4126208K), 0.0259521 secs] [Times: user=0.09 sys=0.00, real=0.02 secs] 
173.419: [Full GC (System.gc()) 173.419: [CMS: 616002K->614103K(3512768K), 2.4713385 secs] 999988K->614103K(4126208K), [Metaspace: 4631K->4631K(1056768K)], 2.4729208 secs] [Times: user=2.47 sys=0.00, real=2.48 secs] 
184.697: [GC (Allocation Failure) 184.697: [ParNew: 545344K->1493K(613440K), 0.0209463 secs] 1159447K->615596K(4126208K), 0.0210177 secs] [Times: user=0.09 sys=0.00, real=0.02 secs] 
193.385: [GC (Allocation Failure) 193.385: [ParNew: 546837K->1398K(613440K), 0.0242822 secs] 1160940K->616517K(4126208K), 0.0242822 secs] [Times: user=0.08 sys=0.01, real=0.02 secs] 
202.257: [GC (Allocation Failure) 202.257: [ParNew: 546742K->1967K(613440K), 0.0273210 secs] 1161861K->618069K(4126208K), 0.0273915 secs] [Times: user=0.09 sys=0.00, real=0.03 secs] 
210.821: [Full GC (System.gc()) 210.821: [CMS: 616101K->614534K(3512768K), 2.5189677 secs] 1152968K->614534K(4126208K), [Metaspace: 4631K->4631K(1056768K)], 2.5204261 secs] [Times: user=2.53 sys=0.00, real=2.52 secs] 
221.807: [GC (Allocation Failure) 221.807: [ParNew: 545344K->1637K(613440K), 0.0296582 secs] 1159878K->616172K(4126208K), 0.0297044 secs] [Times: user=0.14 sys=0.00, real=0.03 secs] 
230.618: [GC (Allocation Failure) 230.618: [ParNew: 546981K->1455K(613440K), 0.0203988 secs] 1161516K->616937K(4126208K), 0.0204762 secs] [Times: user=0.09 sys=0.00, real=0.02 secs] 
239.491: [GC (Allocation Failure) 239.491: [ParNew: 546799K->1841K(613440K), 0.0360698 secs] 1162281K->618499K(4126208K), 0.0362350 secs] [Times: user=0.13 sys=0.00, real=0.03 secs] 
248.245: [GC (Allocation Failure) 248.245: [ParNew: 547185K->1825K(613440K), 0.0247987 secs] 1163843K->619755K(4126208K), 0.0248689 secs] [Times: user=0.12 sys=0.00, real=0.02 secs] 
250.617: [Full GC (System.gc()) 250.617: [CMS: 617930K->615035K(3512768K), 2.4018708 secs] 761624K->615035K(4126208K), [Metaspace: 4631K->4631K(1056768K)], 2.4031992 secs] [Times: user=2.40 sys=0.00, real=2.41 secs] 
261.510: [GC (Allocation Failure) 261.510: [ParNew: 545344K->1722K(613440K), 0.0217800 secs] 1160379K->616757K(4126208K), 0.0217800 secs] [Times: user=0.09 sys=0.00, real=0.03 secs] 
270.422: [GC (Allocation Failure) 270.422: [ParNew: 547066K->1709K(613440K), 0.0353711 secs] 1162101K->617658K(4126208K), 0.0353711 secs] [Times: user=0.11 sys=0.00, real=0.03 secs] 
279.307: [GC (Allocation Failure) 279.307: [ParNew: 547053K->1961K(613440K), 0.0305394 secs] 1163002K->619191K(4126208K), 0.0305394 secs] [Times: user=0.09 sys=0.00, real=0.03 secs] 
288.374: [GC (Allocation Failure) 288.374: [ParNew: 547305K->1380K(613440K), 0.0294201 secs] 1164535K->619703K(4126208K), 0.0294201 secs] [Times: user=0.12 sys=0.00, real=0.03 secs] 
297.530: [GC (Allocation Failure) 297.530: [ParNew: 546724K->1478K(613440K), 0.0213894 secs] 1165047K->620778K(4126208K), 0.0214759 secs] [Times: user=0.10 sys=0.00, real=0.03 secs] 
298.252: [Full GC (System.gc()) 298.252: [CMS: 619299K->615512K(3512768K), 2.1547316 secs] 664430K->615512K(4126208K), [Metaspace: 4631K->4631K(1056768K)], 2.1559749 secs] [Times: user=2.16 sys=0.00, real=2.15 secs] 
309.051: [GC (Allocation Failure) 309.052: [ParNew: 545344K->1850K(613440K), 0.0271287 secs] 1160856K->617362K(4126208K), 0.0272084 secs] [Times: user=0.09 sys=0.00, real=0.02 secs] 
317.930: [GC (Allocation Failure) 317.930: [ParNew: 547194K->1806K(613440K), 0.0422210 secs] 1162706K->618429K(4126208K), 0.0423438 secs] [Times: user=0.25 sys=0.00, real=0.05 secs] 
326.869: [GC (Allocation Failure) 326.869: [ParNew: 547150K->2090K(613440K), 0.0309895 secs] 1163773K->620102K(4126208K), 0.0311574 secs] [Times: user=0.10 sys=0.01, real=0.04 secs] 
335.879: [GC (Allocation Failure) 335.879: [ParNew: 547434K->1864K(613440K), 0.0334588 secs] 1165446K->621060K(4126208K), 0.0336174 secs] [Times: user=0.11 sys=0.01, real=0.04 secs] 
342.932: [Full GC (System.gc()) 342.932: [CMS: 619195K->616085K(3512768K), 2.2901543 secs] 1046667K->616085K(4126208K), [Metaspace: 4631K->4631K(1056768K)], 2.2915490 secs] [Times: user=2.29 sys=0.00, real=2.29 secs] 
354.103: [GC (Allocation Failure) 354.103: [ParNew: 545344K->1848K(613440K), 0.0275728 secs] 1161429K->617933K(4126208K), 0.0277393 secs] [Times: user=0.12 sys=0.00, real=0.03 secs] 
362.819: [GC (Allocation Failure) 362.819: [ParNew: 547192K->1277K(613440K), 0.0255590 secs] 1163277K->618362K(4126208K), 0.0255590 secs] [Times: user=0.11 sys=0.00, real=0.03 secs] 
371.717: [GC (Allocation Failure) 371.717: [ParNew: 546621K->1394K(613440K), 0.0249451 secs] 1163706K->619387K(4126208K), 0.0249451 secs] [Times: user=0.11 sys=0.00, real=0.03 secs] 
380.863: [GC (Allocation Failure) 380.863: [ParNew: 546738K->1516K(613440K), 0.0349449 secs] 1164731K->620474K(4126208K), 0.0351108 secs] [Times: user=0.13 sys=0.00, real=0.03 secs] 
390.027: [GC (Allocation Failure) 390.027: [ParNew: 546860K->1561K(613440K), 0.0257032 secs] 1165818K->621588K(4126208K), 0.0258477 secs] [Times: user=0.08 sys=0.00, real=0.03 secs] 
399.106: [GC (Allocation Failure) 399.106: [ParNew: 546905K->1669K(613440K), 0.0254735 secs] 1166932K->622697K(4126208K), 0.0256692 secs] [Times: user=0.12 sys=0.00, real=0.03 secs] 
402.713: [Full GC (System.gc()) 402.714: [CMS: 621027K->616577K(3512768K), 2.2431205 secs] 840914K->616577K(4126208K), [Metaspace: 4631K->4631K(1056768K)], 2.2443947 secs] [Times: user=2.25 sys=0.00, real=2.24 secs] 
413.803: [GC (Allocation Failure) 413.803: [ParNew: 545344K->1306K(613440K), 0.0198301 secs] 1161921K->617884K(4126208K), 0.0198301 secs] [Times: user=0.09 sys=0.00, real=0.02 secs] 
422.772: [GC (Allocation Failure) 422.772: [ParNew: 546650K->1531K(613440K), 0.0253831 secs] 1163228K->619087K(4126208K), 0.0255365 secs] [Times: user=0.09 sys=0.00, real=0.02 secs] 
431.418: [GC (Allocation Failure) 431.418: [ParNew: 546875K->1365K(613440K), 0.0418086 secs] 1164431K->619940K(4126208K), 0.0419343 secs] [Times: user=0.16 sys=0.01, real=0.05 secs] 
440.309: [GC (Allocation Failure) 440.309: [ParNew: 546709K->2036K(613440K), 0.0308471 secs] 1165284K->621616K(4126208K), 0.0309335 secs] [Times: user=0.11 sys=0.00, real=0.04 secs] 
450.069: [GC (Allocation Failure) 450.069: [ParNew: 547380K->2825K(613440K), 0.0363273 secs] 1166960K->623812K(4126208K), 0.0364969 secs] [Times: user=0.12 sys=0.00, real=0.04 secs] 
458.738: [GC (Allocation Failure) 458.738: [ParNew: 548169K->2061K(613440K), 0.0330660 secs] 1169156K->624771K(4126208K), 0.0333030 secs] [Times: user=0.12 sys=0.01, real=0.04 secs] 
461.090: [Full GC (System.gc()) 461.090: [CMS: 622709K->617160K(3512768K), 2.4557224 secs] 766612K->617160K(4126208K), [Metaspace: 4631K->4631K(1056768K)], 2.4570807 secs] [Times: user=2.45 sys=0.00, real=2.46 secs] 
471.889: [GC (Allocation Failure) 471.889: [ParNew: 545344K->1501K(613440K), 0.0280484 secs] 1162504K->618661K(4126208K), 0.0281121 secs] [Times: user=0.09 sys=0.01, real=0.03 secs] 
481.030: [GC (Allocation Failure) 481.030: [ParNew: 546845K->1929K(613440K), 0.0265330 secs] 1164005K->620122K(4126208K), 0.0266912 secs] [Times: user=0.10 sys=0.00, real=0.03 secs] 
489.409: [GC (Allocation Failure) 489.409: [ParNew: 547273K->2535K(613440K), 0.0314106 secs] 1165466K->622208K(4126208K), 0.0315823 secs] [Times: user=0.13 sys=0.00, real=0.04 secs] 
498.079: [GC (Allocation Failure) 498.079: [ParNew: 547879K->1592K(613440K), 0.0279379 secs] 1167552K->622608K(4126208K), 0.0280060 secs] [Times: user=0.09 sys=0.00, real=0.02 secs] 
506.517: [GC (Allocation Failure) 506.517: [ParNew: 546936K->1531K(613440K), 0.0283598 secs] 1167952K->623744K(4126208K), 0.0284234 secs] [Times: user=0.10 sys=0.00, real=0.03 secs] 
515.134: [GC (Allocation Failure) 515.134: [ParNew: 546875K->1350K(613440K), 0.0325344 secs] 1169088K->624410K(4126208K), 0.0326004 secs] [Times: user=0.16 sys=0.00, real=0.03 secs] 
523.722: [GC (Allocation Failure) 523.722: [ParNew: 546694K->1247K(613440K), 0.0264409 secs] 1169754K->625190K(4126208K), 0.0265140 secs] [Times: user=0.10 sys=0.00, real=0.02 secs] 
526.689: [Full GC (System.gc()) 526.689: [CMS: 623942K->617891K(3512768K), 2.2299854 secs] 821585K->617891K(4126208K), [Metaspace: 4631K->4631K(1056768K)], 2.2313694 secs] [Times: user=2.24 sys=0.00, real=2.24 secs] 
537.451: [GC (Allocation Failure) 537.451: [ParNew: 545344K->1391K(613440K), 0.0228113 secs] 1163235K->619282K(4126208K), 0.0228113 secs] [Times: user=0.09 sys=0.00, real=0.02 secs] 
546.210: [GC (Allocation Failure) 546.210: [ParNew: 546735K->1063K(613440K), 0.0252121 secs] 1164626K->619726K(4126208K), 0.0252121 secs] [Times: user=0.09 sys=0.00, real=0.03 secs] 
555.022: [GC (Allocation Failure) 555.022: [ParNew: 546407K->1277K(613440K), 0.0297961 secs] 1165070K->620811K(4126208K), 0.0298599 secs] [Times: user=0.09 sys=0.00, real=0.03 secs] 
563.448: [GC (Allocation Failure) 563.448: [ParNew: 546621K->1388K(613440K), 0.0268627 secs] 1166155K->621771K(4126208K), 0.0269370 secs] [Times: user=0.09 sys=0.00, real=0.03 secs] 
572.266: [GC (Allocation Failure) 572.266: [ParNew: 546732K->1342K(613440K), 0.0321548 secs] 1167115K->622550K(4126208K), 0.0321548 secs] [Times: user=0.12 sys=0.00, real=0.03 secs] 
581.080: [GC (Allocation Failure) 581.080: [ParNew: 546686K->1501K(613440K), 0.0226602 secs] 1167894K->623633K(4126208K), 0.0226602 secs] [Times: user=0.09 sys=0.00, real=0.02 secs] 
589.551: [GC (Allocation Failure) 589.551: [ParNew: 546845K->1291K(613440K), 0.0327097 secs] 1168977K->624395K(4126208K), 0.0327097 secs] [Times: user=0.08 sys=0.01, real=0.03 secs] 
598.160: [GC (Allocation Failure) 598.160: [ParNew: 546635K->1718K(613440K), 0.0344637 secs] 1169739K->625715K(4126208K), 0.0344637 secs] [Times: user=0.12 sys=0.00, real=0.03 secs] 
607.128: [GC (Allocation Failure) 607.128: [ParNew: 547062K->1345K(613440K), 0.0241413 secs] 1171059K->626324K(4126208K), 0.0242088 secs] [Times: user=0.10 sys=0.00, real=0.03 secs] 
609.758: [Full GC (System.gc()) 609.759: [CMS: 624978K->619323K(3512768K), 2.1625802 secs] 789986K->619323K(4126208K), [Metaspace: 4631K->4631K(1056768K)], 2.1639635 secs] [Times: user=2.17 sys=0.00, real=2.17 secs] 
620.474: [GC (Allocation Failure) 620.475: [ParNew: 545344K->1290K(613440K), 0.0283013 secs] 1164667K->620613K(4126208K), 0.0284468 secs] [Times: user=0.07 sys=0.00, real=0.03 secs] 
628.948: [GC (Allocation Failure) 628.948: [ParNew: 546634K->1430K(613440K), 0.0181673 secs] 1165957K->621604K(4126208K), 0.0181673 secs] [Times: user=0.08 sys=0.01, real=0.02 secs] 
637.640: [GC (Allocation Failure) 637.640: [ParNew: 546774K->1335K(613440K), 0.0328740 secs] 1166948K->622431K(4126208K), 0.0329357 secs] [Times: user=0.13 sys=0.00, real=0.03 secs] 
646.779: [GC (Allocation Failure) 646.779: [ParNew: 546679K->1252K(613440K), 0.0432475 secs] 1167775K->623167K(4126208K), 0.0433776 secs] [Times: user=0.17 sys=0.00, real=0.04 secs] 
656.601: [GC (Allocation Failure) 656.601: [ParNew: 546596K->1599K(613440K), 0.0245627 secs] 1168511K->624493K(4126208K), 0.0246334 secs] [Times: user=0.08 sys=0.00, real=0.02 secs] 
667.041: [GC (Allocation Failure) 667.041: [ParNew: 546943K->1660K(613440K), 0.0308021 secs] 1169837K->625702K(4126208K), 0.0309306 secs] [Times: user=0.10 sys=0.00, real=0.03 secs] 
677.603: [GC (Allocation Failure) 677.603: [ParNew: 547004K->1874K(613440K), 0.0257220 secs] 1171046K->626999K(4126208K), 0.0257888 secs] [Times: user=0.09 sys=0.00, real=0.02 secs] 
688.272: [GC (Allocation Failure) 688.272: [ParNew: 547218K->1527K(613440K), 0.0256839 secs] 1172343K->627717K(4126208K), 0.0256839 secs] [Times: user=0.09 sys=0.01, real=0.02 secs] 
691.636: [Full GC (System.gc()) 691.637: [CMS: 626190K->620183K(3512768K), 2.4300702 secs] 791380K->620183K(4126208K), [Metaspace: 4631K->4631K(1056768K)], 2.4326487 secs] [Times: user=2.43 sys=0.01, real=2.43 secs] 
704.394: [GC (Allocation Failure) 704.394: [ParNew: 545344K->1751K(613440K), 0.0291918 secs] 1165527K->621935K(4126208K), 0.0292651 secs] [Times: user=0.13 sys=0.00, real=0.03 secs] 
714.772: [GC (Allocation Failure) 714.772: [ParNew: 547095K->1948K(613440K), 0.0234158 secs] 1167279K->623201K(4126208K), 0.0234854 secs] [Times: user=0.09 sys=0.01, real=0.02 secs] 
725.074: [GC (Allocation Failure) 725.074: [ParNew: 547292K->1736K(613440K), 0.0202202 secs] 1168545K->624137K(4126208K), 0.0202202 secs] [Times: user=0.08 sys=0.00, real=0.02 secs] 
735.626: [GC (Allocation Failure) 735.626: [ParNew: 547080K->1623K(613440K), 0.0366608 secs] 1169481K->625114K(4126208K), 0.0366608 secs] [Times: user=0.13 sys=0.00, real=0.04 secs] 
746.376: [GC (Allocation Failure) 746.376: [ParNew: 546967K->1885K(613440K), 0.0274251 secs] 1170458K->626472K(4126208K), 0.0275775 secs] [Times: user=0.10 sys=0.00, real=0.03 secs] 
755.565: [GC (Allocation Failure) 755.565: [ParNew: 547229K->1475K(613440K), 0.0221984 secs] 1171816K->627267K(4126208K), 0.0222637 secs] [Times: user=0.07 sys=0.00, real=0.02 secs] 
764.630: [GC (Allocation Failure) 764.630: [ParNew: 546819K->1630K(613440K), 0.0289317 secs] 1172611K->628343K(4126208K), 0.0289317 secs] [Times: user=0.13 sys=0.00, real=0.03 secs] 
773.717: [GC (Allocation Failure) 773.717: [ParNew: 546974K->1398K(613440K), 0.0248953 secs] 1173687K->629008K(4126208K), 0.0249753 secs] [Times: user=0.09 sys=0.01, real=0.03 secs] 
776.065: [Full GC (System.gc()) 776.065: [CMS: 627610K->620803K(3512768K), 2.2469955 secs] 759939K->620803K(4126208K), [Metaspace: 4631K->4631K(1056768K)], 2.2482042 secs] [Times: user=2.26 sys=0.00, real=2.25 secs] 
787.142: [GC (Allocation Failure) 787.142: [ParNew: 545344K->1571K(613440K), 0.0227790 secs] 1166147K->622374K(4126208K), 0.0228646 secs] [Times: user=0.08 sys=0.00, real=0.02 secs] 
795.832: [GC (Allocation Failure) 795.832: [ParNew: 546915K->1154K(613440K), 0.0277256 secs] 1167718K->622857K(4126208K), 0.0278086 secs] [Times: user=0.08 sys=0.01, real=0.03 secs] 
804.556: [GC (Allocation Failure) 804.556: [ParNew: 546498K->1180K(613440K), 0.0338000 secs] 1168201K->623761K(4126208K), 0.0338881 secs] [Times: user=0.12 sys=0.00, real=0.03 secs] 
813.252: [GC (Allocation Failure) 813.252: [ParNew: 546524K->1448K(613440K), 0.0291806 secs] 1169105K->624859K(4126208K), 0.0292581 secs] [Times: user=0.09 sys=0.01, real=0.03 secs] 
822.148: [GC (Allocation Failure) 822.148: [ParNew: 546792K->1179K(613440K), 0.0281482 secs] 1170203K->625424K(4126208K), 0.0283202 secs] [Times: user=0.08 sys=0.00, real=0.03 secs] 
830.746: [GC (Allocation Failure) 830.746: [ParNew: 546523K->1276K(613440K), 0.0310744 secs] 1170768K->626363K(4126208K), 0.0315085 secs] [Times: user=0.12 sys=0.00, real=0.03 secs] 
839.696: [GC (Allocation Failure) 839.696: [ParNew: 546620K->1150K(613440K), 0.0280752 secs] 1171707K->627113K(4126208K), 0.0281623 secs] [Times: user=0.08 sys=0.00, real=0.03 secs] 
848.493: [GC (Allocation Failure) 848.493: [ParNew: 546494K->1369K(613440K), 0.0259108 secs] 1172457K->628168K(4126208K), 0.0259891 secs] [Times: user=0.09 sys=0.00, real=0.02 secs] 
857.490: [GC (Allocation Failure) 857.490: [ParNew: 546713K->1582K(613440K), 0.0311899 secs] 1173512K->629218K(4126208K), 0.0311899 secs] [Times: user=0.11 sys=0.00, real=0.04 secs] 
866.663: [GC (Allocation Failure) 866.663: [ParNew: 546926K->1152K(613440K), 0.0257002 secs] 1174562K->629659K(4126208K), 0.0257002 secs] [Times: user=0.08 sys=0.00, real=0.02 secs] 
869.105: [Full GC (System.gc()) 869.105: [CMS: 628507K->621269K(3512768K), 2.2075939 secs] 760590K->621269K(4126208K), [Metaspace: 4631K->4631K(1056768K)], 2.2088421 secs] [Times: user=2.21 sys=0.00, real=2.21 secs] 
879.802: [GC (Allocation Failure) 879.802: [ParNew: 545344K->1433K(613440K), 0.0266129 secs] 1166613K->622703K(4126208K), 0.0266129 secs] [Times: user=0.07 sys=0.01, real=0.02 secs] 
888.402: [GC (Allocation Failure) 888.402: [ParNew: 546777K->1151K(613440K), 0.0282119 secs] 1168047K->623289K(4126208K), 0.0282820 secs] [Times: user=0.12 sys=0.00, real=0.02 secs] 
897.244: [GC (Allocation Failure) 897.244: [ParNew: 546495K->1247K(613440K), 0.0251697 secs] 1168633K->624231K(4126208K), 0.0252319 secs] [Times: user=0.07 sys=0.00, real=0.02 secs] 
906.256: [GC (Allocation Failure) 906.256: [ParNew: 546591K->1291K(613440K), 0.0326953 secs] 1169575K->625156K(4126208K), 0.0327569 secs] [Times: user=0.08 sys=0.00, real=0.03 secs] 
914.789: [GC (Allocation Failure) 914.789: [ParNew: 546635K->1343K(613440K), 0.0346845 secs] 1170500K->626132K(4126208K), 0.0347676 secs] [Times: user=0.12 sys=0.00, real=0.04 secs] 
923.350: [GC (Allocation Failure) 923.350: [ParNew: 546687K->1077K(613440K), 0.0260616 secs] 1171476K->626627K(4126208K), 0.0262173 secs] [Times: user=0.11 sys=0.01, real=0.03 secs] 
931.941: [GC (Allocation Failure) 931.941: [ParNew: 546421K->1320K(613440K), 0.0269586 secs] 1171971K->627706K(4126208K), 0.0270282 secs] [Times: user=0.09 sys=0.00, real=0.02 secs] 
940.680: [GC (Allocation Failure) 940.680: [ParNew: 546664K->1369K(613440K), 0.0310676 secs] 1173050K->628634K(4126208K), 0.0310676 secs] [Times: user=0.11 sys=0.00, real=0.03 secs] 
949.022: [GC (Allocation Failure) 949.022: [ParNew: 546713K->1267K(613440K), 0.0300187 secs] 1173978K->629366K(4126208K), 0.0301753 secs] [Times: user=0.14 sys=0.00, real=0.03 secs] 
957.755: [GC (Allocation Failure) 957.755: [ParNew: 546611K->1334K(613440K), 0.0299601 secs] 1174710K->630236K(4126208K), 0.0301789 secs] [Times: user=0.11 sys=0.00, real=0.03 secs] 
965.705: [Full GC (System.gc()) 965.705: [CMS: 628901K->621788K(3512768K), 2.2437137 secs] 1121225K->621788K(4126208K), [Metaspace: 4631K->4631K(1056768K)], 2.2450241 secs] [Times: user=2.24 sys=0.01, real=2.24 secs] 
976.039: [GC (Allocation Failure) 976.039: [ParNew: 545344K->1313K(613440K), 0.0243969 secs] 1167132K->623102K(4126208K), 0.0243969 secs] [Times: user=0.07 sys=0.00, real=0.03 secs] 
984.507: [GC (Allocation Failure) 984.507: [ParNew: 546657K->1355K(613440K), 0.0296278 secs] 1168446K->623971K(4126208K), 0.0297639 secs] [Times: user=0.09 sys=0.01, real=0.03 secs] 
992.710: [GC (Allocation Failure) 992.710: [ParNew: 546699K->1648K(613440K), 0.0306554 secs] 1169315K->625173K(4126208K), 0.0308160 secs] [Times: user=0.11 sys=0.00, real=0.04 secs] 
1001.148: [GC (Allocation Failure) 1001.148: [ParNew: 546992K->1177K(613440K), 0.0299842 secs] 1170517K->625503K(4126208K), 0.0301390 secs] [Times: user=0.11 sys=0.00, real=0.03 secs] 
1009.977: [GC (Allocation Failure) 1009.977: [ParNew: 546521K->1127K(613440K), 0.0307541 secs] 1170847K->626270K(4126208K), 0.0308836 secs] [Times: user=0.12 sys=0.00, real=0.03 secs] 
1018.494: [GC (Allocation Failure) 1018.494: [ParNew: 546471K->1559K(613440K), 0.0279746 secs] 1171614K->627549K(4126208K), 0.0281431 secs] [Times: user=0.11 sys=0.00, real=0.03 secs] 
1027.094: [GC (Allocation Failure) 1027.094: [ParNew: 546903K->1023K(613440K), 0.0341683 secs] 1172893K->627811K(4126208K), 0.0342755 secs] [Times: user=0.12 sys=0.00, real=0.03 secs] 
1036.868: [GC (Allocation Failure) 1036.869: [ParNew: 546367K->1615K(613440K), 0.0228363 secs] 1173155K->629183K(4126208K), 0.0229108 secs] [Times: user=0.09 sys=0.00, real=0.03 secs] 
1047.312: [GC (Allocation Failure) 1047.312: [ParNew: 546959K->2004K(613440K), 0.0248666 secs] 1174527K->630662K(4126208K), 0.0250192 secs] [Times: user=0.09 sys=0.00, real=0.02 secs] 
1056.922: [Full GC (System.gc()) 1056.922: [CMS: 628658K->622238K(3512768K), 2.2992089 secs] 1110679K->622238K(4126208K), [Metaspace: 4631K->4631K(1056768K)], 2.3006014 secs] [Times: user=2.30 sys=0.00, real=2.30 secs] 
1069.756: [GC (Allocation Failure) 1069.756: [ParNew: 545344K->2419K(613440K), 0.0270867 secs] 1167582K->624658K(4126208K), 0.0271705 secs] [Times: user=0.10 sys=0.00, real=0.03 secs] 
1080.577: [GC (Allocation Failure) 1080.577: [ParNew: 547763K->1821K(613440K), 0.0318556 secs] 1170002K->625506K(4126208K), 0.0318556 secs] [Times: user=0.13 sys=0.00, real=0.03 secs] 
1091.163: [GC (Allocation Failure) 1091.163: [ParNew: 547165K->2087K(613440K), 0.0323620 secs] 1170850K->627167K(4126208K), 0.0323620 secs] [Times: user=0.12 sys=0.00, real=0.03 secs] 
1101.157: [GC (Allocation Failure) 1101.157: [ParNew: 547431K->2009K(613440K), 0.0292545 secs] 1172511K->628463K(4126208K), 0.0293176 secs] [Times: user=0.09 sys=0.00, real=0.03 secs] 
1110.622: [GC (Allocation Failure) 1110.622: [ParNew: 547353K->1497K(613440K), 0.0337974 secs] 1173807K->629039K(4126208K), 0.0337974 secs] [Times: user=0.11 sys=0.00, real=0.03 secs] 
1119.638: [GC (Allocation Failure) 1119.638: [ParNew: 546841K->1493K(613440K), 0.0338709 secs] 1174383K->630027K(4126208K), 0.0339580 secs] [Times: user=0.13 sys=0.01, real=0.04 secs] 
1128.573: [GC (Allocation Failure) 1128.573: [ParNew: 546837K->1570K(613440K), 0.0228825 secs] 1175371K->631005K(4126208K), 0.0229764 secs] [Times: user=0.09 sys=0.00, real=0.02 secs] 
1137.709: [GC (Allocation Failure) 1137.709: [ParNew: 546914K->1095K(613440K), 0.0319795 secs] 1176349K->631381K(4126208K), 0.0320497 secs] [Times: user=0.12 sys=0.00, real=0.04 secs] 
1147.031: [GC (Allocation Failure) 1147.031: [ParNew: 546439K->1386K(613440K), 0.0218877 secs] 1176725K->632534K(4126208K), 0.0218877 secs] [Times: user=0.09 sys=0.00, real=0.03 secs] 
1150.469: [Full GC (System.gc()) 1150.469: [CMS: 631148K->622767K(3512768K), 2.2255519 secs] 828889K->622767K(4126208K), [Metaspace: 4631K->4631K(1056768K)], 2.2287282 secs] [Times: user=2.23 sys=0.00, real=2.23 secs] 
1161.431: [GC (Allocation Failure) 1161.431: [ParNew: 545344K->1481K(613440K), 0.0222990 secs] 1168111K->624249K(4126208K), 0.0223682 secs] [Times: user=0.07 sys=0.00, real=0.03 secs] 
1170.278: [GC (Allocation Failure) 1170.278: [ParNew: 546825K->1137K(613440K), 0.0268480 secs] 1169593K->624781K(4126208K), 0.0270038 secs] [Times: user=0.08 sys=0.00, real=0.03 secs] 
1179.225: [GC (Allocation Failure) 1179.225: [ParNew: 546481K->1474K(613440K), 0.0205301 secs] 1170125K->625984K(4126208K), 0.0205301 secs] [Times: user=0.09 sys=0.00, real=0.02 secs] 
1188.154: [GC (Allocation Failure) 1188.154: [ParNew: 546818K->1172K(613440K), 0.0201667 secs] 1171328K->626536K(4126208K), 0.0202473 secs] [Times: user=0.08 sys=0.00, real=0.02 secs] 
1197.157: [GC (Allocation Failure) 1197.157: [ParNew: 546516K->1572K(613440K), 0.0196243 secs] 1171880K->627809K(4126208K), 0.0197970 secs] [Times: user=0.09 sys=0.00, real=0.02 secs] 
1206.290: [GC (Allocation Failure) 1206.291: [ParNew: 546916K->1295K(613440K), 0.0233215 secs] 1173153K->628393K(4126208K), 0.0235462 secs] [Times: user=0.08 sys=0.00, real=0.03 secs] 
1215.091: [GC (Allocation Failure) 1215.091: [ParNew: 546639K->1577K(613440K), 0.0231926 secs] 1173737K->629545K(4126208K), 0.0233927 secs] [Times: user=0.09 sys=0.00, real=0.02 secs] 
1224.068: [GC (Allocation Failure) 1224.068: [ParNew: 546921K->1291K(613440K), 0.0222650 secs] 1174889K->630174K(4126208K), 0.0223419 secs] [Times: user=0.09 sys=0.00, real=0.02 secs] 
1233.300: [GC (Allocation Failure) 1233.300: [ParNew: 546635K->1487K(613440K), 0.0220950 secs] 1175518K->631235K(4126208K), 0.0221801 secs] [Times: user=0.08 sys=0.00, real=0.02 secs] 
1242.945: [GC (Allocation Failure) 1242.945: [ParNew: 546831K->1578K(613440K), 0.0294498 secs] 1176579K->632196K(4126208K), 0.0294498 secs] [Times: user=0.10 sys=0.00, real=0.03 secs] 
1252.229: [GC (Allocation Failure) 1252.229: [ParNew: 546922K->1649K(613440K), 0.0222009 secs] 1177540K->633512K(4126208K), 0.0223707 secs] [Times: user=0.09 sys=0.00, real=0.03 secs] 
1261.666: [Full GC (System.gc()) 1261.666: [CMS: 631862K->623310K(3512768K), 2.2883089 secs] 1178856K->623310K(4126208K), [Metaspace: 4631K->4631K(1056768K)], 2.2896348 secs] [Times: user=2.29 sys=0.00, real=2.29 secs] 
1272.342: [GC (Allocation Failure) 1272.342: [ParNew: 545344K->1237K(613440K), 0.0196137 secs] 1168654K->624547K(4126208K), 0.0198306 secs] [Times: user=0.09 sys=0.00, real=0.02 secs] 
1280.640: [GC (Allocation Failure) 1280.640: [ParNew: 546581K->974K(613440K), 0.0271199 secs] 1169891K->625140K(4126208K), 0.0272082 secs] [Times: user=0.10 sys=0.00, real=0.02 secs] 
1289.119: [GC (Allocation Failure) 1289.119: [ParNew: 546318K->1239K(613440K), 0.0286562 secs] 1170484K->626247K(4126208K), 0.0287398 secs] [Times: user=0.11 sys=0.01, real=0.02 secs] 
1297.703: [GC (Allocation Failure) 1297.703: [ParNew: 546583K->1154K(613440K), 0.0451370 secs] 1171591K->627002K(4126208K), 0.0452142 secs] [Times: user=0.17 sys=0.00, real=0.04 secs] 
1306.668: [GC (Allocation Failure) 1306.668: [ParNew: 546498K->1411K(613440K), 0.0232876 secs] 1172346K->628128K(4126208K), 0.0233665 secs] [Times: user=0.09 sys=0.00, real=0.03 secs] 
1315.573: [GC (Allocation Failure) 1315.573: [ParNew: 546755K->1312K(613440K), 0.0275107 secs] 1173472K->629003K(4126208K), 0.0275889 secs] [Times: user=0.11 sys=0.00, real=0.03 secs] 
1324.993: [GC (Allocation Failure) 1324.993: [ParNew: 546656K->1554K(613440K), 0.0306106 secs] 1174347K->630093K(4126208K), 0.0306106 secs] [Times: user=0.16 sys=0.01, real=0.03 secs] 
1334.806: [GC (Allocation Failure) 1334.806: [ParNew: 546898K->1307K(613440K), 0.0228778 secs] 1175437K->630749K(4126208K), 0.0228778 secs] [Times: user=0.09 sys=0.00, real=0.02 secs] 
1343.964: [GC (Allocation Failure) 1343.964: [ParNew: 546651K->1493K(613440K), 0.0227849 secs] 1176093K->631889K(4126208K), 0.0227849 secs] [Times: user=0.10 sys=0.00, real=0.02 secs] 
1353.097: [GC (Allocation Failure) 1353.097: [ParNew: 546837K->1540K(613440K), 0.0196508 secs] 1177233K->632909K(4126208K), 0.0197216 secs] [Times: user=0.08 sys=0.00, real=0.02 secs] 
1363.171: [GC (Allocation Failure) 1363.171: [ParNew: 546884K->1208K(613440K), 0.0398364 secs] 1178253K->633412K(4126208K), 0.0399249 secs] [Times: user=0.16 sys=0.01, real=0.04 secs] 
1372.615: [GC (Allocation Failure) 1372.615: [ParNew: 546552K->1383K(613440K), 0.0285535 secs] 1178756K->634532K(4126208K), 0.0286267 secs] [Times: user=0.09 sys=0.00, real=0.03 secs] 
1379.384: [Full GC (System.gc()) 1379.384: [CMS: 633149K->624004K(3512768K), 2.2341700 secs] 1027240K->624004K(4126208K), [Metaspace: 4631K->4631K(1056768K)], 2.2355800 secs] [Times: user=2.23 sys=0.00, real=2.24 secs] 
1390.465: [GC (Allocation Failure) 1390.465: [ParNew: 545344K->1505K(613440K), 0.0219994 secs] 1169348K->625509K(4126208K), 0.0220022 secs] [Times: user=0.09 sys=0.01, real=0.02 secs] 
1399.313: [GC (Allocation Failure) 1399.313: [ParNew: 546849K->1494K(613440K), 0.0252818 secs] 1170853K->626449K(4126208K), 0.0252818 secs] [Times: user=0.08 sys=0.00, real=0.02 secs] 
1407.996: [GC (Allocation Failure) 1407.996: [ParNew: 546838K->1252K(613440K), 0.0225551 secs] 1171793K->627115K(4126208K), 0.0227274 secs] [Times: user=0.08 sys=0.00, real=0.02 secs] 
1416.966: [GC (Allocation Failure) 1416.966: [ParNew: 546596K->1314K(613440K), 0.0270438 secs] 1172459K->628035K(4126208K), 0.0271230 secs] [Times: user=0.09 sys=0.00, real=0.03 secs] 
1425.794: [GC (Allocation Failure) 1425.794: [ParNew: 546658K->1341K(613440K), 0.0232802 secs] 1173379K->628959K(4126208K), 0.0233566 secs] [Times: user=0.10 sys=0.00, real=0.02 secs] 
1434.554: [GC (Allocation Failure) 1434.554: [ParNew: 546685K->1560K(613440K), 0.0201110 secs] 1174303K->630069K(4126208K), 0.0202733 secs] [Times: user=0.10 sys=0.00, real=0.02 secs] 
1443.685: [GC (Allocation Failure) 1443.685: [ParNew: 546904K->1323K(613440K), 0.0252519 secs] 1175413K->630715K(4126208K), 0.0252519 secs] [Times: user=0.10 sys=0.00, real=0.02 secs] 
1452.887: [GC (Allocation Failure) 1452.887: [ParNew: 546667K->1456K(613440K), 0.0238223 secs] 1176059K->631727K(4126208K), 0.0238223 secs] [Times: user=0.09 sys=0.00, real=0.02 secs] 
1461.791: [GC (Allocation Failure) 1461.791: [ParNew: 546800K->1573K(613440K), 0.0256884 secs] 1177071K->632815K(4126208K), 0.0257589 secs] [Times: user=0.09 sys=0.02, real=0.03 secs] 
1470.973: [GC (Allocation Failure) 1470.974: [ParNew: 546917K->1305K(613440K), 0.0208780 secs] 1178159K->633405K(4126208K), 0.0209983 secs] [Times: user=0.09 sys=0.00, real=0.02 secs] 
1480.497: [GC (Allocation Failure) 1480.497: [ParNew: 546649K->1386K(613440K), 0.0220153 secs] 1178749K->634349K(4126208K), 0.0220804 secs] [Times: user=0.08 sys=0.00, real=0.03 secs] 
1489.442: [GC (Allocation Failure) 1489.442: [ParNew: 546730K->1315K(613440K), 0.0258860 secs] 1179693K->635184K(4126208K), 0.0259697 secs] [Times: user=0.10 sys=0.00, real=0.02 secs] 
1498.422: [Full GC (System.gc()) 1498.422: [CMS: 633869K->624462K(3512768K), 2.2974331 secs] 1147859K->624462K(4126208K), [Metaspace: 4631K->4631K(1056768K)], 2.2988261 secs] [Times: user=2.30 sys=0.00, real=2.30 secs] 
1509.781: [GC (Allocation Failure) 1509.781: [ParNew: 545344K->1312K(613440K), 0.0232982 secs] 1169806K->625775K(4126208K), 0.0234683 secs] [Times: user=0.09 sys=0.01, real=0.02 secs] 
1518.825: [GC (Allocation Failure) 1518.825: [ParNew: 546656K->1439K(613440K), 0.0253242 secs] 1171119K->626811K(4126208K), 0.0254143 secs] [Times: user=0.11 sys=0.00, real=0.02 secs] 
1528.099: [GC (Allocation Failure) 1528.099: [ParNew: 546783K->1570K(613440K), 0.0223997 secs] 1172155K->627836K(4126208K), 0.0225592 secs] [Times: user=0.08 sys=0.00, real=0.03 secs] 
1537.364: [GC (Allocation Failure) 1537.365: [ParNew: 546914K->1303K(613440K), 0.0240022 secs] 1173180K->628433K(4126208K), 0.0241396 secs] [Times: user=0.09 sys=0.00, real=0.02 secs] 
1546.156: [GC (Allocation Failure) 1546.156: [ParNew: 546647K->1625K(613440K), 0.0214809 secs] 1173777K->629647K(4126208K), 0.0215690 secs] [Times: user=0.08 sys=0.00, real=0.02 secs] 
1555.280: [GC (Allocation Failure) 1555.280: [ParNew: 546969K->1197K(613440K), 0.0306444 secs] 1174991K->630093K(4126208K), 0.0307340 secs] [Times: user=0.12 sys=0.00, real=0.02 secs] 
1565.846: [GC (Allocation Failure) 1565.846: [ParNew: 546541K->1371K(613440K), 0.0209331 secs] 1175437K->631133K(4126208K), 0.0209331 secs] [Times: user=0.08 sys=0.01, real=0.02 secs] 
1576.740: [GC (Allocation Failure) 1576.740: [ParNew: 546715K->1805K(613440K), 0.0221317 secs] 1176477K->632579K(4126208K), 0.0222100 secs] [Times: user=0.08 sys=0.00, real=0.02 secs] 
1586.951: [GC (Allocation Failure) 1586.951: [ParNew: 547149K->2038K(613440K), 0.0289375 secs] 1177923K->634041K(4126208K), 0.0290157 secs] [Times: user=0.10 sys=0.01, real=0.03 secs] 
1597.420: [GC (Allocation Failure) 1597.421: [ParNew: 547382K->1499K(613440K), 0.0189582 secs] 1179385K->634599K(4126208K), 0.0190651 secs] [Times: user=0.08 sys=0.00, real=0.02 secs] 
1608.038: [GC (Allocation Failure) 1608.038: [ParNew: 546843K->1902K(613440K), 0.0202897 secs] 1179943K->636205K(4126208K), 0.0203750 secs] [Times: user=0.09 sys=0.00, real=0.02 secs] 
1613.944: [Full GC (System.gc()) 1613.944: [CMS: 634302K->624996K(3512768K), 2.2983751 secs] 930710K->624996K(4126208K), [Metaspace: 4631K->4631K(1056768K)], 2.2997968 secs] [Times: user=2.30 sys=0.00, real=2.30 secs] 
1626.553: [GC (Allocation Failure) 1626.554: [ParNew: 545344K->2249K(613440K), 0.0233387 secs] 1170340K->627245K(4126208K), 0.0234313 secs] [Times: user=0.09 sys=0.00, real=0.02 secs] 
1634.923: [GC (Allocation Failure) 1634.923: [ParNew: 547593K->2548K(613440K), 0.0320848 secs] 1172589K->628775K(4126208K), 0.0321497 secs] [Times: user=0.13 sys=0.00, real=0.03 secs] 
1642.501: [GC (Allocation Failure) 1642.501: [ParNew: 547892K->2853K(613440K), 0.0242804 secs] 1174119K->630985K(4126208K), 0.0242804 secs] [Times: user=0.09 sys=0.00, real=0.02 secs] 
1649.878: [GC (Allocation Failure) 1649.878: [ParNew: 548197K->2042K(613440K), 0.0213050 secs] 1176329K->631782K(4126208K), 0.0213696 secs] [Times: user=0.10 sys=0.00, real=0.03 secs] 
1657.212: [GC (Allocation Failure) 1657.212: [ParNew: 547386K->2392K(613440K), 0.0210335 secs] 1177126K->633442K(4126208K), 0.0211989 secs] [Times: user=0.10 sys=0.00, real=0.02 secs] 
1664.719: [GC (Allocation Failure) 1664.719: [ParNew: 547736K->2093K(613440K), 0.0265448 secs] 1178786K->634485K(4126208K), 0.0269087 secs] [Times: user=0.11 sys=0.00, real=0.03 secs] 
1672.300: [GC (Allocation Failure) 1672.300: [ParNew: 547437K->2377K(613440K), 0.0248233 secs] 1179829K->636252K(4126208K), 0.0248233 secs] [Times: user=0.09 sys=0.00, real=0.02 secs] 
1679.981: [GC (Allocation Failure) 1679.981: [ParNew: 547721K->2629K(613440K), 0.0228052 secs] 1181596K->637996K(4126208K), 0.0228705 secs] [Times: user=0.08 sys=0.00, real=0.02 secs] 
1687.673: [GC (Allocation Failure) 1687.674: [ParNew: 547973K->2771K(613440K), 0.0213029 secs] 1183340K->639711K(4126208K), 0.0214378 secs] [Times: user=0.09 sys=0.00, real=0.02 secs] 
1695.347: [GC (Allocation Failure) 1695.347: [ParNew: 548115K->1829K(613440K), 0.0220309 secs] 1185055K->640268K(4126208K), 0.0225626 secs] [Times: user=0.09 sys=0.00, real=0.02 secs] 
1703.119: [GC (Allocation Failure) 1703.119: [ParNew: 547173K->2425K(613440K), 0.0302405 secs] 1185612K->642132K(4126208K), 0.0303209 secs] [Times: user=0.12 sys=0.00, real=0.02 secs] 
1710.838: [GC (Allocation Failure) 1710.838: [ParNew: 547769K->1849K(613440K), 0.0262244 secs] 1187476K->642887K(4126208K), 0.0263863 secs] [Times: user=0.12 sys=0.01, real=0.03 secs] 
1718.681: [GC (Allocation Failure) 1718.681: [ParNew: 547193K->1976K(613440K), 0.0196363 secs] 1188231K->644501K(4126208K), 0.0198037 secs] [Times: user=0.09 sys=0.00, real=0.02 secs] 
1724.107: [Full GC (System.gc()) 1724.107: [CMS: 642524K->626395K(3512768K), 2.5424546 secs] 1004443K->626395K(4126208K), [Metaspace: 4631K->4631K(1056768K)], 2.5436997 secs] [Times: user=2.55 sys=0.01, real=2.54 secs] 
1733.988: [GC (Allocation Failure) 1733.988: [ParNew: 545344K->2012K(613440K), 0.0217195 secs] 1171739K->628408K(4126208K), 0.0218789 secs] [Times: user=0.09 sys=0.00, real=0.02 secs] 
1741.626: [GC (Allocation Failure) 1741.626: [ParNew: 547356K->2273K(613440K), 0.0202874 secs] 1173752K->630089K(4126208K), 0.0204268 secs] [Times: user=0.11 sys=0.00, real=0.02 secs] 
1749.197: [GC (Allocation Failure) 1749.197: [ParNew: 547617K->2440K(613440K), 0.0230763 secs] 1175433K->631775K(4126208K), 0.0230763 secs] [Times: user=0.09 sys=0.00, real=0.03 secs] 
1756.875: [GC (Allocation Failure) 1756.875: [ParNew: 547784K->1911K(613440K), 0.0286173 secs] 1177119K->632628K(4126208K), 0.0286884 secs] [Times: user=0.11 sys=0.00, real=0.03 secs] 
1764.595: [GC (Allocation Failure) 1764.595: [ParNew: 547255K->2135K(613440K), 0.0286010 secs] 1177972K->634289K(4126208K), 0.0287608 secs] [Times: user=0.09 sys=0.00, real=0.03 secs] 
1772.343: [GC (Allocation Failure) 1772.343: [ParNew: 547479K->2607K(613440K), 0.0300456 secs] 1179633K->636133K(4126208K), 0.0302098 secs] [Times: user=0.09 sys=0.00, real=0.03 secs] 
1780.032: [GC (Allocation Failure) 1780.032: [ParNew: 547951K->1728K(613440K), 0.0217892 secs] 1181477K->636764K(4126208K), 0.0218533 secs] [Times: user=0.10 sys=0.00, real=0.02 secs] 
1787.945: [GC (Allocation Failure) 1787.945: [ParNew: 547072K->1983K(613440K), 0.0245902 secs] 1182108K->638453K(4126208K), 0.0247331 secs] [Times: user=0.08 sys=0.00, real=0.02 secs] 
1795.738: [GC (Allocation Failure) 1795.738: [ParNew: 547327K->2428K(613440K), 0.0239945 secs] 1183797K->640413K(4126208K), 0.0241531 secs] [Times: user=0.09 sys=0.00, real=0.03 secs] 
Heap
 par new generation   total 613440K, used 373272K [0x00000006c0000000, 0x00000006e9990000, 0x00000006e9990000)
  eden space 545344K,  68% used [0x00000006c0000000, 0x00000006d6a27018, 0x00000006e1490000)
  from space 68096K,   3% used [0x00000006e5710000, 0x00000006e596f210, 0x00000006e9990000)
  to   space 68096K,   0% used [0x00000006e1490000, 0x00000006e1490000, 0x00000006e5710000)
 concurrent mark-sweep generation total 3512768K, used 637985K [0x00000006e9990000, 0x00000007c0000000, 0x00000007c0000000)
 Metaspace       used 4638K, capacity 5612K, committed 5760K, reserved 1056768K
  class space    used 498K, capacity 552K, committed 640K, reserved 1048576K
